Component: ARM Compiler 5.06 update 6 (build 750) Tool: armlink [4d35ed]

==============================================================================

Section Cross References

    system_stm32f4xx.o(i.SystemCoreClockUpdate) refers to system_stm32f4xx.o(.data) for SystemCoreClock
    system_stm32f4xx.o(i.SystemCoreClockUpdate) refers to system_stm32f4xx.o(.constdata) for AHBPrescTable
    lcd_log.o(i.LCD_LOG_ClearTextZone) refers to stm32f429i_discovery_lcd.o(i.BSP_LCD_ClearStringLine) for BSP_LCD_ClearStringLine
    lcd_log.o(i.LCD_LOG_ClearTextZone) refers to lcd_log.o(i.LCD_LOG_DeInit) for LCD_LOG_DeInit
    lcd_log.o(i.LCD_LOG_DeInit) refers to lcd_log.o(.data) for LCD_LineColor
    lcd_log.o(i.LCD_LOG_Init) refers to lcd_log.o(i.LCD_LOG_DeInit) for LCD_LOG_DeInit
    lcd_log.o(i.LCD_LOG_Init) refers to stm32f429i_discovery_lcd.o(i.BSP_LCD_Clear) for BSP_LCD_Clear
    lcd_log.o(i.LCD_LOG_ScrollBack) refers to lcd_log.o(i.LCD_LOG_UpdateDisplay) for LCD_LOG_UpdateDisplay
    lcd_log.o(i.LCD_LOG_ScrollBack) refers to lcd_log.o(.data) for LCD_ScrollActive
    lcd_log.o(i.LCD_LOG_ScrollForward) refers to lcd_log.o(i.LCD_LOG_UpdateDisplay) for LCD_LOG_UpdateDisplay
    lcd_log.o(i.LCD_LOG_ScrollForward) refers to lcd_log.o(.data) for LCD_ScrollBackStep
    lcd_log.o(i.LCD_LOG_SetFooter) refers to stm32f429i_discovery_lcd.o(i.BSP_LCD_SetFont) for BSP_LCD_SetFont
    lcd_log.o(i.LCD_LOG_SetFooter) refers to stm32f429i_discovery_lcd.o(i.BSP_LCD_SetTextColor) for BSP_LCD_SetTextColor
    lcd_log.o(i.LCD_LOG_SetFooter) refers to stm32f429i_discovery_lcd.o(i.BSP_LCD_GetXSize) for BSP_LCD_GetXSize
    lcd_log.o(i.LCD_LOG_SetFooter) refers to stm32f429i_discovery_lcd.o(i.BSP_LCD_GetYSize) for BSP_LCD_GetYSize
    lcd_log.o(i.LCD_LOG_SetFooter) refers to stm32f429i_discovery_lcd.o(i.BSP_LCD_FillRect) for BSP_LCD_FillRect
    lcd_log.o(i.LCD_LOG_SetFooter) refers to stm32f429i_discovery_lcd.o(i.BSP_LCD_SetBackColor) for BSP_LCD_SetBackColor
    lcd_log.o(i.LCD_LOG_SetFooter) refers to stm32f429i_discovery_lcd.o(i.BSP_LCD_DisplayStringAt) for BSP_LCD_DisplayStringAt
    lcd_log.o(i.LCD_LOG_SetFooter) refers to stm32f429i_discovery_lcd.o(.data) for Font12
    lcd_log.o(i.LCD_LOG_SetHeader) refers to stm32f429i_discovery_lcd.o(i.BSP_LCD_SetFont) for BSP_LCD_SetFont
    lcd_log.o(i.LCD_LOG_SetHeader) refers to stm32f429i_discovery_lcd.o(i.BSP_LCD_SetTextColor) for BSP_LCD_SetTextColor
    lcd_log.o(i.LCD_LOG_SetHeader) refers to stm32f429i_discovery_lcd.o(i.BSP_LCD_GetXSize) for BSP_LCD_GetXSize
    lcd_log.o(i.LCD_LOG_SetHeader) refers to stm32f429i_discovery_lcd.o(i.BSP_LCD_FillRect) for BSP_LCD_FillRect
    lcd_log.o(i.LCD_LOG_SetHeader) refers to stm32f429i_discovery_lcd.o(i.BSP_LCD_SetBackColor) for BSP_LCD_SetBackColor
    lcd_log.o(i.LCD_LOG_SetHeader) refers to stm32f429i_discovery_lcd.o(i.BSP_LCD_DisplayStringAt) for BSP_LCD_DisplayStringAt
    lcd_log.o(i.LCD_LOG_SetHeader) refers to stm32f429i_discovery_lcd.o(.data) for Font24
    lcd_log.o(i.LCD_LOG_UpdateDisplay) refers to stm32f429i_discovery_lcd.o(i.BSP_LCD_SetTextColor) for BSP_LCD_SetTextColor
    lcd_log.o(i.LCD_LOG_UpdateDisplay) refers to stm32f429i_discovery_lcd.o(i.BSP_LCD_DisplayStringAtLine) for BSP_LCD_DisplayStringAtLine
    lcd_log.o(i.LCD_LOG_UpdateDisplay) refers to lcd_log.o(.data) for LCD_CacheBuffer_yptr_bottom
    lcd_log.o(i.LCD_LOG_UpdateDisplay) refers to lcd_log.o(.bss) for LCD_CacheBuffer
    lcd_log.o(i.fputc) refers to stm32f429i_discovery_lcd.o(i.BSP_LCD_GetFont) for BSP_LCD_GetFont
    lcd_log.o(i.fputc) refers to stm32f429i_discovery_lcd.o(i.BSP_LCD_GetXSize) for BSP_LCD_GetXSize
    lcd_log.o(i.fputc) refers to lcd_log.o(i.LCD_LOG_UpdateDisplay) for LCD_LOG_UpdateDisplay
    lcd_log.o(i.fputc) refers to lcd_log.o(.data) for LCD_Lock
    lcd_log.o(i.fputc) refers to lcd_log.o(.bss) for LCD_CacheBuffer
    lcd.o(i.LCD_SetHint) refers to stm32f429i_discovery_lcd.o(i.BSP_LCD_Clear) for BSP_LCD_Clear
    lcd.o(i.LCD_SetHint) refers to stm32f429i_discovery_lcd.o(i.BSP_LCD_SetTextColor) for BSP_LCD_SetTextColor
    lcd.o(i.LCD_SetHint) refers to stm32f429i_discovery_lcd.o(i.BSP_LCD_GetXSize) for BSP_LCD_GetXSize
    lcd.o(i.LCD_SetHint) refers to stm32f429i_discovery_lcd.o(i.BSP_LCD_FillRect) for BSP_LCD_FillRect
    lcd.o(i.LCD_SetHint) refers to stm32f429i_discovery_lcd.o(i.BSP_LCD_SetBackColor) for BSP_LCD_SetBackColor
    lcd.o(i.LCD_SetHint) refers to stm32f429i_discovery_lcd.o(i.BSP_LCD_SetFont) for BSP_LCD_SetFont
    lcd.o(i.LCD_SetHint) refers to stm32f429i_discovery_lcd.o(i.BSP_LCD_DisplayStringAt) for BSP_LCD_DisplayStringAt
    lcd.o(i.LCD_SetHint) refers to stm32f429i_discovery_lcd.o(i.BSP_LCD_GetYSize) for BSP_LCD_GetYSize
    lcd.o(i.LCD_SetHint) refers to stm32f429i_discovery_lcd.o(i.BSP_LCD_DrawRect) for BSP_LCD_DrawRect
    lcd.o(i.LCD_SetHint) refers to stm32f429i_discovery_lcd.o(.data) for Font24
    lcd.o(i.LCD_Show_Feature) refers to stm32f429i_discovery_lcd.o(i.BSP_LCD_SetBackColor) for BSP_LCD_SetBackColor
[...]
    DMA2D_IRQHandler                         0x080001db   Thumb Code     0  startup_stm32f429xx.o(.text)
    DMA2_Stream0_IRQHandler                  0x080001db   Thumb Code     0  startup_stm32f429xx.o(.text)
    DMA2_Stream1_IRQHandler                  0x080001db   Thumb Code     0  startup_stm32f429xx.o(.text)
    DMA2_Stream2_IRQHandler                  0x080001db   Thumb Code     0  startup_stm32f429xx.o(.text)
    DMA2_Stream3_IRQHandler                  0x080001db   Thumb Code     0  startup_stm32f429xx.o(.text)
    DMA2_Stream4_IRQHandler                  0x080001db   Thumb Code     0  startup_stm32f429xx.o(.text)
    DMA2_Stream5_IRQHandler                  0x080001db   Thumb Code     0  startup_stm32f429xx.o(.text)
    DMA2_Stream6_IRQHandler                  0x080001db   Thumb Code     0  startup_stm32f429xx.o(.text)
    DMA2_Stream7_IRQHandler                  0x080001db   Thumb Code     0  startup_stm32f429xx.o(.text)
    ETH_IRQHandler                           0x080001db   Thumb Code     0  startup_stm32f429xx.o(.text)
    ETH_WKUP_IRQHandler                      0x080001db   Thumb Code     0  startup_stm32f429xx.o(.text)
    EXTI15_10_IRQHandler                     0x080001db   Thumb Code     0  startup_stm32f429xx.o(.text)
    EXTI1_IRQHandler                         0x080001db   Thumb Code     0  startup_stm32f429xx.o(.text)
    EXTI2_IRQHandler                         0x080001db   Thumb Code     0  startup_stm32f429xx.o(.text)
    EXTI3_IRQHandler                         0x080001db   Thumb Code     0  startup_stm32f429xx.o(.text)
    EXTI4_IRQHandler                         0x080001db   Thumb Code     0  startup_stm32f429xx.o(.text)
    EXTI9_5_IRQHandler                       0x080001db   Thumb Code     0  startup_stm32f429xx.o(.text)
    FLASH_IRQHandler                         0x080001db   Thumb Code     0  startup_stm32f429xx.o(.text)
    FMC_IRQHandler                           0x080001db   Thumb Code     0  startup_stm32f429xx.o(.text)
    FPU_IRQHandler                           0x080001db   Thumb Code     0  startup_stm32f429xx.o(.text)
    HASH_RNG_IRQHandler                      0x080001db   Thumb Code     0  startup_stm32f429xx.o(.text)
    I2C1_ER_IRQHandler                       0x080001db   Thumb Code     0  startup_stm32f429xx.o(.text)
    I2C1_EV_IRQHandler                       0x080001db   Thumb Code     0  startup_stm32f429xx.o(.text)
    I2C2_ER_IRQHandler                       0x080001db   Thumb Code     0  startup_stm32f429xx.o(.text)
    I2C2_EV_IRQHandler                       0x080001db   Thumb Code     0  startup_stm32f429xx.o(.text)
    I2C3_ER_IRQHandler                       0x080001db   Thumb Code     0  startup_stm32f429xx.o(.text)
    I2C3_EV_IRQHandler                       0x080001db   Thumb Code     0  startup_stm32f429xx.o(.text)
    LTDC_ER_IRQHandler                       0x080001db   Thumb Code     0  startup_stm32f429xx.o(.text)
    LTDC_IRQHandler                          0x080001db   Thumb Code     0  startup_stm32f429xx.o(.text)
    OTG_FS_IRQHandler                        0x080001db   Thumb Code     0  startup_stm32f429xx.o(.text)
    OTG_FS_WKUP_IRQHandler                   0x080001db   Thumb Code     0  startup_stm32f429xx.o(.text)
    OTG_HS_EP1_IN_IRQHandler                 0x080001db   Thumb Code     0  startup_stm32f429xx.o(.text)
    OTG_HS_EP1_OUT_IRQHandler                0x080001db   Thumb Code     0  startup_stm32f429xx.o(.text)
    OTG_HS_IRQHandler                        0x080001db   Thumb Code     0  startup_stm32f429xx.o(.text)
    OTG_HS_WKUP_IRQHandler                   0x080001db   Thumb Code     0  startup_stm32f429xx.o(.text)
    PVD_IRQHandler                           0x080001db   Thumb Code     0  startup_stm32f429xx.o(.text)
    RCC_IRQHandler                           0x080001db   Thumb Code     0  startup_stm32f429xx.o(.text)
    RTC_Alarm_IRQHandler                     0x080001db   Thumb Code     0  startup_stm32f429xx.o(.text)
    RTC_WKUP_IRQHandler                      0x080001db   Thumb Code     0  startup_stm32f429xx.o(.text)
    SAI1_IRQHandler                          0x080001db   Thumb Code     0  startup_stm32f429xx.o(.text)
    SDIO_IRQHandler                          0x080001db   Thumb Code     0  startup_stm32f429xx.o(.text)
    SPI1_IRQHandler                          0x080001db   Thumb Code     0  startup_stm32f429xx.o(.text)
    SPI2_IRQHandler                          0x080001db   Thumb Code     0  startup_stm32f429xx.o(.text)
    SPI3_IRQHandler                          0x080001db   Thumb Code     0  startup_stm32f429xx.o(.text)
    SPI4_IRQHandler                          0x080001db   Thumb Code     0  startup_stm32f429xx.o(.text)
    SPI5_IRQHandler                          0x080001db   Thumb Code     0  startup_stm32f429xx.o(.text)
    SPI6_IRQHandler                          0x080001db   Thumb Code     0  startup_stm32f429xx.o(.text)
    TAMP_STAMP_IRQHandler                    0x080001db   Thumb Code     0  startup_stm32f429xx.o(.text)
    TIM1_BRK_TIM9_IRQHandler                 0x080001db   Thumb Code     0  startup_stm32f429xx.o(.text)
    TIM1_CC_IRQHandler                       0x080001db   Thumb Code     0  startup_stm32f429xx.o(.text)
    TIM1_TRG_COM_TIM11_IRQHandler            0x080001db   Thumb Code     0  startup_stm32f429xx.o(.text)
    TIM2_IRQHandler                          0x080001db   Thumb Code     0  startup_stm32f429xx.o(.text)
    TIM3_IRQHandler                          0x080001db   Thumb Code     0  startup_stm32f429xx.o(.text)
    TIM4_IRQHandler                          0x080001db   Thumb Code     0  startup_stm32f429xx.o(.text)
    TIM5_IRQHandler                          0x080001db   Thumb Code     0  startup_stm32f429xx.o(.text)
    TIM6_DAC_IRQHandler                      0x080001db   Thumb Code     0  startup_stm32f429xx.o(.text)
    TIM7_IRQHandler                          0x080001db   Thumb Code     0  startup_stm32f429xx.o(.text)
    TIM8_BRK_TIM12_IRQHandler                0x080001db   Thumb Code     0  startup_stm32f429xx.o(.text)
    TIM8_CC_IRQHandler                       0x080001db   Thumb Code     0  startup_stm32f429xx.o(.text)
    TIM8_TRG_COM_TIM14_IRQHandler            0x080001db   Thumb Code     0  startup_stm32f429xx.o(.text)
    TIM8_UP_TIM13_IRQHandler                 0x080001db   Thumb Code     0  startup_stm32f429xx.o(.text)
    UART4_IRQHandler                         0x080001db   Thumb Code     0  startup_stm32f429xx.o(.text)
    UART5_IRQHandler                         0x080001db   Thumb Code     0  startup_stm32f429xx.o(.text)
    UART7_IRQHandler                         0x080001db   Thumb Code     0  startup_stm32f429xx.o(.text)
    UART8_IRQHandler                         0x080001db   Thumb Code     0  startup_stm32f429xx.o(.text)
    USART1_IRQHandler                        0x080001db   Thumb Code     0  startup_stm32f429xx.o(.text)
    USART2_IRQHandler                        0x080001db   Thumb Code     0  startup_stm32f429xx.o(.text)
    USART3_IRQHandler                        0x080001db   Thumb Code     0  startup_stm32f429xx.o(.text)
    USART6_IRQHandler                        0x080001db   Thumb Code     0  startup_stm32f429xx.o(.text)
    WWDG_IRQHandler                          0x080001db   Thumb Code     0  startup_stm32f429xx.o(.text)
    __aeabi_memcpy                           0x080001e5   Thumb Code    36  memcpya.o(.text)
    __aeabi_memcpy4                          0x080001e5   Thumb Code     0  memcpya.o(.text)
    __aeabi_memcpy8                          0x080001e5   Thumb Code     0  memcpya.o(.text)
    __aeabi_memset                           0x08000209   Thumb Code    14  memseta.o(.text)
    __aeabi_memset4                          0x08000209   Thumb Code     0  memseta.o(.text)
    __aeabi_memset8                          0x08000209   Thumb Code     0  memseta.o(.text)
    __aeabi_memclr                           0x08000217   Thumb Code     4  memseta.o(.text)
    __aeabi_memclr4                          0x08000217   Thumb Code     0  memseta.o(.text)
    __aeabi_memclr8                          0x08000217   Thumb Code     0  memseta.o(.text)
    _memset$wrapper                          0x0800021b   Thumb Code    18  memseta.o(.text)
    strlen                                   0x0800022d   Thumb Code    14  strlen.o(.text)
    __aeabi_f2d                              0x0800023b   Thumb Code    38  f2d.o(.text)
    __aeabi_uidiv                            0x08000261   Thumb Code     0  uidiv.o(.text)
    __aeabi_uidivmod                         0x08000261   Thumb Code    44  uidiv.o(.text)
    __aeabi_uldivmod                         0x0800028d   Thumb Code    98  uldiv.o(.text)
    __I$use$fp                               0x080002ef   Thumb Code     0  iusefp.o(.text)
    __aeabi_dadd                             0x080002ef   Thumb Code   322  dadd.o(.text)
    __aeabi_dsub                             0x08000431   Thumb Code     6  dadd.o(.text)
    __aeabi_drsub                            0x08000437   Thumb Code     6  dadd.o(.text)
    __aeabi_dmul                             0x0800043d   Thumb Code   228  dmul.o(.text)
    __aeabi_ddiv                             0x08000521   Thumb Code   222  ddiv.o(.text)
    __aeabi_d2ulz                            0x080005ff   Thumb Code    48  dfixul.o(.text)
    __aeabi_cdrcmple                         0x08000631   Thumb Code    48  cdrcmple.o(.text)
    __scatterload                            0x08000661   Thumb Code    28  init.o(.text)
    __scatterload_rt2                        0x08000661   Thumb Code     0  init.o(.text)
    __aeabi_llsl                             0x08000685   Thumb Code    30  llshl.o(.text)
    _ll_shift_l                              0x08000685   Thumb Code     0  llshl.o(.text)
    __aeabi_llsr                             0x080006a3   Thumb Code    32  llushr.o(.text)
    _ll_ushift_r                             0x080006a3   Thumb Code     0  llushr.o(.text)
    __aeabi_lasr                             0x080006c3   Thumb Code    36  llsshr.o(.text)
    _ll_sshift_r                             0x080006c3   Thumb Code     0  llsshr.o(.text)
    _double_round                            0x080006e7   Thumb Code    30  depilogue.o(.text)
    _double_epilogue                         0x08000705   Thumb Code   156  depilogue.o(.text)
    __decompress                             0x080007a1   Thumb Code     0  __dczerorl2.o(.text)
    __decompress1                            0x080007a1   Thumb Code    86  __dczerorl2.o(.text)
    BSP_GYRO_GetXYZ                          0x08000965   Thumb Code    24  stm32f429i_discovery_gyroscope.o(i.BSP_GYRO_GetXYZ)
    BSP_GYRO_Init                            0x08000981   Thumb Code   182  stm32f429i_discovery_gyroscope.o(i.BSP_GYRO_Init)
    BSP_GYRO_Reset                           0x08000a41   Thumb Code    20  stm32f429i_discovery_gyroscope.o(i.BSP_GYRO_Reset)
    BSP_LCD_Clear                            0x08000a59   Thumb Code    56  stm32f429i_discovery_lcd.o(i.BSP_LCD_Clear)
    BSP_LCD_ClearStringLine                  0x08000a99   Thumb Code   132  stm32f429i_discovery_lcd.o(i.BSP_LCD_ClearStringLine)
    BSP_LCD_DisplayChar                      0x08000b25   Thumb Code    96  stm32f429i_discovery_lcd.o(i.BSP_LCD_DisplayChar)
    BSP_LCD_DisplayStringAt                  0x08000b8d   Thumb Code   272  stm32f429i_discovery_lcd.o(i.BSP_LCD_DisplayStringAt)
    BSP_LCD_DisplayStringAtLine              0x08000ca5   Thumb Code    30  stm32f429i_discovery_lcd.o(i.BSP_LCD_DisplayStringAtLine)
    BSP_LCD_DrawBitmap                       0x08000cc5   Thumb Code   170  stm32f429i_discovery_lcd.o(i.BSP_LCD_DrawBitmap)
    BSP_LCD_DrawCircle                       0x08000d79   Thumb Code   286  stm32f429i_discovery_lcd.o(i.BSP_LCD_DrawCircle)
    BSP_LCD_DrawEllipse                      0x08000ea1   Thumb Code   350  stm32f429i_discovery_lcd.o(i.BSP_LCD_DrawEllipse)
    BSP_LCD_DrawHLine                        0x0800100d   Thumb Code    84  stm32f429i_discovery_lcd.o(i.BSP_LCD_DrawHLine)
    BSP_LCD_DrawLine                         0x0800106d   Thumb Code   306  stm32f429i_discovery_lcd.o(i.BSP_LCD_DrawLine)
    BSP_LCD_DrawPixel                        0x080011a9   Thumb Code    42  stm32f429i_discovery_lcd.o(i.BSP_LCD_DrawPixel)
    BSP_LCD_DrawPolygon                      0x080011dd   Thumb Code   112  stm32f429i_discovery_lcd.o(i.BSP_LCD_DrawPolygon)
    BSP_LCD_DrawRect                         0x0800124d   Thumb Code    60  stm32f429i_discovery_lcd.o(i.BSP_LCD_DrawRect)
    BSP_LCD_DrawVLine                        0x08001289   Thumb Code    90  stm32f429i_discovery_lcd.o(i.BSP_LCD_DrawVLine)
    BSP_LCD_FillCircle                       0x080012f1   Thumb Code   174  stm32f429i_discovery_lcd.o(i.BSP_LCD_FillCircle)
    BSP_LCD_FillEllipse                      0x080013a9   Thumb Code   286  stm32f429i_discovery_lcd.o(i.BSP_LCD_FillEllipse)
    BSP_LCD_FillPolygon                      0x080014cd   Thumb Code   432  stm32f429i_discovery_lcd.o(i.BSP_LCD_FillPolygon)
    BSP_LCD_FillRect                         0x0800167d   Thumb Code   110  stm32f429i_discovery_lcd.o(i.BSP_LCD_FillRect)
    BSP_LCD_FillTriangle                     0x080016f9   Thumb Code   296  stm32f429i_discovery_lcd.o(i.BSP_LCD_FillTriangle)
    BSP_LCD_GetFont                          0x08001821   Thumb Code    18  stm32f429i_discovery_lcd.o(i.BSP_LCD_GetFont)
    BSP_LCD_GetXSize                         0x0800183d   Thumb Code    12  stm32f429i_discovery_lcd.o(i.BSP_LCD_GetXSize)
    BSP_LCD_GetYSize                         0x0800184d   Thumb Code    12  stm32f429i_discovery_lcd.o(i.BSP_LCD_GetYSize)
    BSP_LCD_Init                             0x0800185d   Thumb Code   144  stm32f429i_discovery_lcd.o(i.BSP_LCD_Init)
    BSP_LCD_LayerDefaultInit                 0x08001905   Thumb Code   138  stm32f429i_discovery_lcd.o(i.BSP_LCD_LayerDefaultInit)
    BSP_LCD_MspInit                          0x0800199d   Thumb Code   384  stm32f429i_discovery_lcd.o(i.BSP_LCD_MspInit)
    BSP_LCD_SetBackColor                     0x08001b39   Thumb Code    18  stm32f429i_discovery_lcd.o(i.BSP_LCD_SetBackColor)
    BSP_LCD_SetFont                          0x08001b55   Thumb Code    18  stm32f429i_discovery_lcd.o(i.BSP_LCD_SetFont)
    BSP_LCD_SetTextColor                     0x08001b71   Thumb Code    16  stm32f429i_discovery_lcd.o(i.BSP_LCD_SetTextColor)
    BSP_LED_Init                             0x08001b89   Thumb Code   204  stm32f429i_discovery.o(i.BSP_LED_Init)
    BSP_LED_Off                              0x08001c61   Thumb Code    24  stm32f429i_discovery.o(i.BSP_LED_Off)
    BSP_LED_On                               0x08001c81   Thumb Code    24  stm32f429i_discovery.o(i.BSP_LED_On)
    BSP_LED_Toggle                           0x08001ca1   Thumb Code    22  stm32f429i_discovery.o(i.BSP_LED_Toggle)
    BSP_PB_GetState                          0x08001cc1   Thumb Code    22  stm32f429i_discovery.o(i.BSP_PB_GetState)
    BSP_PB_Init                              0x08001ce1   Thumb Code   138  stm32f429i_discovery.o(i.BSP_PB_Init)
    BSP_SDRAM_Init                           0x08001d81   Thumb Code   128  stm32f429i_discovery_sdram.o(i.BSP_SDRAM_Init)
    BSP_SDRAM_Initialization_sequence        0x08001e11   Thumb Code   142  stm32f429i_discovery_sdram.o(i.BSP_SDRAM_Initialization_sequence)
    BSP_SDRAM_MspInit                        0x08001ea9   Thumb Code   456  stm32f429i_discovery_sdram.o(i.BSP_SDRAM_MspInit)
    BSP_TS_GetState                          0x08002095   Thumb Code   286  stm32f429i_discovery_ts.o(i.BSP_TS_GetState)
    BSP_TS_Init                              0x080021c9   Thumb Code    66  stm32f429i_discovery_ts.o(i.BSP_TS_Init)
    BusFault_Handler                         0x0800221d   Thumb Code     4  stm32f4xx_it.o(i.BusFault_Handler)
    Calibration_GetX                         0x08002221   Thumb Code    30  ts_calibration.o(i.Calibration_GetX)
    Calibration_GetY                         0x08002249   Thumb Code    30  ts_calibration.o(i.Calibration_GetY)
    CheckForUserInput                        0x08002271   Thumb Code    30  main.o(i.CheckForUserInput)
    DebugMon_Handler                         0x080024db   Thumb Code     2  stm32f4xx_it.o(i.DebugMon_Handler)
    DoHvacSimpleMode                         0x080024dd   Thumb Code   226  hvac_ctl.o(i.DoHvacSimpleMode)
    Do_Ir_Rmt_Txr                            0x08002605   Thumb Code   630  ir_rmt_txr.o(i.Do_Ir_Rmt_Txr)
    EXTI0_IRQHandler                         0x08002a15   Thumb Code    10  stm32f4xx_it.o(i.EXTI0_IRQHandler)
    FMC_SDRAM_Init                           0x08002a1f   Thumb Code   116  stm32f4xx_ll_fmc.o(i.FMC_SDRAM_Init)
    FMC_SDRAM_ProgramRefreshRate             0x08002a93   Thumb Code    14  stm32f4xx_ll_fmc.o(i.FMC_SDRAM_ProgramRefreshRate)
    FMC_SDRAM_SendCommand                    0x08002aa1   Thumb Code    82  stm32f4xx_ll_fmc.o(i.FMC_SDRAM_SendCommand)
    FMC_SDRAM_Timing_Init                    0x08002af5   Thumb Code   152  stm32f4xx_ll_fmc.o(i.FMC_SDRAM_Timing_Init)
    GYRO_IO_Init                             0x08002e31   Thumb Code   134  stm32f429i_discovery.o(i.GYRO_IO_Init)
    GYRO_IO_Read                             0x08002ec5   Thumb Code    70  stm32f429i_discovery.o(i.GYRO_IO_Read)
    GYRO_IO_Write                            0x08002f11   Thumb Code    62  stm32f429i_discovery.o(i.GYRO_IO_Write)
    GetAdcConversion                         0x08002f55   Thumb Code    62  adc.o(i.GetAdcConversion)
    HAL_ADC_ConfigChannel                    0x0800332d   Thumb Code   384  stm32f4xx_hal_adc.o(i.HAL_ADC_ConfigChannel)
    HAL_ADC_GetState                         0x080034c1   Thumb Code     6  stm32f4xx_hal_adc.o(i.HAL_ADC_GetState)
    HAL_ADC_GetValue                         0x080034c7   Thumb Code     8  stm32f4xx_hal_adc.o(i.HAL_ADC_GetValue)
    HAL_ADC_Init                             0x080034d1   Thumb Code   100  stm32f4xx_hal_adc.o(i.HAL_ADC_Init)
    HAL_ADC_MspInit                          0x08003539   Thumb Code   144  adc.o(i.HAL_ADC_MspInit)
    HAL_ADC_PollForConversion                0x080035dd   Thumb Code   186  stm32f4xx_hal_adc.o(i.HAL_ADC_PollForConversion)
    HAL_ADC_Start                            0x08003699   Thumb Code   238  stm32f4xx_hal_adc.o(i.HAL_ADC_Start)
    HAL_DMA2D_ConfigLayer                    0x08003799   Thumb Code   250  stm32f4xx_hal_dma2d.o(i.HAL_DMA2D_ConfigLayer)
    HAL_DMA2D_Init                           0x08003899   Thumb Code    96  stm32f4xx_hal_dma2d.o(i.HAL_DMA2D_Init)
    HAL_DMA2D_MspInit                        0x080038f9   Thumb Code     2  stm32f4xx_hal_dma2d.o(i.HAL_DMA2D_MspInit)
    HAL_DMA2D_PollForTransfer                0x080038fb   Thumb Code   360  stm32f4xx_hal_dma2d.o(i.HAL_DMA2D_PollForTransfer)
    HAL_DMA2D_Start                          0x08003a63   Thumb Code    78  stm32f4xx_hal_dma2d.o(i.HAL_DMA2D_Start)
    HAL_DMA_DeInit                           0x08003ab1   Thumb Code    98  stm32f4xx_hal_dma.o(i.HAL_DMA_DeInit)
    HAL_DMA_Init                             0x08003b15   Thumb Code   232  stm32f4xx_hal_dma.o(i.HAL_DMA_Init)
    HAL_Delay                                0x08003c01   Thumb Code    30  stm32f4xx_hal.o(i.HAL_Delay)
    HAL_GPIO_EXTI_Callback                   0x08003c21   Thumb Code    12  main.o(i.HAL_GPIO_EXTI_Callback)
    HAL_GPIO_EXTI_IRQHandler                 0x08003c31   Thumb Code    24  stm32f4xx_hal_gpio.o(i.HAL_GPIO_EXTI_IRQHandler)
    HAL_GPIO_Init                            0x08003c4d   Thumb Code   486  stm32f4xx_hal_gpio.o(i.HAL_GPIO_Init)
    HAL_GPIO_ReadPin                         0x08003e69   Thumb Code    16  stm32f4xx_hal_gpio.o(i.HAL_GPIO_ReadPin)
    HAL_GPIO_TogglePin                       0x08003e79   Thumb Code     8  stm32f4xx_hal_gpio.o(i.HAL_GPIO_TogglePin)
    HAL_GPIO_WritePin                        0x08003e81   Thumb Code    12  stm32f4xx_hal_gpio.o(i.HAL_GPIO_WritePin)
    HAL_GetTick                              0x08003e8d   Thumb Code     6  stm32f4xx_hal.o(i.HAL_GetTick)
    HAL_I2C_DeInit                           0x08003e99   Thumb Code    60  stm32f4xx_hal_i2c.o(i.HAL_I2C_DeInit)
    HAL_I2C_GetState                         0x08003ed5   Thumb Code     8  stm32f4xx_hal_i2c.o(i.HAL_I2C_GetState)
    HAL_I2C_Init                             0x08003edd   Thumb Code   286  stm32f4xx_hal_i2c.o(i.HAL_I2C_Init)
    HAL_I2C_Mem_Read                         0x08004005   Thumb Code   796  stm32f4xx_hal_i2c.o(i.HAL_I2C_Mem_Read)
    HAL_I2C_Mem_Write                        0x0800432d   Thumb Code   384  stm32f4xx_hal_i2c.o(i.HAL_I2C_Mem_Write)
    HAL_I2C_MspDeInit                        0x080044b5   Thumb Code     2  stm32f4xx_hal_i2c.o(i.HAL_I2C_MspDeInit)
    HAL_I2C_MspInit                          0x080044b7   Thumb Code     2  stm32f4xx_hal_i2c.o(i.HAL_I2C_MspInit)
    HAL_IncTick                              0x080044b9   Thumb Code    12  stm32f4xx_hal.o(i.HAL_IncTick)
    HAL_Init                                 0x080044c9   Thumb Code    54  stm32f4xx_hal.o(i.HAL_Init)
    HAL_InitTick                             0x08004505   Thumb Code    36  stm32f4xx_hal.o(i.HAL_InitTick)
    HAL_LTDC_ConfigLayer                     0x0800452d   Thumb Code    94  stm32f4xx_hal_ltdc.o(i.HAL_LTDC_ConfigLayer)
    HAL_LTDC_EnableDither                    0x0800458d   Thumb Code    62  stm32f4xx_hal_ltdc.o(i.HAL_LTDC_EnableDither)
    HAL_LTDC_Init                            0x080045d1   Thumb Code   278  stm32f4xx_hal_ltdc.o(i.HAL_LTDC_Init)
    HAL_LTDC_MspInit                         0x080046ed   Thumb Code     2  stm32f4xx_hal_ltdc.o(i.HAL_LTDC_MspInit)
    HAL_MspInit                              0x080046ef   Thumb Code     2  stm32f4xx_hal.o(i.HAL_MspInit)
    HAL_NVIC_EnableIRQ                       0x080046f1   Thumb Code    32  stm32f4xx_hal_cortex.o(i.HAL_NVIC_EnableIRQ)
    HAL_NVIC_SetPriority                     0x08004711   Thumb Code   124  stm32f4xx_hal_cortex.o(i.HAL_NVIC_SetPriority)
    HAL_NVIC_SetPriorityGrouping             0x0800478d   Thumb Code    32  stm32f4xx_hal_cortex.o(i.HAL_NVIC_SetPriorityGrouping)
    HAL_PWREx_EnableOverDrive                0x080047b5   Thumb Code   152  stm32f4xx_hal_pwr_ex.o(i.HAL_PWREx_EnableOverDrive)
    HAL_RCCEx_PeriphCLKConfig                0x08004859   Thumb Code   856  stm32f4xx_hal_rcc_ex.o(i.HAL_RCCEx_PeriphCLKConfig)
    HAL_RCC_ClockConfig                      0x08004bc9   Thumb Code   446  stm32f4xx_hal_rcc.o(i.HAL_RCC_ClockConfig)
    HAL_RCC_GetHCLKFreq                      0x08004d99   Thumb Code     6  stm32f4xx_hal_rcc.o(i.HAL_RCC_GetHCLKFreq)
    HAL_RCC_GetPCLK1Freq                     0x08004da5   Thumb Code    36  stm32f4xx_hal_rcc.o(i.HAL_RCC_GetPCLK1Freq)
    HAL_RCC_GetSysClockFreq                  0x08004dd1   Thumb Code   168  stm32f4xx_hal_rcc.o(i.HAL_RCC_GetSysClockFreq)
    HAL_RCC_OscConfig                        0x08004e85   Thumb Code  1090  stm32f4xx_hal_rcc.o(i.HAL_RCC_OscConfig)
    HAL_SDRAM_Init                           0x080052d1   Thumb Code    64  stm32f4xx_hal_sdram.o(i.HAL_SDRAM_Init)
    HAL_SDRAM_MspInit                        0x08005311   Thumb Code     2  stm32f4xx_hal_sdram.o(i.HAL_SDRAM_MspInit)
    HAL_SDRAM_ProgramRefreshRate             0x08005313   Thumb Code    40  stm32f4xx_hal_sdram.o(i.HAL_SDRAM_ProgramRefreshRate)
    HAL_SDRAM_SendCommand                    0x0800533b   Thumb Code    58  stm32f4xx_hal_sdram.o(i.HAL_SDRAM_SendCommand)
    HAL_SPI_DeInit                           0x08005375   Thumb Code    54  stm32f4xx_hal_spi.o(i.HAL_SPI_DeInit)
    HAL_SPI_GetState                         0x080053ab   Thumb Code     8  stm32f4xx_hal_spi.o(i.HAL_SPI_GetState)
    HAL_SPI_Init                             0x080053b3   Thumb Code   160  stm32f4xx_hal_spi.o(i.HAL_SPI_Init)
    HAL_SPI_MspDeInit                        0x08005453   Thumb Code     2  stm32f4xx_hal_spi.o(i.HAL_SPI_MspDeInit)
    HAL_SPI_MspInit                          0x08005455   Thumb Code     2  stm32f4xx_hal_spi.o(i.HAL_SPI_MspInit)
    HAL_SPI_Receive                          0x08005457   Thumb Code   548  stm32f4xx_hal_spi.o(i.HAL_SPI_Receive)
    HAL_SPI_Transmit                         0x0800567b   Thumb Code   480  stm32f4xx_hal_spi.o(i.HAL_SPI_Transmit)
    HAL_SPI_TransmitReceive                  0x0800585b   Thumb Code   716  stm32f4xx_hal_spi.o(i.HAL_SPI_TransmitReceive)
    HAL_SYSTICK_CLKSourceConfig              0x08005b27   Thumb Code    40  stm32f4xx_hal_cortex.o(i.HAL_SYSTICK_CLKSourceConfig)
    HAL_SYSTICK_Callback                     0x08005b51   Thumb Code    40  main.o(i.HAL_SYSTICK_Callback)
    HAL_SYSTICK_Config                       0x08005b81   Thumb Code    52  stm32f4xx_hal_cortex.o(i.HAL_SYSTICK_Config)
    HAL_SYSTICK_IRQHandler                   0x08005bb5   Thumb Code     8  stm32f4xx_hal_cortex.o(i.HAL_SYSTICK_IRQHandler)
    HAL_TIMEx_BreakCallback                  0x08005bbd   Thumb Code     2  stm32f4xx_hal_tim_ex.o(i.HAL_TIMEx_BreakCallback)
    HAL_TIMEx_CommutationCallback            0x08005bbf   Thumb Code     2  stm32f4xx_hal_tim_ex.o(i.HAL_TIMEx_CommutationCallback)
    HAL_TIMEx_MasterConfigSynchronization    0x08005bc1   Thumb Code    98  stm32f4xx_hal_tim_ex.o(i.HAL_TIMEx_MasterConfigSynchronization)
    HAL_TIM_Base_Init                        0x08005c23   Thumb Code    52  stm32f4xx_hal_tim.o(i.HAL_TIM_Base_Init)
    HAL_TIM_Base_MspInit                     0x08005c59   Thumb Code    62  tim.o(i.HAL_TIM_Base_MspInit)
    HAL_TIM_Base_Start_IT                    0x08005ca1   Thumb Code    30  stm32f4xx_hal_tim.o(i.HAL_TIM_Base_Start_IT)
    HAL_TIM_Base_Stop_IT                     0x08005cbf   Thumb Code    56  stm32f4xx_hal_tim.o(i.HAL_TIM_Base_Stop_IT)
    HAL_TIM_ConfigClockSource                0x08005cf7   Thumb Code   306  stm32f4xx_hal_tim.o(i.HAL_TIM_ConfigClockSource)
    HAL_TIM_IC_CaptureCallback               0x08005e29   Thumb Code     2  stm32f4xx_hal_tim.o(i.HAL_TIM_IC_CaptureCallback)
    HAL_TIM_IRQHandler                       0x08005e2b   Thumb Code   406  stm32f4xx_hal_tim.o(i.HAL_TIM_IRQHandler)
    HAL_TIM_OC_DelayElapsedCallback          0x08005fc1   Thumb Code     2  stm32f4xx_hal_tim.o(i.HAL_TIM_OC_DelayElapsedCallback)
    HAL_TIM_PWM_PulseFinishedCallback        0x08005fc3   Thumb Code     2  stm32f4xx_hal_tim.o(i.HAL_TIM_PWM_PulseFinishedCallback)
    HAL_TIM_PeriodElapsedCallback            0x08005fc5   Thumb Code    28  tim.o(i.HAL_TIM_PeriodElapsedCallback)
    HAL_TIM_TriggerCallback                  0x08005fe9   Thumb Code     2  stm32f4xx_hal_tim.o(i.HAL_TIM_TriggerCallback)
    HardFault_Handler                        0x08005feb   Thumb Code     4  stm32f4xx_it.o(i.HardFault_Handler)
    IOE_Delay                                0x080066fd   Thumb Code    12  stm32f429i_discovery.o(i.IOE_Delay)
    IOE_ITConfig                             0x08006709   Thumb Code     8  stm32f429i_discovery.o(i.IOE_ITConfig)
    IOE_Init                                 0x08006711   Thumb Code     8  stm32f429i_discovery.o(i.IOE_Init)
    IOE_Read                                 0x08006719   Thumb Code    16  stm32f429i_discovery.o(i.IOE_Read)
    IOE_ReadMultiple                         0x08006729   Thumb Code    28  stm32f429i_discovery.o(i.IOE_ReadMultiple)
    IOE_Write                                0x08006745   Thumb Code    20  stm32f429i_discovery.o(i.IOE_Write)
    IRLED_Init                               0x08006759   Thumb Code    74  ir_rmt_txr.o(i.IRLED_Init)
    IRLED_Off                                0x080067ad   Thumb Code    14  ir_rmt_txr.o(i.IRLED_Off)
    IRLED_Toggle                             0x080067c1   Thumb Code    12  ir_rmt_txr.o(i.IRLED_Toggle)
    IsCalibrationDone                        0x080067d1   Thumb Code     6  ts_calibration.o(i.IsCalibrationDone)
    L3GD20_DeInit                            0x080067dd   Thumb Code     2  l3gd20.o(i.L3GD20_DeInit)
    L3GD20_DisableIT                         0x080067df   Thumb Code    66  l3gd20.o(i.L3GD20_DisableIT)
    L3GD20_EnableIT                          0x08006821   Thumb Code    74  l3gd20.o(i.L3GD20_EnableIT)
    L3GD20_FilterCmd                         0x0800686b   Thumb Code    44  l3gd20.o(i.L3GD20_FilterCmd)
    L3GD20_FilterConfig                      0x08006897   Thumb Code    44  l3gd20.o(i.L3GD20_FilterConfig)
    L3GD20_INT1InterruptConfig               0x080068c3   Thumb Code    94  l3gd20.o(i.L3GD20_INT1InterruptConfig)
    L3GD20_Init                              0x08006921   Thumb Code    42  l3gd20.o(i.L3GD20_Init)
    L3GD20_LowPower                          0x0800694b   Thumb Code    24  l3gd20.o(i.L3GD20_LowPower)
    L3GD20_ReadID                            0x08006963   Thumb Code    22  l3gd20.o(i.L3GD20_ReadID)
    L3GD20_ReadXYZAngRate                    0x08006979   Thumb Code   232  l3gd20.o(i.L3GD20_ReadXYZAngRate)
    L3GD20_RebootCmd                         0x08006a71   Thumb Code    34  l3gd20.o(i.L3GD20_RebootCmd)
    LCD_Delay                                0x08006a93   Thumb Code    12  stm32f429i_discovery.o(i.LCD_Delay)
    LCD_IO_Init                              0x08006aa1   Thumb Code   216  stm32f429i_discovery.o(i.LCD_IO_Init)
    LCD_IO_ReadData                          0x08006b89   Thumb Code    68  stm32f429i_discovery.o(i.LCD_IO_ReadData)
    LCD_IO_WriteData                         0x08006bd5   Thumb Code    42  stm32f429i_discovery.o(i.LCD_IO_WriteData)
    LCD_IO_WriteReg                          0x08006c09   Thumb Code    44  stm32f429i_discovery.o(i.LCD_IO_WriteReg)
    LCD_LOG_ClearTextZone                    0x08006c3d   Thumb Code    28  lcd_log.o(i.LCD_LOG_ClearTextZone)
    LCD_LOG_DeInit                           0x08006c59   Thumb Code    54  lcd_log.o(i.LCD_LOG_DeInit)
    LCD_LOG_Init                             0x08006cc1   Thumb Code    16  lcd_log.o(i.LCD_LOG_Init)
    LCD_LOG_SetFooter                        0x08006cd1   Thumb Code   116  lcd_log.o(i.LCD_LOG_SetFooter)
    LCD_LOG_SetHeader                        0x08006d4d   Thumb Code    96  lcd_log.o(i.LCD_LOG_SetHeader)
    LCD_LOG_UpdateDisplay                    0x08006db9   Thumb Code   182  lcd_log.o(i.LCD_LOG_UpdateDisplay)
    LCD_demo                                 0x08007299   Thumb Code    66  lcd.o(i.LCD_demo)
    Log_demo                                 0x080074f5   Thumb Code   134  log.o(i.Log_demo)
    MEMS_demo                                0x080076cd   Thumb Code   716  mems.o(i.MEMS_demo)
    MX_ADC1_Init                             0x080079dd   Thumb Code    74  adc.o(i.MX_ADC1_Init)
    MX_ADC3_Init                             0x08007a35   Thumb Code    88  adc.o(i.MX_ADC3_Init)
    MX_GPIO_Init                             0x08007a99   Thumb Code   252  gpio.o(i.MX_GPIO_Init)
    MemManage_Handler                        0x08007ba1   Thumb Code     4  stm32f4xx_it.o(i.MemManage_Handler)
    NMI_Handler                              0x08007ba5   Thumb Code     2  stm32f4xx_it.o(i.NMI_Handler)
    PendSV_Handler                           0x08007ba7   Thumb Code     2  stm32f4xx_it.o(i.PendSV_Handler)
    ProcessRT                                0x08007ba9   Thumb Code    56  10kntc.o(i.ProcessRT)
    SVC_Handler                              0x08007e11   Thumb Code     2  stm32f4xx_it.o(i.SVC_Handler)
    SendFrame                                0x08007e15   Thumb Code    46  ir_rmt_txr.o(i.SendFrame)
    SysTick_Handler                          0x08007e4d   Thumb Code    12  stm32f4xx_it.o(i.SysTick_Handler)
    SystemInit                               0x08007f15   Thumb Code    82  system_stm32f4xx.o(i.SystemInit)
    TIM1_Init                                0x08007f79   Thumb Code    68  tim.o(i.TIM1_Init)
    TIM1_UP_TIM10_IRQHandler                 0x08007fc5   Thumb Code    10  stm32f4xx_it.o(i.TIM1_UP_TIM10_IRQHandler)
    TIM_Base_SetConfig                       0x08007fd5   Thumb Code   184  stm32f4xx_hal_tim.o(i.TIM_Base_SetConfig)
    Touchscreen_Calibration                  0x08008205   Thumb Code   344  ts_calibration.o(i.Touchscreen_Calibration)
    Touchscreen_demo                         0x0800875d   Thumb Code   600  touchscreen.o(i.Touchscreen_demo)
    UsageFault_Handler                       0x080089ed   Thumb Code     4  stm32f4xx_it.o(i.UsageFault_Handler)
    __0printf                                0x08008a3d   Thumb Code    22  printfa.o(i.__0printf)
    __1printf                                0x08008a3d   Thumb Code     0  printfa.o(i.__0printf)
    __2printf                                0x08008a3d   Thumb Code     0  printfa.o(i.__0printf)
    __c89printf                              0x08008a3d   Thumb Code     0  printfa.o(i.__0printf)
    printf                                   0x08008a3d   Thumb Code     0  printfa.o(i.__0printf)
    __0sprintf                               0x08008a5d   Thumb Code    34  printfa.o(i.__0sprintf)
    __1sprintf                               0x08008a5d   Thumb Code     0  printfa.o(i.__0sprintf)
    __2sprintf                               0x08008a5d   Thumb Code     0  printfa.o(i.__0sprintf)
    __c89sprintf                             0x08008a5d   Thumb Code     0  printfa.o(i.__0sprintf)
    sprintf                                  0x08008a5d   Thumb Code     0  printfa.o(i.__0sprintf)
    __scatterload_copy                       0x08008abd   Thumb Code    14  handlers.o(i.__scatterload_copy)
    __scatterload_null                       0x08008acb   Thumb Code     2  handlers.o(i.__scatterload_null)
    __scatterload_zeroinit                   0x08008acd   Thumb Code    14  handlers.o(i.__scatterload_zeroinit)
    bWarmedUp                                0x08009399   Thumb Code    70  hvac_ctl.o(i.bWarmedUp)
    calc_uptime                              0x08009411   Thumb Code    98  hvac_ctl.o(i.calc_uptime)
    fputc                                    0x08009495   Thumb Code   326  lcd_log.o(i.fputc)
    ili9341_DisplayOff                       0x0800960d   Thumb Code    10  ili9341.o(i.ili9341_DisplayOff)
    ili9341_DisplayOn                        0x08009617   Thumb Code    10  ili9341.o(i.ili9341_DisplayOn)
    ili9341_GetLcdPixelHeight                0x08009621   Thumb Code     6  ili9341.o(i.ili9341_GetLcdPixelHeight)
    ili9341_GetLcdPixelWidth                 0x08009627   Thumb Code     4  ili9341.o(i.ili9341_GetLcdPixelWidth)
    ili9341_Init                             0x0800962b   Thumb Code   656  ili9341.o(i.ili9341_Init)
    ili9341_ReadData                         0x080098bb   Thumb Code    16  ili9341.o(i.ili9341_ReadData)
    ili9341_ReadID                           0x080098cb   Thumb Code    18  ili9341.o(i.ili9341_ReadID)
    ili9341_WriteData                        0x080098dd   Thumb Code    12  ili9341.o(i.ili9341_WriteData)
    ili9341_WriteReg                         0x080098e9   Thumb Code    12  ili9341.o(i.ili9341_WriteReg)
    main                                     0x080098f5   Thumb Code   204  main.o(i.main)
    stmpe811_ClearGlobalIT                   0x080099f9   Thumb Code    18  stmpe811.o(i.stmpe811_ClearGlobalIT)
    stmpe811_DisableGlobalIT                 0x08009a0b   Thumb Code    32  stmpe811.o(i.stmpe811_DisableGlobalIT)
    stmpe811_DisableITSource                 0x08009a2b   Thumb Code    32  stmpe811.o(i.stmpe811_DisableITSource)
    stmpe811_EnableGlobalIT                  0x08009a4b   Thumb Code    32  stmpe811.o(i.stmpe811_EnableGlobalIT)
    stmpe811_EnableITSource                  0x08009a6b   Thumb Code    32  stmpe811.o(i.stmpe811_EnableITSource)
    stmpe811_IO_ClearIT                      0x08009ab1   Thumb Code    56  stmpe811.o(i.stmpe811_IO_ClearIT)
    stmpe811_IO_Config                       0x08009ae9   Thumb Code   234  stmpe811.o(i.stmpe811_IO_Config)
    stmpe811_IO_DisableAF                    0x08009bd3   Thumb Code    34  stmpe811.o(i.stmpe811_IO_DisableAF)
    stmpe811_IO_DisableIT                    0x08009bf5   Thumb Code    20  stmpe811.o(i.stmpe811_IO_DisableIT)
    stmpe811_IO_EnableAF                     0x08009c09   Thumb Code    32  stmpe811.o(i.stmpe811_IO_EnableAF)
    stmpe811_IO_EnableIT                     0x08009c29   Thumb Code    24  stmpe811.o(i.stmpe811_IO_EnableIT)
    stmpe811_IO_EnablePinIT                  0x08009c41   Thumb Code    34  stmpe811.o(i.stmpe811_IO_EnablePinIT)
    stmpe811_IO_ITStatus                     0x08009c63   Thumb Code    18  stmpe811.o(i.stmpe811_IO_ITStatus)
    stmpe811_IO_InitPin                      0x08009c75   Thumb Code    46  stmpe811.o(i.stmpe811_IO_InitPin)
    stmpe811_IO_ReadPin                      0x08009ca3   Thumb Code    18  stmpe811.o(i.stmpe811_IO_ReadPin)
    stmpe811_IO_SetEdgeMode                  0x08009cb5   Thumb Code    86  stmpe811.o(i.stmpe811_IO_SetEdgeMode)
    stmpe811_IO_Start                        0x08009d0b   Thumb Code    40  stmpe811.o(i.stmpe811_IO_Start)
    stmpe811_IO_WritePin                     0x08009d33   Thumb Code    34  stmpe811.o(i.stmpe811_IO_WritePin)
    stmpe811_Init                            0x08009d55   Thumb Code    44  stmpe811.o(i.stmpe811_Init)
    stmpe811_ReadGITStatus                   0x08009d85   Thumb Code    18  stmpe811.o(i.stmpe811_ReadGITStatus)
    stmpe811_ReadID                          0x08009d97   Thumb Code    32  stmpe811.o(i.stmpe811_ReadID)
    stmpe811_Reset                           0x08009db7   Thumb Code    38  stmpe811.o(i.stmpe811_Reset)
    stmpe811_SetITPolarity                   0x08009ddd   Thumb Code    36  stmpe811.o(i.stmpe811_SetITPolarity)
    stmpe811_SetITType                       0x08009e01   Thumb Code    36  stmpe811.o(i.stmpe811_SetITType)
    stmpe811_TS_ClearIT                      0x08009e25   Thumb Code    14  stmpe811.o(i.stmpe811_TS_ClearIT)
    stmpe811_TS_DetectTouch                  0x08009e33   Thumb Code    60  stmpe811.o(i.stmpe811_TS_DetectTouch)
    stmpe811_TS_DisableIT                    0x08009e6f   Thumb Code    20  stmpe811.o(i.stmpe811_TS_DisableIT)
    stmpe811_TS_EnableIT                     0x08009e83   Thumb Code    24  stmpe811.o(i.stmpe811_TS_EnableIT)
    stmpe811_TS_GetXY                        0x08009e9b   Thumb Code    88  stmpe811.o(i.stmpe811_TS_GetXY)
    stmpe811_TS_ITStatus                     0x08009ef3   Thumb Code    14  stmpe811.o(i.stmpe811_TS_ITStatus)
    stmpe811_TS_Start                        0x08009f01   Thumb Code   164  stmpe811.o(i.stmpe811_TS_Start)
    AHBPrescTable                            0x08009fa4   Data          16  system_stm32f4xx.o(.constdata)
    APBPrescTable                            0x08009fb4   Data           8  system_stm32f4xx.o(.constdata)
    stlogo                                   0x08009fd4   Data        9174  main.o(.constdata)
    degC                                     0x0800c3ac   Data         112  10kntc.o(.constdata)
    numbits                                  0x0800c41c   Data         448  10kntc.o(.constdata)
    GPIO_PIN                                 0x0800c5e4   Data           8  stm32f429i_discovery.o(.constdata)
    BUTTON_PIN                               0x0800c5ec   Data           2  stm32f429i_discovery.o(.constdata)
    BUTTON_IRQn                              0x0800c5ee   Data           1  stm32f429i_discovery.o(.constdata)
    Font24_Table                             0x0800c5ef   Data        6840  stm32f429i_discovery_lcd.o(.constdata)
    Font20_Table                             0x0800e0a7   Data        3800  stm32f429i_discovery_lcd.o(.constdata)
    Font16_Table                             0x0800ef7f   Data        3040  stm32f429i_discovery_lcd.o(.constdata)
    Font12_Table                             0x0800fb5f   Data        1140  stm32f429i_discovery_lcd.o(.constdata)
    Font8_Table                              0x0800ffd3   Data         760  stm32f429i_discovery_lcd.o(.constdata)
    Region$$Table$$Base                      0x080102d4   Number         0  anon$$obj.o(Region$$Table)
    Region$$Table$$Limit                     0x080102f4   Number         0  anon$$obj.o(Region$$Table)
    SystemCoreClock                          0x20000000   Data           4  system_stm32f4xx.o(.data)
    LCD_LineColor                            0x20000004   Data           4  lcd_log.o(.data)
    LCD_CacheBuffer_xptr                     0x20000008   Data           2  lcd_log.o(.data)
    LCD_CacheBuffer_yptr_top                 0x2000000a   Data           2  lcd_log.o(.data)
    LCD_CacheBuffer_yptr_bottom              0x2000000c   Data           2  lcd_log.o(.data)
    LCD_CacheBuffer_yptr_top_bak             0x2000000e   Data           2  lcd_log.o(.data)
    LCD_CacheBuffer_yptr_bottom_bak          0x20000010   Data           2  lcd_log.o(.data)
    LCD_CacheBuffer_yptr_invert              0x20000012   Data           1  lcd_log.o(.data)
    LCD_ScrollActive                         0x20000013   Data           1  lcd_log.o(.data)
    LCD_Lock                                 0x20000014   Data           1  lcd_log.o(.data)
    LCD_Scrolled                             0x20000015   Data           1  lcd_log.o(.data)
    LCD_ScrollBackStep                       0x20000016   Data           2  lcd_log.o(.data)
    ubKeyPressed                             0x2000001c   Data           1  main.o(.data)
    i                                        0x2000001d   Data           1  main.o(.data)
    BSP_examples                             0x20000020   Data         300  main.o(.data)
    Xval                                     0x20000158   Data           4  mems.o(.data)
    Yval                                     0x2000015c   Data           4  mems.o(.data)
    Zval                                     0x20000160   Data           4  mems.o(.data)
    state                                    0x20000164   Data           1  mems.o(.data)
    charcnt                                  0x20000190   Data           2  ir_rmt_txr.o(.data)
    tickcnt                                  0x20000194   Data           4  ir_rmt_txr.o(.data)
    pinmask                                  0x20000198   Data           1  ir_rmt_txr.o(.data)
    bSync                                    0x20000199   Data           1  ir_rmt_txr.o(.data)
    FramePwr                                 0x2000019a   Data          44  ir_rmt_txr.o(.data)
    FrameMode                                0x200001c6   Data          44  ir_rmt_txr.o(.data)
    FrameTempUp                              0x200001f2   Data          44  ir_rmt_txr.o(.data)
    FrameTempDn                              0x2000021e   Data          44  ir_rmt_txr.o(.data)
    FrameFanSpd                              0x2000024a   Data          44  ir_rmt_txr.o(.data)
    FrameTimer                               0x20000276   Data          44  ir_rmt_txr.o(.data)
    pFrames                                  0x200002a4   Data          24  ir_rmt_txr.o(.data)
    ili9341_drv                              0x200002d8   Data          56  ili9341.o(.data)
    stmpe811_ts_drv                          0x20000310   Data          40  stmpe811.o(.data)
    stmpe811_io_drv                          0x20000338   Data          44  stmpe811.o(.data)
    stmpe811                                 0x20000364   Data           2  stmpe811.o(.data)
    L3gd20Drv                                0x20000368   Data          52  l3gd20.o(.data)
    GPIO_PORT                                0x2000039c   Data          16  stm32f429i_discovery.o(.data)
    BUTTON_PORT                              0x200003ac   Data           4  stm32f429i_discovery.o(.data)
    I2cxTimeout                              0x200003b0   Data           4  stm32f429i_discovery.o(.data)
    SpixTimeout                              0x200003b4   Data           4  stm32f429i_discovery.o(.data)
    Font24                                   0x200003bc   Data           8  stm32f429i_discovery_lcd.o(.data)
    Font20                                   0x200003c4   Data           8  stm32f429i_discovery_lcd.o(.data)
    Font16                                   0x200003cc   Data           8  stm32f429i_discovery_lcd.o(.data)
    Font12                                   0x200003d4   Data           8  stm32f429i_discovery_lcd.o(.data)
    Font8                                    0x200003dc   Data           8  stm32f429i_discovery_lcd.o(.data)
    LcdDrv                                   0x200003e8   Data           4  stm32f429i_discovery_lcd.o(.data)
    uwTick                                   0x20000404   Data           4  stm32f4xx_hal.o(.data)
    __stdout                                 0x20000408   Data           4  stdout.o(.data)
    LCD_CacheBuffer                          0x2000040c   Data       15840  lcd_log.o(.bss)
    Buffer                                   0x200041ec   Data          12  mems.o(.bss)
    dispstr                                  0x200041f8   Data         512  ir_rmt_txr.o(.bss)
    htim1                                    0x200043f8   Data          60  tim.o(.bss)
    htim10                                   0x20004434   Data          60  tim.o(.bss)
    hadc1                                    0x20004470   Data          72  adc.o(.bss)
    hadc3                                    0x200044b8   Data          72  adc.o(.bss)
    ctldata_s                                0x20004500   Data          64  hvac_ctl.o(.bss)
    time_s                                   0x20004540   Data          88  hvac_ctl.o(.bss)
    dbgstr                                   0x20004598   Data          64  hvac_ctl.o(.bss)
    I2cHandle                                0x200045d8   Data          84  stm32f429i_discovery.o(.bss)
    LtdcHandler                              0x20004684   Data         168  stm32f429i_discovery_lcd.o(.bss)
    __initial_sp                             0x20004cd8   Data           0  startup_stm32f429xx.o(STACK)



==============================================================================

Memory Map of the image

  Image Entry point : 0x080001ad

  Load Region LR_IROM1 (Base: 0x08000000, Size: 0x00010700, Max: 0x00200000, ABSOLUTE, COMPRESSED[0x00010468])

    Execution Region ER_IROM1 (Exec base: 0x08000000, Load base: 0x08000000, Size: 0x000102f4, Max: 0x00200000, ABSOLUTE)

    Exec Addr    Load Addr    Size         Type   Attr      Idx    E Section Name        Object

    0x08000000   0x08000000   0x000001ac   Data   RO         5991    RESET               startup_stm32f429xx.o
    0x080001ac   0x080001ac   0x00000000   Code   RO         5996  * .ARM.Collect$$$$00000000  mc_w.l(entry.o)
    0x080001ac   0x080001ac   0x00000004   Code   RO         6270    .ARM.Collect$$$$00000001  mc_w.l(entry2.o)
    0x080001b0   0x080001b0   0x00000004   Code   RO         6273    .ARM.Collect$$$$00000004  mc_w.l(entry5.o)
    0x080001b4   0x080001b4   0x00000000   Code   RO         6275    .ARM.Collect$$$$00000008  mc_w.l(entry7b.o)
    0x080001b4   0x080001b4   0x00000000   Code   RO         6277    .ARM.Collect$$$$0000000A  mc_w.l(entry8b.o)
    0x080001b4   0x080001b4   0x00000008   Code   RO         6278    .ARM.Collect$$$$0000000B  mc_w.l(entry9a.o)
    0x080001bc   0x080001bc   0x00000000   Code   RO         6280    .ARM.Collect$$$$0000000D  mc_w.l(entry10a.o)
    0x080001bc   0x080001bc   0x00000000   Code   RO         6282    .ARM.Collect$$$$0000000F  mc_w.l(entry11a.o)
    0x080001bc   0x080001bc   0x00000004   Code   RO         6271    .ARM.Collect$$$$00002712  mc_w.l(entry2.o)
    0x080001c0   0x080001c0   0x00000024   Code   RO         5992    .text               startup_stm32f429xx.o
    0x080001e4   0x080001e4   0x00000024   Code   RO         5999    .text               mc_w.l(memcpya.o)
    0x08000208   0x08000208   0x00000024   Code   RO         6001    .text               mc_w.l(memseta.o)
    0x0800022c   0x0800022c   0x0000000e   Code   RO         6003    .text               mc_w.l(strlen.o)
    0x0800023a   0x0800023a   0x00000026   Code   RO         6268    .text               mf_w.l(f2d.o)
    0x08000260   0x08000260   0x0000002c   Code   RO         6285    .text               mc_w.l(uidiv.o)
    0x0800028c   0x0800028c   0x00000062   Code   RO         6287    .text               mc_w.l(uldiv.o)
    0x080002ee   0x080002ee   0x00000000   Code   RO         6289    .text               mc_w.l(iusefp.o)
    0x080002ee   0x080002ee   0x0000014e   Code   RO         6290    .text               mf_w.l(dadd.o)
    0x0800043c   0x0800043c   0x000000e4   Code   RO         6292    .text               mf_w.l(dmul.o)
    0x08000520   0x08000520   0x000000de   Code   RO         6294    .text               mf_w.l(ddiv.o)
    0x080005fe   0x080005fe   0x00000030   Code   RO         6296    .text               mf_w.l(dfixul.o)
    0x0800062e   0x0800062e   0x00000002   PAD
    0x08000630   0x08000630   0x00000030   Code   RO         6298    .text               mf_w.l(cdrcmple.o)
    0x08000660   0x08000660   0x00000024   Code   RO         6300    .text               mc_w.l(init.o)
    0x08000684   0x08000684   0x0000001e   Code   RO         6302    .text               mc_w.l(llshl.o)
    0x080006a2   0x080006a2   0x00000020   Code   RO         6304    .text               mc_w.l(llushr.o)
    0x080006c2   0x080006c2   0x00000024   Code   RO         6306    .text               mc_w.l(llsshr.o)
    0x080006e6   0x080006e6   0x000000ba   Code   RO         6308    .text               mf_w.l(depilogue.o)
    0x080007a0   0x080007a0   0x00000056   Code   RO         6318    .text               mc_w.l(__dczerorl2.o)
    0x080007f6   0x080007f6   0x00000002   PAD
    0x080007f8   0x080007f8   0x0000016c   Code   RO         5720    i.ADC_Init          stm32f4xx_hal_adc.o
    0x08000964   0x08000964   0x0000001c   Code   RO         2070    i.BSP_GYRO_GetXYZ   stm32f429i_discovery_gyroscope.o
    0x08000980   0x08000980   0x000000c0   Code   RO         2072    i.BSP_GYRO_Init     stm32f429i_discovery_gyroscope.o
    0x08000a40   0x08000a40   0x00000018   Code   RO         2074    i.BSP_GYRO_Reset    stm32f429i_discovery_gyroscope.o
    0x08000a58   0x08000a58   0x00000040   Code   RO         1596    i.BSP_LCD_Clear     stm32f429i_discovery_lcd.o
    0x08000a98   0x08000a98   0x0000008c   Code   RO         1597    i.BSP_LCD_ClearStringLine  stm32f429i_discovery_lcd.o
    0x08000b24   0x08000b24   0x00000068   Code   RO         1598    i.BSP_LCD_DisplayChar  stm32f429i_discovery_lcd.o
    0x08000b8c   0x08000b8c   0x00000118   Code   RO         1601    i.BSP_LCD_DisplayStringAt  stm32f429i_discovery_lcd.o
    0x08000ca4   0x08000ca4   0x0000001e   Code   RO         1602    i.BSP_LCD_DisplayStringAtLine  stm32f429i_discovery_lcd.o
    0x08000cc2   0x08000cc2   0x00000002   PAD
    0x08000cc4   0x08000cc4   0x000000b4   Code   RO         1603    i.BSP_LCD_DrawBitmap  stm32f429i_discovery_lcd.o
    0x08000d78   0x08000d78   0x00000128   Code   RO         1604    i.BSP_LCD_DrawCircle  stm32f429i_discovery_lcd.o
    0x08000ea0   0x08000ea0   0x0000016c   Code   RO         1605    i.BSP_LCD_DrawEllipse  stm32f429i_discovery_lcd.o
    0x0800100c   0x0800100c   0x00000060   Code   RO         1606    i.BSP_LCD_DrawHLine  stm32f429i_discovery_lcd.o
    0x0800106c   0x0800106c   0x0000013c   Code   RO         1607    i.BSP_LCD_DrawLine  stm32f429i_discovery_lcd.o
    0x080011a8   0x080011a8   0x00000034   Code   RO         1608    i.BSP_LCD_DrawPixel  stm32f429i_discovery_lcd.o
    0x080011dc   0x080011dc   0x00000070   Code   RO         1609    i.BSP_LCD_DrawPolygon  stm32f429i_discovery_lcd.o
    0x0800124c   0x0800124c   0x0000003c   Code   RO         1610    i.BSP_LCD_DrawRect  stm32f429i_discovery_lcd.o
    0x08001288   0x08001288   0x00000068   Code   RO         1611    i.BSP_LCD_DrawVLine  stm32f429i_discovery_lcd.o
    0x080012f0   0x080012f0   0x000000b8   Code   RO         1612    i.BSP_LCD_FillCircle  stm32f429i_discovery_lcd.o
    0x080013a8   0x080013a8   0x00000124   Code   RO         1613    i.BSP_LCD_FillEllipse  stm32f429i_discovery_lcd.o
    0x080014cc   0x080014cc   0x000001b0   Code   RO         1614    i.BSP_LCD_FillPolygon  stm32f429i_discovery_lcd.o
    0x0800167c   0x0800167c   0x0000007c   Code   RO         1615    i.BSP_LCD_FillRect  stm32f429i_discovery_lcd.o
    0x080016f8   0x080016f8   0x00000128   Code   RO         1616    i.BSP_LCD_FillTriangle  stm32f429i_discovery_lcd.o
    0x08001820   0x08001820   0x0000001c   Code   RO         1618    i.BSP_LCD_GetFont   stm32f429i_discovery_lcd.o
    0x0800183c   0x0800183c   0x00000010   Code   RO         1620    i.BSP_LCD_GetXSize  stm32f429i_discovery_lcd.o
    0x0800184c   0x0800184c   0x00000010   Code   RO         1621    i.BSP_LCD_GetYSize  stm32f429i_discovery_lcd.o
    0x0800185c   0x0800185c   0x000000a8   Code   RO         1622    i.BSP_LCD_Init      stm32f429i_discovery_lcd.o
    0x08001904   0x08001904   0x00000098   Code   RO         1623    i.BSP_LCD_LayerDefaultInit  stm32f429i_discovery_lcd.o
    0x0800199c   0x0800199c   0x0000019c   Code   RO         1624    i.BSP_LCD_MspInit   stm32f429i_discovery_lcd.o
    0x08001b38   0x08001b38   0x0000001c   Code   RO         1630    i.BSP_LCD_SetBackColor  stm32f429i_discovery_lcd.o
    0x08001b54   0x08001b54   0x0000001c   Code   RO         1633    i.BSP_LCD_SetFont   stm32f429i_discovery_lcd.o
    0x08001b70   0x08001b70   0x00000018   Code   RO         1640    i.BSP_LCD_SetTextColor  stm32f429i_discovery_lcd.o
    0x08001b88   0x08001b88   0x000000d8   Code   RO         1310    i.BSP_LED_Init      stm32f429i_discovery.o
    0x08001c60   0x08001c60   0x00000020   Code   RO         1311    i.BSP_LED_Off       stm32f429i_discovery.o
    0x08001c80   0x08001c80   0x00000020   Code   RO         1312    i.BSP_LED_On        stm32f429i_discovery.o
    0x08001ca0   0x08001ca0   0x00000020   Code   RO         1313    i.BSP_LED_Toggle    stm32f429i_discovery.o
    0x08001cc0   0x08001cc0   0x00000020   Code   RO         1314    i.BSP_PB_GetState   stm32f429i_discovery.o
    0x08001ce0   0x08001ce0   0x000000a0   Code   RO         1315    i.BSP_PB_Init       stm32f429i_discovery.o
    0x08001d80   0x08001d80   0x00000090   Code   RO         1938    i.BSP_SDRAM_Init    stm32f429i_discovery_sdram.o
    0x08001e10   0x08001e10   0x00000098   Code   RO         1939    i.BSP_SDRAM_Initialization_sequence  stm32f429i_discovery_sdram.o
    0x08001ea8   0x08001ea8   0x000001ec   Code   RO         1941    i.BSP_SDRAM_MspInit  stm32f429i_discovery_sdram.o
    0x08002094   0x08002094   0x00000134   Code   RO         2018    i.BSP_TS_GetState   stm32f429i_discovery_ts.o
    0x080021c8   0x080021c8   0x00000054   Code   RO         2022    i.BSP_TS_Init       stm32f429i_discovery_ts.o
    0x0800221c   0x0800221c   0x00000004   Code   RO          573    i.BusFault_Handler  stm32f4xx_it.o
    0x08002220   0x08002220   0x00000028   Code   RO          478    i.Calibration_GetX  ts_calibration.o
    0x08002248   0x08002248   0x00000028   Code   RO          479    i.Calibration_GetY  ts_calibration.o
    0x08002270   0x08002270   0x0000001e   Code   RO          330    i.CheckForUserInput  main.o
    0x0800228e   0x0800228e   0x00000002   PAD
    0x08002290   0x08002290   0x00000064   Code   RO         1643    i.ConvertLineToARGB8888  stm32f429i_discovery_lcd.o
    0x080022f4   0x080022f4   0x00000108   Code   RO         4056    i.DMA2D_SetConfig   stm32f4xx_hal_dma2d.o
    0x080023fc   0x080023fc   0x00000034   Code   RO         3517    i.DMA_CalcBaseAndBitshift  stm32f4xx_hal_dma.o
    0x08002430   0x08002430   0x000000aa   Code   RO         3518    i.DMA_CheckFifoParam  stm32f4xx_hal_dma.o
    0x080024da   0x080024da   0x00000002   Code   RO          574    i.DebugMon_Handler  stm32f4xx_it.o
    0x080024dc   0x080024dc   0x00000128   Code   RO          854    i.DoHvacSimpleMode  hvac_ctl.o
    0x08002604   0x08002604   0x00000308   Code   RO          661    i.Do_Ir_Rmt_Txr     ir_rmt_txr.o
    0x0800290c   0x0800290c   0x00000108   Code   RO         1644    i.DrawChar          stm32f429i_discovery_lcd.o
    0x08002a14   0x08002a14   0x0000000a   Code   RO          575    i.EXTI0_IRQHandler  stm32f4xx_it.o
    0x08002a1e   0x08002a1e   0x00000074   Code   RO         4962    i.FMC_SDRAM_Init    stm32f4xx_ll_fmc.o
    0x08002a92   0x08002a92   0x0000000e   Code   RO         4963    i.FMC_SDRAM_ProgramRefreshRate  stm32f4xx_ll_fmc.o
    0x08002aa0   0x08002aa0   0x00000052   Code   RO         4964    i.FMC_SDRAM_SendCommand  stm32f4xx_ll_fmc.o
    0x08002af2   0x08002af2   0x00000002   PAD
    0x08002af4   0x08002af4   0x0000009c   Code   RO         4966    i.FMC_SDRAM_Timing_Init  stm32f4xx_ll_fmc.o
    0x08002b90   0x08002b90   0x00000060   Code   RO         1645    i.FillBuffer        stm32f429i_discovery_lcd.o
    0x08002bf0   0x08002bf0   0x00000240   Code   RO          855    i.FrostCheck        hvac_ctl.o
    0x08002e30   0x08002e30   0x00000094   Code   RO         1316    i.GYRO_IO_Init      stm32f429i_discovery.o
    0x08002ec4   0x08002ec4   0x0000004c   Code   RO         1317    i.GYRO_IO_Read      stm32f429i_discovery.o
    0x08002f10   0x08002f10   0x00000044   Code   RO         1318    i.GYRO_IO_Write     stm32f429i_discovery.o
    0x08002f54   0x08002f54   0x0000003e   Code   RO          773    i.GetAdcConversion  adc.o
    0x08002f92   0x08002f92   0x00000002   PAD
    0x08002f94   0x08002f94   0x0000006c   Code   RO          480    i.GetPhysValues     ts_calibration.o
    0x08003000   0x08003000   0x0000032c   Code   RO          440    i.Gyroscope_DrawBackground  mems.o
    0x0800332c   0x0800332c   0x00000194   Code   RO         5722    i.HAL_ADC_ConfigChannel  stm32f4xx_hal_adc.o
    0x080034c0   0x080034c0   0x00000006   Code   RO         5728    i.HAL_ADC_GetState  stm32f4xx_hal_adc.o
    0x080034c6   0x080034c6   0x00000008   Code   RO         5729    i.HAL_ADC_GetValue  stm32f4xx_hal_adc.o
    0x080034ce   0x080034ce   0x00000002   PAD
    0x080034d0   0x080034d0   0x00000068   Code   RO         5731    i.HAL_ADC_Init      stm32f4xx_hal_adc.o
    0x08003538   0x08003538   0x000000a4   Code   RO          777    i.HAL_ADC_MspInit   adc.o
    0x080035dc   0x080035dc   0x000000ba   Code   RO         5735    i.HAL_ADC_PollForConversion  stm32f4xx_hal_adc.o
    0x08003696   0x08003696   0x00000002   PAD
    0x08003698   0x08003698   0x00000100   Code   RO         5737    i.HAL_ADC_Start     stm32f4xx_hal_adc.o
    0x08003798   0x08003798   0x00000100   Code   RO         4068    i.HAL_DMA2D_ConfigLayer  stm32f4xx_hal_dma2d.o
    0x08003898   0x08003898   0x00000060   Code   RO         4076    i.HAL_DMA2D_Init    stm32f4xx_hal_dma2d.o
    0x080038f8   0x080038f8   0x00000002   Code   RO         4079    i.HAL_DMA2D_MspInit  stm32f4xx_hal_dma2d.o
    0x080038fa   0x080038fa   0x00000168   Code   RO         4080    i.HAL_DMA2D_PollForTransfer  stm32f4xx_hal_dma2d.o
    0x08003a62   0x08003a62   0x0000004e   Code   RO         4083    i.HAL_DMA2D_Start   stm32f4xx_hal_dma2d.o
    0x08003ab0   0x08003ab0   0x00000062   Code   RO         3522    i.HAL_DMA_DeInit    stm32f4xx_hal_dma.o
    0x08003b12   0x08003b12   0x00000002   PAD
    0x08003b14   0x08003b14   0x000000ec   Code   RO         3526    i.HAL_DMA_Init      stm32f4xx_hal_dma.o
    0x08003c00   0x08003c00   0x0000001e   Code   RO         5247    i.HAL_Delay         stm32f4xx_hal.o
    0x08003c1e   0x08003c1e   0x00000002   PAD
    0x08003c20   0x08003c20   0x00000010   Code   RO          331    i.HAL_GPIO_EXTI_Callback  main.o
    0x08003c30   0x08003c30   0x0000001c   Code   RO         4878    i.HAL_GPIO_EXTI_IRQHandler  stm32f4xx_hal_gpio.o
    0x08003c4c   0x08003c4c   0x0000021c   Code   RO         4879    i.HAL_GPIO_Init     stm32f4xx_hal_gpio.o
    0x08003e68   0x08003e68   0x00000010   Code   RO         4881    i.HAL_GPIO_ReadPin  stm32f4xx_hal_gpio.o
    0x08003e78   0x08003e78   0x00000008   Code   RO         4882    i.HAL_GPIO_TogglePin  stm32f4xx_hal_gpio.o
    0x08003e80   0x08003e80   0x0000000c   Code   RO         4883    i.HAL_GPIO_WritePin  stm32f4xx_hal_gpio.o
    0x08003e8c   0x08003e8c   0x0000000c   Code   RO         5255    i.HAL_GetTick       stm32f4xx_hal.o
    0x08003e98   0x08003e98   0x0000003c   Code   RO         3625    i.HAL_I2C_DeInit    stm32f4xx_hal_i2c.o
    0x08003ed4   0x08003ed4   0x00000008   Code   RO         3633    i.HAL_I2C_GetState  stm32f4xx_hal_i2c.o
    0x08003edc   0x08003edc   0x00000128   Code   RO         3634    i.HAL_I2C_Init      stm32f4xx_hal_i2c.o
    0x08004004   0x08004004   0x00000328   Code   RO         3650    i.HAL_I2C_Mem_Read  stm32f4xx_hal_i2c.o
    0x0800432c   0x0800432c   0x00000188   Code   RO         3653    i.HAL_I2C_Mem_Write  stm32f4xx_hal_i2c.o
    0x080044b4   0x080044b4   0x00000002   Code   RO         3656    i.HAL_I2C_MspDeInit  stm32f4xx_hal_i2c.o
    0x080044b6   0x080044b6   0x00000002   Code   RO         3657    i.HAL_I2C_MspInit   stm32f4xx_hal_i2c.o
    0x080044b8   0x080044b8   0x00000010   Code   RO         5257    i.HAL_IncTick       stm32f4xx_hal.o
    0x080044c8   0x080044c8   0x0000003c   Code   RO         5258    i.HAL_Init          stm32f4xx_hal.o
    0x08004504   0x08004504   0x00000028   Code   RO         5259    i.HAL_InitTick      stm32f4xx_hal.o
    0x0800452c   0x0800452c   0x0000005e   Code   RO         4466    i.HAL_LTDC_ConfigLayer  stm32f4xx_hal_ltdc.o
    0x0800458a   0x0800458a   0x00000002   PAD
    0x0800458c   0x0800458c   0x00000044   Code   RO         4478    i.HAL_LTDC_EnableDither  stm32f4xx_hal_ltdc.o
    0x080045d0   0x080045d0   0x0000011c   Code   RO         4483    i.HAL_LTDC_Init     stm32f4xx_hal_ltdc.o
    0x080046ec   0x080046ec   0x00000002   Code   RO         4486    i.HAL_LTDC_MspInit  stm32f4xx_hal_ltdc.o
    0x080046ee   0x080046ee   0x00000002   Code   RO         5261    i.HAL_MspInit       stm32f4xx_hal.o
    0x080046f0   0x080046f0   0x00000020   Code   RO         3015    i.HAL_NVIC_EnableIRQ  stm32f4xx_hal_cortex.o
    0x08004710   0x08004710   0x0000007c   Code   RO         3021    i.HAL_NVIC_SetPriority  stm32f4xx_hal_cortex.o
    0x0800478c   0x0800478c   0x00000028   Code   RO         3022    i.HAL_NVIC_SetPriorityGrouping  stm32f4xx_hal_cortex.o
    0x080047b4   0x080047b4   0x000000a4   Code   RO         5429    i.HAL_PWREx_EnableOverDrive  stm32f4xx_hal_pwr_ex.o
    0x08004858   0x08004858   0x00000370   Code   RO         4255    i.HAL_RCCEx_PeriphCLKConfig  stm32f4xx_hal_rcc_ex.o
    0x08004bc8   0x08004bc8   0x000001d0   Code   RO         5616    i.HAL_RCC_ClockConfig  stm32f4xx_hal_rcc.o
    0x08004d98   0x08004d98   0x0000000c   Code   RO         5621    i.HAL_RCC_GetHCLKFreq  stm32f4xx_hal_rcc.o
    0x08004da4   0x08004da4   0x0000002c   Code   RO         5623    i.HAL_RCC_GetPCLK1Freq  stm32f4xx_hal_rcc.o
    0x08004dd0   0x08004dd0   0x000000b4   Code   RO         5625    i.HAL_RCC_GetSysClockFreq  stm32f4xx_hal_rcc.o
    0x08004e84   0x08004e84   0x0000044c   Code   RO         5628    i.HAL_RCC_OscConfig  stm32f4xx_hal_rcc.o
    0x080052d0   0x080052d0   0x00000040   Code   RO         4726    i.HAL_SDRAM_Init    stm32f4xx_hal_sdram.o
    0x08005310   0x08005310   0x00000002   Code   RO         4728    i.HAL_SDRAM_MspInit  stm32f4xx_hal_sdram.o
    0x08005312   0x08005312   0x00000028   Code   RO         4729    i.HAL_SDRAM_ProgramRefreshRate  stm32f4xx_hal_sdram.o
    0x0800533a   0x0800533a   0x0000003a   Code   RO         4735    i.HAL_SDRAM_SendCommand  stm32f4xx_hal_sdram.o
    0x08005374   0x08005374   0x00000036   Code   RO         3156    i.HAL_SPI_DeInit    stm32f4xx_hal_spi.o
    0x080053aa   0x080053aa   0x00000008   Code   RO         3159    i.HAL_SPI_GetState  stm32f4xx_hal_spi.o
    0x080053b2   0x080053b2   0x000000a0   Code   RO         3161    i.HAL_SPI_Init      stm32f4xx_hal_spi.o
    0x08005452   0x08005452   0x00000002   Code   RO         3162    i.HAL_SPI_MspDeInit  stm32f4xx_hal_spi.o
    0x08005454   0x08005454   0x00000002   Code   RO         3163    i.HAL_SPI_MspInit   stm32f4xx_hal_spi.o
    0x08005456   0x08005456   0x00000224   Code   RO         3164    i.HAL_SPI_Receive   stm32f4xx_hal_spi.o
    0x0800567a   0x0800567a   0x000001e0   Code   RO         3169    i.HAL_SPI_Transmit  stm32f4xx_hal_spi.o
    0x0800585a   0x0800585a   0x000002cc   Code   RO         3170    i.HAL_SPI_TransmitReceive  stm32f4xx_hal_spi.o
    0x08005b26   0x08005b26   0x00000028   Code   RO         3024    i.HAL_SYSTICK_CLKSourceConfig  stm32f4xx_hal_cortex.o
    0x08005b4e   0x08005b4e   0x00000002   PAD
    0x08005b50   0x08005b50   0x00000030   Code   RO          332    i.HAL_SYSTICK_Callback  main.o
    0x08005b80   0x08005b80   0x00000034   Code   RO         3026    i.HAL_SYSTICK_Config  stm32f4xx_hal_cortex.o
    0x08005bb4   0x08005bb4   0x00000008   Code   RO         3027    i.HAL_SYSTICK_IRQHandler  stm32f4xx_hal_cortex.o
    0x08005bbc   0x08005bbc   0x00000002   Code   RO         2771    i.HAL_TIMEx_BreakCallback  stm32f4xx_hal_tim_ex.o
    0x08005bbe   0x08005bbe   0x00000002   Code   RO         2772    i.HAL_TIMEx_CommutationCallback  stm32f4xx_hal_tim_ex.o
    0x08005bc0   0x08005bc0   0x00000062   Code   RO         2788    i.HAL_TIMEx_MasterConfigSynchronization  stm32f4xx_hal_tim_ex.o
    0x08005c22   0x08005c22   0x00000034   Code   RO         2132    i.HAL_TIM_Base_Init  stm32f4xx_hal_tim.o
    0x08005c56   0x08005c56   0x00000002   PAD
    0x08005c58   0x08005c58   0x00000048   Code   RO          726    i.HAL_TIM_Base_MspInit  tim.o
    0x08005ca0   0x08005ca0   0x0000001e   Code   RO         2137    i.HAL_TIM_Base_Start_IT  stm32f4xx_hal_tim.o
    0x08005cbe   0x08005cbe   0x00000038   Code   RO         2140    i.HAL_TIM_Base_Stop_IT  stm32f4xx_hal_tim.o
    0x08005cf6   0x08005cf6   0x00000132   Code   RO         2141    i.HAL_TIM_ConfigClockSource  stm32f4xx_hal_tim.o
    0x08005e28   0x08005e28   0x00000002   Code   RO         2161    i.HAL_TIM_IC_CaptureCallback  stm32f4xx_hal_tim.o
    0x08005e2a   0x08005e2a   0x00000196   Code   RO         2174    i.HAL_TIM_IRQHandler  stm32f4xx_hal_tim.o
    0x08005fc0   0x08005fc0   0x00000002   Code   RO         2177    i.HAL_TIM_OC_DelayElapsedCallback  stm32f4xx_hal_tim.o
    0x08005fc2   0x08005fc2   0x00000002   Code   RO         2204    i.HAL_TIM_PWM_PulseFinishedCallback  stm32f4xx_hal_tim.o
    0x08005fc4   0x08005fc4   0x00000024   Code   RO          727    i.HAL_TIM_PeriodElapsedCallback  tim.o
    0x08005fe8   0x08005fe8   0x00000002   Code   RO         2215    i.HAL_TIM_TriggerCallback  stm32f4xx_hal_tim.o
    0x08005fea   0x08005fea   0x00000004   Code   RO          576    i.HardFault_Handler  stm32f4xx_it.o
    0x08005fee   0x08005fee   0x00000034   Code   RO         3672    i.I2C_IsAcknowledgeFailed  stm32f4xx_hal_i2c.o
    0x08006022   0x08006022   0x00000002   PAD
    0x08006024   0x08006024   0x00000158   Code   RO         3682    i.I2C_RequestMemoryRead  stm32f4xx_hal_i2c.o
    0x0800617c   0x0800617c   0x000000e0   Code   RO         3683    i.I2C_RequestMemoryWrite  stm32f4xx_hal_i2c.o
    0x0800625c   0x0800625c   0x00000056   Code   RO         3691    i.I2C_WaitOnBTFFlagUntilTimeout  stm32f4xx_hal_i2c.o
    0x080062b2   0x080062b2   0x0000007c   Code   RO         3692    i.I2C_WaitOnFlagUntilTimeout  stm32f4xx_hal_i2c.o
    0x0800632e   0x0800632e   0x000000ac   Code   RO         3693    i.I2C_WaitOnMasterAddressFlagUntilTimeout  stm32f4xx_hal_i2c.o
    0x080063da   0x080063da   0x0000006e   Code   RO         3694    i.I2C_WaitOnRXNEFlagUntilTimeout  stm32f4xx_hal_i2c.o
    0x08006448   0x08006448   0x00000056   Code   RO         3696    i.I2C_WaitOnTXEFlagUntilTimeout  stm32f4xx_hal_i2c.o
    0x0800649e   0x0800649e   0x00000002   PAD
    0x080064a0   0x080064a0   0x00000014   Code   RO         1319    i.I2Cx_Error        stm32f429i_discovery.o
    0x080064b4   0x080064b4   0x00000060   Code   RO         1320    i.I2Cx_ITConfig     stm32f429i_discovery.o
    0x08006514   0x08006514   0x00000044   Code   RO         1321    i.I2Cx_Init         stm32f429i_discovery.o
    0x08006558   0x08006558   0x000000e8   Code   RO         1322    i.I2Cx_MspInit      stm32f429i_discovery.o
    0x08006640   0x08006640   0x00000044   Code   RO         1323    i.I2Cx_ReadBuffer   stm32f429i_discovery.o
    0x08006684   0x08006684   0x00000040   Code   RO         1324    i.I2Cx_ReadData     stm32f429i_discovery.o
    0x080066c4   0x080066c4   0x00000038   Code   RO         1326    i.I2Cx_WriteData    stm32f429i_discovery.o
    0x080066fc   0x080066fc   0x0000000c   Code   RO         1327    i.IOE_Delay         stm32f429i_discovery.o
    0x08006708   0x08006708   0x00000008   Code   RO         1328    i.IOE_ITConfig      stm32f429i_discovery.o
    0x08006710   0x08006710   0x00000008   Code   RO         1329    i.IOE_Init          stm32f429i_discovery.o
    0x08006718   0x08006718   0x00000010   Code   RO         1330    i.IOE_Read          stm32f429i_discovery.o
    0x08006728   0x08006728   0x0000001c   Code   RO         1331    i.IOE_ReadMultiple  stm32f429i_discovery.o
    0x08006744   0x08006744   0x00000014   Code   RO         1332    i.IOE_Write         stm32f429i_discovery.o
    0x08006758   0x08006758   0x00000054   Code   RO          662    i.IRLED_Init        ir_rmt_txr.o
    0x080067ac   0x080067ac   0x00000014   Code   RO          663    i.IRLED_Off         ir_rmt_txr.o
    0x080067c0   0x080067c0   0x00000010   Code   RO          665    i.IRLED_Toggle      ir_rmt_txr.o
    0x080067d0   0x080067d0   0x0000000c   Code   RO          481    i.IsCalibrationDone  ts_calibration.o
    0x080067dc   0x080067dc   0x00000002   Code   RO         1219    i.L3GD20_DeInit     l3gd20.o
    0x080067de   0x080067de   0x00000042   Code   RO         1220    i.L3GD20_DisableIT  l3gd20.o
    0x08006820   0x08006820   0x0000004a   Code   RO         1221    i.L3GD20_EnableIT   l3gd20.o
    0x0800686a   0x0800686a   0x0000002c   Code   RO         1222    i.L3GD20_FilterCmd  l3gd20.o
    0x08006896   0x08006896   0x0000002c   Code   RO         1223    i.L3GD20_FilterConfig  l3gd20.o
    0x080068c2   0x080068c2   0x0000005e   Code   RO         1225    i.L3GD20_INT1InterruptConfig  l3gd20.o
    0x08006920   0x08006920   0x0000002a   Code   RO         1226    i.L3GD20_Init       l3gd20.o
    0x0800694a   0x0800694a   0x00000018   Code   RO         1227    i.L3GD20_LowPower   l3gd20.o
    0x08006962   0x08006962   0x00000016   Code   RO         1228    i.L3GD20_ReadID     l3gd20.o
    0x08006978   0x08006978   0x000000f8   Code   RO         1229    i.L3GD20_ReadXYZAngRate  l3gd20.o
    0x08006a70   0x08006a70   0x00000022   Code   RO         1230    i.L3GD20_RebootCmd  l3gd20.o
    0x08006a92   0x08006a92   0x0000000c   Code   RO         1334    i.LCD_Delay         stm32f429i_discovery.o
    0x08006a9e   0x08006a9e   0x00000002   PAD
    0x08006aa0   0x08006aa0   0x000000e8   Code   RO         1335    i.LCD_IO_Init       stm32f429i_discovery.o
    0x08006b88   0x08006b88   0x0000004c   Code   RO         1336    i.LCD_IO_ReadData   stm32f429i_discovery.o
    0x08006bd4   0x08006bd4   0x00000034   Code   RO         1337    i.LCD_IO_WriteData  stm32f429i_discovery.o
    0x08006c08   0x08006c08   0x00000034   Code   RO         1338    i.LCD_IO_WriteReg   stm32f429i_discovery.o
    0x08006c3c   0x08006c3c   0x0000001c   Code   RO           69    i.LCD_LOG_ClearTextZone  lcd_log.o
    0x08006c58   0x08006c58   0x00000068   Code   RO           70    i.LCD_LOG_DeInit    lcd_log.o
    0x08006cc0   0x08006cc0   0x00000010   Code   RO           71    i.LCD_LOG_Init      lcd_log.o
    0x08006cd0   0x08006cd0   0x0000007c   Code   RO           74    i.LCD_LOG_SetFooter  lcd_log.o
    0x08006d4c   0x08006d4c   0x0000006c   Code   RO           75    i.LCD_LOG_SetHeader  lcd_log.o
    0x08006db8   0x08006db8   0x000000c4   Code   RO           76    i.LCD_LOG_UpdateDisplay  lcd_log.o
    0x08006e7c   0x08006e7c   0x00000114   Code   RO          263    i.LCD_SetHint       lcd.o
    0x08006f90   0x08006f90   0x00000308   Code   RO          264    i.LCD_Show_Feature  lcd.o
    0x08007298   0x08007298   0x00000048   Code   RO          265    i.LCD_demo          lcd.o
    0x080072e0   0x080072e0   0x00000212   Code   RO         4502    i.LTDC_SetConfig    stm32f4xx_hal_ltdc.o
    0x080074f2   0x080074f2   0x00000002   PAD
    0x080074f4   0x080074f4   0x000000cc   Code   RO          416    i.Log_demo          log.o
    0x080075c0   0x080075c0   0x0000010c   Code   RO          441    i.MEMS_SetHint      mems.o
    0x080076cc   0x080076cc   0x00000310   Code   RO          442    i.MEMS_demo         mems.o
    0x080079dc   0x080079dc   0x00000058   Code   RO          778    i.MX_ADC1_Init      adc.o
    0x08007a34   0x08007a34   0x00000064   Code   RO          779    i.MX_ADC3_Init      adc.o
    0x08007a98   0x08007a98   0x00000108   Code   RO          908    i.MX_GPIO_Init      gpio.o
    0x08007ba0   0x08007ba0   0x00000004   Code   RO          577    i.MemManage_Handler  stm32f4xx_it.o
    0x08007ba4   0x08007ba4   0x00000002   Code   RO          578    i.NMI_Handler       stm32f4xx_it.o
    0x08007ba6   0x08007ba6   0x00000002   Code   RO          579    i.PendSV_Handler    stm32f4xx_it.o
    0x08007ba8   0x08007ba8   0x0000003c   Code   RO          836    i.ProcessRT         10kntc.o
    0x08007be4   0x08007be4   0x00000028   Code   RO         3187    i.SPI_CheckFlag_BSY  stm32f4xx_hal_spi.o
    0x08007c0c   0x08007c0c   0x000000aa   Code   RO         3207    i.SPI_WaitFlagStateUntilTimeout  stm32f4xx_hal_spi.o
    0x08007cb6   0x08007cb6   0x00000002   PAD
    0x08007cb8   0x08007cb8   0x00000014   Code   RO         1339    i.SPIx_Error        stm32f429i_discovery.o
    0x08007ccc   0x08007ccc   0x00000054   Code   RO         1340    i.SPIx_Init         stm32f429i_discovery.o
    0x08007d20   0x08007d20   0x00000074   Code   RO         1341    i.SPIx_MspInit      stm32f429i_discovery.o
    0x08007d94   0x08007d94   0x00000028   Code   RO         1342    i.SPIx_Read         stm32f429i_discovery.o
    0x08007dbc   0x08007dbc   0x00000024   Code   RO         1343    i.SPIx_Write        stm32f429i_discovery.o
    0x08007de0   0x08007de0   0x00000030   Code   RO         1344    i.SPIx_WriteRead    stm32f429i_discovery.o
    0x08007e10   0x08007e10   0x00000002   Code   RO          580    i.SVC_Handler       stm32f4xx_it.o
    0x08007e12   0x08007e12   0x00000002   PAD
    0x08007e14   0x08007e14   0x00000038   Code   RO          666    i.SendFrame         ir_rmt_txr.o
    0x08007e4c   0x08007e4c   0x0000000c   Code   RO          581    i.SysTick_Handler   stm32f4xx_it.o
    0x08007e58   0x08007e58   0x000000bc   Code   RO          333    i.SystemClock_Config  main.o
    0x08007f14   0x08007f14   0x00000064   Code   RO            5    i.SystemInit        system_stm32f4xx.o
    0x08007f78   0x08007f78   0x0000004c   Code   RO          728    i.TIM1_Init         tim.o
    0x08007fc4   0x08007fc4   0x00000010   Code   RO          582    i.TIM1_UP_TIM10_IRQHandler  stm32f4xx_it.o
    0x08007fd4   0x08007fd4   0x000000e4   Code   RO         2216    i.TIM_Base_SetConfig  stm32f4xx_hal_tim.o
    0x080080b8   0x080080b8   0x00000018   Code   RO         2223    i.TIM_ETR_SetConfig  stm32f4xx_hal_tim.o
    0x080080d0   0x080080d0   0x00000014   Code   RO         2224    i.TIM_ITRx_SetConfig  stm32f4xx_hal_tim.o
    0x080080e4   0x080080e4   0x0000002a   Code   RO         2230    i.TIM_TI1_ConfigInputStage  stm32f4xx_hal_tim.o
    0x0800810e   0x0800810e   0x0000002c   Code   RO         2232    i.TIM_TI2_ConfigInputStage  stm32f4xx_hal_tim.o
    0x0800813a   0x0800813a   0x00000002   PAD
    0x0800813c   0x0800813c   0x000000c8   Code   RO          482    i.TouchscreenCalibration_SetHint  ts_calibration.o
    0x08008204   0x08008204   0x000001ac   Code   RO          483    i.Touchscreen_Calibration  ts_calibration.o
    0x080083b0   0x080083b0   0x00000294   Code   RO          537    i.Touchscreen_DrawBackground  touchscreen.o
    0x08008644   0x08008644   0x00000118   Code   RO          538    i.Touchscreen_SetHint  touchscreen.o
    0x0800875c   0x0800875c   0x00000290   Code   RO          539    i.Touchscreen_demo  touchscreen.o
    0x080089ec   0x080089ec   0x00000004   Code   RO          583    i.UsageFault_Handler  stm32f4xx_it.o
    0x080089f0   0x080089f0   0x0000004c   Code   RO          484    i.WaitForPressedState  ts_calibration.o
    0x08008a3c   0x08008a3c   0x00000020   Code   RO         6240    i.__0printf         mc_w.l(printfa.o)
    0x08008a5c   0x08008a5c   0x00000028   Code   RO         6242    i.__0sprintf        mc_w.l(printfa.o)
    0x08008a84   0x08008a84   0x00000010   Code   RO         3028    i.__NVIC_GetPriorityGrouping  stm32f4xx_hal_cortex.o
    0x08008a94   0x08008a94   0x00000028   Code   RO         3029    i.__NVIC_SetPriority  stm32f4xx_hal_cortex.o
    0x08008abc   0x08008abc   0x0000000e   Code   RO         6312    i.__scatterload_copy  mc_w.l(handlers.o)
    0x08008aca   0x08008aca   0x00000002   Code   RO         6313    i.__scatterload_null  mc_w.l(handlers.o)
    0x08008acc   0x08008acc   0x0000000e   Code   RO         6314    i.__scatterload_zeroinit  mc_w.l(handlers.o)
    0x08008ada   0x08008ada   0x00000002   PAD
    0x08008adc   0x08008adc   0x00000184   Code   RO         6247    i._fp_digits        mc_w.l(printfa.o)
    0x08008c60   0x08008c60   0x000006dc   Code   RO         6248    i._printf_core      mc_w.l(printfa.o)
    0x0800933c   0x0800933c   0x00000024   Code   RO         6249    i._printf_post_padding  mc_w.l(printfa.o)
    0x08009360   0x08009360   0x0000002e   Code   RO         6250    i._printf_pre_padding  mc_w.l(printfa.o)
    0x0800938e   0x0800938e   0x0000000a   Code   RO         6252    i._sputc            mc_w.l(printfa.o)
    0x08009398   0x08009398   0x00000078   Code   RO          857    i.bWarmedUp         hvac_ctl.o
    0x08009410   0x08009410   0x00000084   Code   RO          858    i.calc_uptime       hvac_ctl.o
    0x08009494   0x08009494   0x00000178   Code   RO           77    i.fputc             lcd_log.o
    0x0800960c   0x0800960c   0x0000000a   Code   RO          929    i.ili9341_DisplayOff  ili9341.o
    0x08009616   0x08009616   0x0000000a   Code   RO          930    i.ili9341_DisplayOn  ili9341.o
    0x08009620   0x08009620   0x00000006   Code   RO          931    i.ili9341_GetLcdPixelHeight  ili9341.o
    0x08009626   0x08009626   0x00000004   Code   RO          932    i.ili9341_GetLcdPixelWidth  ili9341.o
    0x0800962a   0x0800962a   0x00000290   Code   RO          933    i.ili9341_Init      ili9341.o
    0x080098ba   0x080098ba   0x00000010   Code   RO          934    i.ili9341_ReadData  ili9341.o
    0x080098ca   0x080098ca   0x00000012   Code   RO          935    i.ili9341_ReadID    ili9341.o
    0x080098dc   0x080098dc   0x0000000c   Code   RO          936    i.ili9341_WriteData  ili9341.o
    0x080098e8   0x080098e8   0x0000000c   Code   RO          937    i.ili9341_WriteReg  ili9341.o
    0x080098f4   0x080098f4   0x00000104   Code   RO          335    i.main              main.o
    0x080099f8   0x080099f8   0x00000012   Code   RO          998    i.stmpe811_ClearGlobalIT  stmpe811.o
    0x08009a0a   0x08009a0a   0x00000020   Code   RO          999    i.stmpe811_DisableGlobalIT  stmpe811.o
    0x08009a2a   0x08009a2a   0x00000020   Code   RO         1000    i.stmpe811_DisableITSource  stmpe811.o
    0x08009a4a   0x08009a4a   0x00000020   Code   RO         1001    i.stmpe811_EnableGlobalIT  stmpe811.o
    0x08009a6a   0x08009a6a   0x00000020   Code   RO         1002    i.stmpe811_EnableITSource  stmpe811.o
    0x08009a8a   0x08009a8a   0x00000002   PAD
    0x08009a8c   0x08009a8c   0x00000024   Code   RO         1003    i.stmpe811_GetInstance  stmpe811.o
    0x08009ab0   0x08009ab0   0x00000038   Code   RO         1005    i.stmpe811_IO_ClearIT  stmpe811.o
    0x08009ae8   0x08009ae8   0x000000ea   Code   RO         1006    i.stmpe811_IO_Config  stmpe811.o
    0x08009bd2   0x08009bd2   0x00000022   Code   RO         1007    i.stmpe811_IO_DisableAF  stmpe811.o
    0x08009bf4   0x08009bf4   0x00000014   Code   RO         1008    i.stmpe811_IO_DisableIT  stmpe811.o
    0x08009c08   0x08009c08   0x00000020   Code   RO         1010    i.stmpe811_IO_EnableAF  stmpe811.o
    0x08009c28   0x08009c28   0x00000018   Code   RO         1011    i.stmpe811_IO_EnableIT  stmpe811.o
    0x08009c40   0x08009c40   0x00000022   Code   RO         1012    i.stmpe811_IO_EnablePinIT  stmpe811.o
    0x08009c62   0x08009c62   0x00000012   Code   RO         1013    i.stmpe811_IO_ITStatus  stmpe811.o
    0x08009c74   0x08009c74   0x0000002e   Code   RO         1014    i.stmpe811_IO_InitPin  stmpe811.o
    0x08009ca2   0x08009ca2   0x00000012   Code   RO         1015    i.stmpe811_IO_ReadPin  stmpe811.o
    0x08009cb4   0x08009cb4   0x00000056   Code   RO         1016    i.stmpe811_IO_SetEdgeMode  stmpe811.o
    0x08009d0a   0x08009d0a   0x00000028   Code   RO         1017    i.stmpe811_IO_Start  stmpe811.o
    0x08009d32   0x08009d32   0x00000022   Code   RO         1018    i.stmpe811_IO_WritePin  stmpe811.o
    0x08009d54   0x08009d54   0x00000030   Code   RO         1019    i.stmpe811_Init     stmpe811.o
    0x08009d84   0x08009d84   0x00000012   Code   RO         1020    i.stmpe811_ReadGITStatus  stmpe811.o
    0x08009d96   0x08009d96   0x00000020   Code   RO         1021    i.stmpe811_ReadID   stmpe811.o
    0x08009db6   0x08009db6   0x00000026   Code   RO         1022    i.stmpe811_Reset    stmpe811.o
    0x08009ddc   0x08009ddc   0x00000024   Code   RO         1023    i.stmpe811_SetITPolarity  stmpe811.o
    0x08009e00   0x08009e00   0x00000024   Code   RO         1024    i.stmpe811_SetITType  stmpe811.o
    0x08009e24   0x08009e24   0x0000000e   Code   RO         1025    i.stmpe811_TS_ClearIT  stmpe811.o
    0x08009e32   0x08009e32   0x0000003c   Code   RO         1026    i.stmpe811_TS_DetectTouch  stmpe811.o
    0x08009e6e   0x08009e6e   0x00000014   Code   RO         1027    i.stmpe811_TS_DisableIT  stmpe811.o
    0x08009e82   0x08009e82   0x00000018   Code   RO         1028    i.stmpe811_TS_EnableIT  stmpe811.o
    0x08009e9a   0x08009e9a   0x00000058   Code   RO         1029    i.stmpe811_TS_GetXY  stmpe811.o
    0x08009ef2   0x08009ef2   0x0000000e   Code   RO         1030    i.stmpe811_TS_ITStatus  stmpe811.o
    0x08009f00   0x08009f00   0x000000a4   Code   RO         1031    i.stmpe811_TS_Start  stmpe811.o
    0x08009fa4   0x08009fa4   0x00000018   Data   RO            6    .constdata          system_stm32f4xx.o
    0x08009fbc   0x08009fbc   0x00000018   Data   RO          266    .constdata          lcd.o
    0x08009fd4   0x08009fd4   0x000023d6   Data   RO          336    .constdata          main.o
    0x0800c3aa   0x0800c3aa   0x00000002   PAD
    0x0800c3ac   0x0800c3ac   0x00000238   Data   RO          837    .constdata          10kntc.o
    0x0800c5e4   0x0800c5e4   0x0000000b   Data   RO         1346    .constdata          stm32f429i_discovery.o
    0x0800c5ef   0x0800c5ef   0x00003cdc   Data   RO         1647    .constdata          stm32f429i_discovery_lcd.o
    0x080102cb   0x080102cb   0x00000008   Data   RO         3532    .constdata          stm32f4xx_hal_dma.o
    0x080102d3   0x080102d3   0x00000001   PAD
    0x080102d4   0x080102d4   0x00000020   Data   RO         6310    Region$$Table       anon$$obj.o


    Execution Region RW_IRAM1 (Exec base: 0x20000000, Load base: 0x080102f4, Size: 0x00004cd8, Max: 0x00030000, ABSOLUTE, COMPRESSED[0x00000174])

    Exec Addr    Load Addr    Size         Type   Attr      Idx    E Section Name        Object

    0x20000000   COMPRESSED   0x00000004   Data   RW            7    .data               system_stm32f4xx.o
    0x20000004   COMPRESSED   0x00000014   Data   RW           79    .data               lcd_log.o
    0x20000018   COMPRESSED   0x00000001   Data   RW          267    .data               lcd.o
    0x20000019   COMPRESSED   0x00000003   PAD
    0x2000001c   COMPRESSED   0x0000013c   Data   RW          337    .data               main.o
    0x20000158   COMPRESSED   0x0000000d   Data   RW          444    .data               mems.o
    0x20000165   COMPRESSED   0x00000001   PAD
    0x20000166   COMPRESSED   0x00000022   Data   RW          485    .data               ts_calibration.o
    0x20000188   COMPRESSED   0x00000008   Data   RW          540    .data               touchscreen.o
    0x20000190   COMPRESSED   0x0000013c   Data   RW          668    .data               ir_rmt_txr.o
    0x200002cc   COMPRESSED   0x0000000b   Data   RW          860    .data               hvac_ctl.o
    0x200002d7   COMPRESSED   0x00000001   PAD
    0x200002d8   COMPRESSED   0x00000038   Data   RW          938    .data               ili9341.o
    0x20000310   COMPRESSED   0x00000056   Data   RW         1032    .data               stmpe811.o
    0x20000366   COMPRESSED   0x00000002   PAD
    0x20000368   COMPRESSED   0x00000034   Data   RW         1231    .data               l3gd20.o
    0x2000039c   COMPRESSED   0x0000001d   Data   RW         1347    .data               stm32f429i_discovery.o
    0x200003b9   COMPRESSED   0x00000003   PAD
    0x200003bc   COMPRESSED   0x00000030   Data   RW         1648    .data               stm32f429i_discovery_lcd.o
    0x200003ec   COMPRESSED   0x00000001   Data   RW         1948    .data               stm32f429i_discovery_sdram.o
    0x200003ed   COMPRESSED   0x00000003   PAD
    0x200003f0   COMPRESSED   0x00000010   Data   RW         2023    .data               stm32f429i_discovery_ts.o
    0x20000400   COMPRESSED   0x00000004   Data   RW         2075    .data               stm32f429i_discovery_gyroscope.o
    0x20000404   COMPRESSED   0x00000004   Data   RW         5264    .data               stm32f4xx_hal.o
    0x20000408   COMPRESSED   0x00000004   Data   RW         6284    .data               mc_w.l(stdout.o)
    0x2000040c        -       0x00003de0   Zero   RW           78    .bss                lcd_log.o
    0x200041ec        -       0x0000000c   Zero   RW          443    .bss                mems.o
    0x200041f8        -       0x00000200   Zero   RW          667    .bss                ir_rmt_txr.o
    0x200043f8        -       0x00000078   Zero   RW          729    .bss                tim.o
    0x20004470        -       0x00000090   Zero   RW          780    .bss                adc.o
    0x20004500        -       0x000000d8   Zero   RW          859    .bss                hvac_ctl.o
    0x200045d8        -       0x000000ac   Zero   RW         1345    .bss                stm32f429i_discovery.o
    0x20004684        -       0x00000130   Zero   RW         1646    .bss                stm32f429i_discovery_lcd.o
    0x200047b4        -       0x00000120   Zero   RW         1947    .bss                stm32f429i_discovery_sdram.o
    0x200048d4   COMPRESSED   0x00000004   PAD
    0x200048d8        -       0x00000400   Zero   RW         5989    STACK               startup_stm32f429xx.o


==============================================================================

Image component sizes


      Code (inc. data)   RO Data    RW Data    ZI Data      Debug   Object Name

        60          4        568          0          0       1591   10kntc.o
       414         46          0          0        144       3397   adc.o
       264         12          0          0          0       1219   gpio.o
      1124        250          0         11        216       5876   hvac_ctl.o
       744          0          0         56          0       7912   ili9341.o
       952        184          0        316        512       5254   ir_rmt_txr.o
       694         16          0         52          0       9822   l3gd20.o
      1124        222         24          1          0       5227   lcd.o
       952        134          0         20      15840     193853   lcd_log.o
       204         70          0          0          0        679   log.o
       542         76       9174        316          0       6578   main.o
      1864        214          0         13         12       3438   mems.o
        36          8        428          0       1024        896   startup_stm32f429xx.o
      2260        264         11         29        172      27360   stm32f429i_discovery.o
       244         18          0          4          0       3247   stm32f429i_discovery_gyroscope.o
      4858        282      15580         48        304      36530   stm32f429i_discovery_lcd.o
       788         62          0          1        288       4679   stm32f429i_discovery_sdram.o
       392         40          0         16          0       2860   stm32f429i_discovery_ts.o
       160         20          0          4          0       5861   stm32f4xx_hal.o
      1328         52          0          0          0       6649   stm32f4xx_hal_adc.o
       352         22          0          0          0      36358   stm32f4xx_hal_cortex.o
       556         10          8          0          0       4108   stm32f4xx_hal_dma.o
      1056         12          0          0          0       7095   stm32f4xx_hal_dma2d.o
       604         58          0          0          0       4955   stm32f4xx_hal_gpio.o
      2766         40          0          0          0      15720   stm32f4xx_hal_i2c.o
       978         12          0          0          0       4786   stm32f4xx_hal_ltdc.o
       164         12          0          0          0       1524   stm32f4xx_hal_pwr_ex.o
      1800         72          0          0          0       5589   stm32f4xx_hal_rcc.o
       880         24          0          0          0       1812   stm32f4xx_hal_rcc_ex.o
       164          0          0          0          0       3884   stm32f4xx_hal_sdram.o
      2180          0          0          0          0      10688   stm32f4xx_hal_spi.o
      1216         44          0          0          0      11830   stm32f4xx_hal_tim.o
       102          0          0          0          0       2814   stm32f4xx_hal_tim_ex.o
        62          6          0          0          0       6108   stm32f4xx_it.o
       368          4          0          0          0       4120   stm32f4xx_ll_fmc.o
      1450         14          0         86          0      28313   stmpe811.o
       100         18         24          4          0     611255   system_stm32f4xx.o
       184         26          0          0        120       2662   tim.o
      1596        182          0          8          0       2547   touchscreen.o
       904        208          0         34          0       5572   ts_calibration.o

    ----------------------------------------------------------------------
     36524       2738      25852       1032      18636    1104668   Object Totals
         0          0         32          0          0          0   (incl. Generated)
        38          0          3         13          4          0   (incl. Padding)

    ----------------------------------------------------------------------

      Code (inc. data)   RO Data    RW Data    ZI Data      Debug   Library Member Name

        86          0          0          0          0          0   __dczerorl2.o
         0          0          0          0          0          0   entry.o
         0          0          0          0          0          0   entry10a.o
         0          0          0          0          0          0   entry11a.o
         8          4          0          0          0          0   entry2.o
         4          0          0          0          0          0   entry5.o
         0          0          0          0          0          0   entry7b.o
         0          0          0          0          0          0   entry8b.o
         8          4          0          0          0          0   entry9a.o
        30          0          0          0          0          0   handlers.o
        36          8          0          0          0         68   init.o
         0          0          0          0          0          0   iusefp.o
        30          0          0          0          0         68   llshl.o
        36          0          0          0          0         68   llsshr.o
        32          0          0          0          0         68   llushr.o
        36          0          0          0          0         68   memcpya.o
        36          0          0          0          0        108   memseta.o
      2308         96          0          0          0        604   printfa.o
         0          0          0          4          0          0   stdout.o
        14          0          0          0          0         68   strlen.o
        44          0          0          0          0         80   uidiv.o
        98          0          0          0          0         92   uldiv.o
        48          0          0          0          0         68   cdrcmple.o
       334          0          0          0          0        148   dadd.o
       222          0          0          0          0        100   ddiv.o
       186          0          0          0          0        176   depilogue.o
        48          0          0          0          0         68   dfixul.o
       228          0          0          0          0         96   dmul.o
        38          0          0          0          0         68   f2d.o

    ----------------------------------------------------------------------
      3916        112          0          4          0       2016   Library Totals
         6          0          0          0          0          0   (incl. Padding)

    ----------------------------------------------------------------------

      Code (inc. data)   RO Data    RW Data    ZI Data      Debug   Library Name

      2806        112          0          4          0       1292   mc_w.l
      1104          0          0          0          0        724   mf_w.l

    ----------------------------------------------------------------------
      3916        112          0          4          0       2016   Library Totals

    ----------------------------------------------------------------------

==============================================================================


      Code (inc. data)   RO Data    RW Data    ZI Data      Debug   

     40440       2850      25852       1036      18636    1078428   Grand Totals
     40440       2850      25852        372      18636    1078428   ELF Image Totals (compressed)
     40440       2850      25852        372          0          0   ROM Totals

==============================================================================

    Total RO  Size (Code + RO Data)                66292 (  64.74kB)
    Total RW  Size (RW Data + ZI Data)             19672 (  19.21kB)
    Total ROM Size (Code + RO Data + RW Data)      66664 (  65.10kB)

==============================================================================

