Component: ARM Compiler 5.06 update 6 (build 750) Tool: armlink [4d35ed]

==============================================================================

Section Cross References

    system_stm32f4xx.o(i.SystemCoreClockUpdate) refers to system_stm32f4xx.o(.data) for SystemCoreClock
    system_stm32f4xx.o(i.SystemCoreClockUpdate) refers to system_stm32f4xx.o(.constdata) for AHBPrescTable
    lcd_log.o(i.LCD_LOG_ClearTextZone) refers to stm32f429i_discovery_lcd.o(i.BSP_LCD_ClearStringLine) for BSP_LCD_ClearStringLine
    lcd_log.o(i.LCD_LOG_ClearTextZone) refers to lcd_log.o(i.LCD_LOG_DeInit) for LCD_LOG_DeInit
    lcd_log.o(i.LCD_LOG_DeInit) refers to lcd_log.o(.data) for LCD_LineColor
    lcd_log.o(i.LCD_LOG_Init) refers to lcd_log.o(i.LCD_LOG_DeInit) for LCD_LOG_DeInit
    lcd_log.o(i.LCD_LOG_Init) refers to stm32f429i_discovery_lcd.o(i.BSP_LCD_Clear) for BSP_LCD_Clear
    lcd_log.o(i.LCD_LOG_ScrollBack) refers to lcd_log.o(i.LCD_LOG_UpdateDisplay) for LCD_LOG_UpdateDisplay
    lcd_log.o(i.LCD_LOG_ScrollBack) refers to lcd_log.o(.data) for LCD_ScrollActive
    lcd_log.o(i.LCD_LOG_ScrollForward) refers to lcd_log.o(i.LCD_LOG_UpdateDisplay) for LCD_LOG_UpdateDisplay
    lcd_log.o(i.LCD_LOG_ScrollForward) refers to lcd_log.o(.data) for LCD_ScrollBackStep
    lcd_log.o(i.LCD_LOG_SetFooter) refers to stm32f429i_discovery_lcd.o(i.BSP_LCD_SetFont) for BSP_LCD_SetFont
    lcd_log.o(i.LCD_LOG_SetFooter) refers to stm32f429i_discovery_lcd.o(i.BSP_LCD_SetTextColor) for BSP_LCD_SetTextColor
    lcd_log.o(i.LCD_LOG_SetFooter) refers to stm32f429i_discovery_lcd.o(i.BSP_LCD_GetXSize) for BSP_LCD_GetXSize
    lcd_log.o(i.LCD_LOG_SetFooter) refers to stm32f429i_discovery_lcd.o(i.BSP_LCD_GetYSize) for BSP_LCD_GetYSize
    lcd_log.o(i.LCD_LOG_SetFooter) refers to stm32f429i_discovery_lcd.o(i.BSP_LCD_FillRect) for BSP_LCD_FillRect
    lcd_log.o(i.LCD_LOG_SetFooter) refers to stm32f429i_discovery_lcd.o(i.BSP_LCD_SetBackColor) for BSP_LCD_SetBackColor
    lcd_log.o(i.LCD_LOG_SetFooter) refers to stm32f429i_discovery_lcd.o(i.BSP_LCD_DisplayStringAt) for BSP_LCD_DisplayStringAt
    lcd_log.o(i.LCD_LOG_SetFooter) refers to stm32f429i_discovery_lcd.o(.data) for Font12
    lcd_log.o(i.LCD_LOG_SetHeader) refers to stm32f429i_discovery_lcd.o(i.BSP_LCD_SetFont) for BSP_LCD_SetFont
    lcd_log.o(i.LCD_LOG_SetHeader) refers to stm32f429i_discovery_lcd.o(i.BSP_LCD_SetTextColor) for BSP_LCD_SetTextColor
    lcd_log.o(i.LCD_LOG_SetHeader) refers to stm32f429i_discovery_lcd.o(i.BSP_LCD_GetXSize) for BSP_LCD_GetXSize
    lcd_log.o(i.LCD_LOG_SetHeader) refers to stm32f429i_discovery_lcd.o(i.BSP_LCD_FillRect) for BSP_LCD_FillRect
    lcd_log.o(i.LCD_LOG_SetHeader) refers to stm32f429i_discovery_lcd.o(i.BSP_LCD_SetBackColor) for BSP_LCD_SetBackColor
    lcd_log.o(i.LCD_LOG_SetHeader) refers to stm32f429i_discovery_lcd.o(i.BSP_LCD_DisplayStringAt) for BSP_LCD_DisplayStringAt
    lcd_log.o(i.LCD_LOG_SetHeader) refers to stm32f429i_discovery_lcd.o(.data) for Font16
    lcd_log.o(i.LCD_LOG_UpdateDisplay) refers to stm32f429i_discovery_lcd.o(i.BSP_LCD_SetTextColor) for BSP_LCD_SetTextColor
    lcd_log.o(i.LCD_LOG_UpdateDisplay) refers to stm32f429i_discovery_lcd.o(i.BSP_LCD_DisplayStringAtLine) for BSP_LCD_DisplayStringAtLine
    lcd_log.o(i.LCD_LOG_UpdateDisplay) refers to lcd_log.o(.data) for LCD_CacheBuffer_yptr_bottom
    lcd_log.o(i.LCD_LOG_UpdateDisplay) refers to lcd_log.o(.bss) for LCD_CacheBuffer
    lcd_log.o(i.fputc) refers to stm32f429i_discovery_lcd.o(i.BSP_LCD_GetFont) for BSP_LCD_GetFont
    lcd_log.o(i.fputc) refers to stm32f429i_discovery_lcd.o(i.BSP_LCD_GetXSize) for BSP_LCD_GetXSize
    lcd_log.o(i.fputc) refers to lcd_log.o(i.LCD_LOG_UpdateDisplay) for LCD_LOG_UpdateDisplay
    lcd_log.o(i.fputc) refers to lcd_log.o(.data) for LCD_Lock
    lcd_log.o(i.fputc) refers to lcd_log.o(.bss) for LCD_CacheBuffer
    lcd.o(i.LCD_SetHint) refers to stm32f429i_discovery_lcd.o(i.BSP_LCD_Clear) for BSP_LCD_Clear
    lcd.o(i.LCD_SetHint) refers to stm32f429i_discovery_lcd.o(i.BSP_LCD_SetTextColor) for BSP_LCD_SetTextColor
    lcd.o(i.LCD_SetHint) refers to stm32f429i_discovery_lcd.o(i.BSP_LCD_GetXSize) for BSP_LCD_GetXSize
    lcd.o(i.LCD_SetHint) refers to stm32f429i_discovery_lcd.o(i.BSP_LCD_FillRect) for BSP_LCD_FillRect
    lcd.o(i.LCD_SetHint) refers to stm32f429i_discovery_lcd.o(i.BSP_LCD_SetBackColor) for BSP_LCD_SetBackColor
    lcd.o(i.LCD_SetHint) refers to stm32f429i_discovery_lcd.o(i.BSP_LCD_SetFont) for BSP_LCD_SetFont
    lcd.o(i.LCD_SetHint) refers to stm32f429i_discovery_lcd.o(i.BSP_LCD_DisplayStringAt) for BSP_LCD_DisplayStringAt
    lcd.o(i.LCD_SetHint) refers to stm32f429i_discovery_lcd.o(i.BSP_LCD_GetYSize) for BSP_LCD_GetYSize
    lcd.o(i.LCD_SetHint) refers to stm32f429i_discovery_lcd.o(i.BSP_LCD_DrawRect) for BSP_LCD_DrawRect
    lcd.o(i.LCD_SetHint) refers to stm32f429i_discovery_lcd.o(.data) for Font24
    lcd.o(i.LCD_Show_Feature) refers to stm32f429i_discovery_lcd.o(i.BSP_LCD_SetBackColor) for BSP_LCD_SetBackColor
[...]
    .data                                    0x200003f8   Section        4  stdout.o(.data)
    .bss                                     0x200003fc   Section    15444  lcd_log.o(.bss)
    .bss                                     0x20004050   Section       12  mems.o(.bss)
    .bss                                     0x2000405c   Section      512  ir_rmt_txr.o(.bss)
    .bss                                     0x2000425c   Section      120  tim.o(.bss)
    .bss                                     0x200042d4   Section      172  stm32f429i_discovery.o(.bss)
    SpiHandle                                0x20004328   Data          88  stm32f429i_discovery.o(.bss)
    .bss                                     0x20004380   Section      304  stm32f429i_discovery_lcd.o(.bss)
    Dma2dHandler                             0x20004428   Data          64  stm32f429i_discovery_lcd.o(.bss)
    PeriphClkInitStruct                      0x20004468   Data          48  stm32f429i_discovery_lcd.o(.bss)
    DrawProp                                 0x20004498   Data          24  stm32f429i_discovery_lcd.o(.bss)
    .bss                                     0x200044b0   Section      288  stm32f429i_discovery_sdram.o(.bss)
    SdramHandle                              0x200044b0   Data          52  stm32f429i_discovery_sdram.o(.bss)
    Timing                                   0x200044e4   Data          28  stm32f429i_discovery_sdram.o(.bss)
    Command                                  0x20004500   Data          16  stm32f429i_discovery_sdram.o(.bss)
    dmaHandle                                0x20004510   Data          96  stm32f429i_discovery_sdram.o(.bss)
    dma_handle                               0x20004570   Data          96  stm32f429i_discovery_sdram.o(.bss)
    STACK                                    0x200045d0   Section     1024  startup_stm32f429xx.o(STACK)

    Global Symbols

    Symbol Name                              Value     Ov Type        Size  Object(Section)

    BuildAttributes$$THM_ISAv4$E$P$D$K$B$S$7EM$VFPi3$EXTD16$VFPS$VFMA$PE$A:L22UL41UL21$X:L11$S22US41US21$IEEE1$IW$USESV6$~STKCKD$USESV7$~SHL$OSPACE$ROPI$EBA8$MICROLIB$REQ8$PRES8$EABIv2 0x00000000   Number         0  anon$$obj.o ABSOLUTE
    __ARM_use_no_argv                        0x00000000   Number         0  main.o ABSOLUTE
    _printf_a                                0x00000000   Number         0  stubs.o ABSOLUTE
    _printf_c                                0x00000000   Number         0  stubs.o ABSOLUTE
    _printf_charcount                        0x00000000   Number         0  stubs.o ABSOLUTE
    _printf_d                                0x00000000   Number         0  stubs.o ABSOLUTE
    _printf_e                                0x00000000   Number         0  stubs.o ABSOLUTE
    _printf_f                                0x00000000   Number         0  stubs.o ABSOLUTE
    _printf_flags                            0x00000000   Number         0  stubs.o ABSOLUTE
    _printf_fp_dec                           0x00000000   Number         0  stubs.o ABSOLUTE
    _printf_fp_hex                           0x00000000   Number         0  stubs.o ABSOLUTE
    _printf_g                                0x00000000   Number         0  stubs.o ABSOLUTE
    _printf_i                                0x00000000   Number         0  stubs.o ABSOLUTE
    _printf_int_dec                          0x00000000   Number         0  stubs.o ABSOLUTE
    _printf_l                                0x00000000   Number         0  stubs.o ABSOLUTE
    _printf_lc                               0x00000000   Number         0  stubs.o ABSOLUTE
    _printf_ll                               0x00000000   Number         0  stubs.o ABSOLUTE
    _printf_lld                              0x00000000   Number         0  stubs.o ABSOLUTE
    _printf_lli                              0x00000000   Number         0  stubs.o ABSOLUTE
    _printf_llo                              0x00000000   Number         0  stubs.o ABSOLUTE
    _printf_llu                              0x00000000   Number         0  stubs.o ABSOLUTE
    _printf_llx                              0x00000000   Number         0  stubs.o ABSOLUTE
    _printf_longlong_dec                     0x00000000   Number         0  stubs.o ABSOLUTE
    _printf_longlong_hex                     0x00000000   Number         0  stubs.o ABSOLUTE
    _printf_longlong_oct                     0x00000000   Number         0  stubs.o ABSOLUTE
    _printf_ls                               0x00000000   Number         0  stubs.o ABSOLUTE
    _printf_mbtowc                           0x00000000   Number         0  stubs.o ABSOLUTE
    _printf_n                                0x00000000   Number         0  stubs.o ABSOLUTE
    _printf_o                                0x00000000   Number         0  stubs.o ABSOLUTE
    _printf_p                                0x00000000   Number         0  stubs.o ABSOLUTE
    _printf_percent                          0x00000000   Number         0  stubs.o ABSOLUTE
    _printf_pre_padding                      0x00000000   Number         0  stubs.o ABSOLUTE
    _printf_return_value                     0x00000000   Number         0  stubs.o ABSOLUTE
    _printf_s                                0x00000000   Number         0  stubs.o ABSOLUTE
    _printf_sizespec                         0x00000000   Number         0  stubs.o ABSOLUTE
    _printf_str                              0x00000000   Number         0  stubs.o ABSOLUTE
    _printf_truncate_signed                  0x00000000   Number         0  stubs.o ABSOLUTE
    _printf_truncate_unsigned                0x00000000   Number         0  stubs.o ABSOLUTE
    _printf_u                                0x00000000   Number         0  stubs.o ABSOLUTE
    _printf_wc                               0x00000000   Number         0  stubs.o ABSOLUTE
    _printf_wctomb                           0x00000000   Number         0  stubs.o ABSOLUTE
    _printf_widthprec                        0x00000000   Number         0  stubs.o ABSOLUTE
    _printf_x                                0x00000000   Number         0  stubs.o ABSOLUTE
    __cpp_initialize__aeabi_                  - Undefined Weak Reference
    __cxa_finalize                            - Undefined Weak Reference
    _clock_init                               - Undefined Weak Reference
    _microlib_exit                            - Undefined Weak Reference
    __Vectors_Size                           0x000001ac   Number         0  startup_stm32f429xx.o ABSOLUTE
    __Vectors                                0x08000000   Data           4  startup_stm32f429xx.o(RESET)
    __Vectors_End                            0x080001ac   Data           0  startup_stm32f429xx.o(RESET)
    __main                                   0x080001ad   Thumb Code     0  entry.o(.ARM.Collect$$$$00000000)
    _main_stk                                0x080001ad   Thumb Code     0  entry2.o(.ARM.Collect$$$$00000001)
    _main_scatterload                        0x080001b1   Thumb Code     0  entry5.o(.ARM.Collect$$$$00000004)
    __main_after_scatterload                 0x080001b5   Thumb Code     0  entry5.o(.ARM.Collect$$$$00000004)
    _main_clock                              0x080001b5   Thumb Code     0  entry7b.o(.ARM.Collect$$$$00000008)
    _main_cpp_init                           0x080001b5   Thumb Code     0  entry8b.o(.ARM.Collect$$$$0000000A)
    _main_init                               0x080001b5   Thumb Code     0  entry9a.o(.ARM.Collect$$$$0000000B)
    __rt_final_cpp                           0x080001bd   Thumb Code     0  entry10a.o(.ARM.Collect$$$$0000000D)
    __rt_final_exit                          0x080001bd   Thumb Code     0  entry11a.o(.ARM.Collect$$$$0000000F)
    Reset_Handler                            0x080001c1   Thumb Code     8  startup_stm32f429xx.o(.text)
    ADC_IRQHandler                           0x080001db   Thumb Code     0  startup_stm32f429xx.o(.text)
    CAN1_RX0_IRQHandler                      0x080001db   Thumb Code     0  startup_stm32f429xx.o(.text)
    CAN1_RX1_IRQHandler                      0x080001db   Thumb Code     0  startup_stm32f429xx.o(.text)
    CAN1_SCE_IRQHandler                      0x080001db   Thumb Code     0  startup_stm32f429xx.o(.text)
    CAN1_TX_IRQHandler                       0x080001db   Thumb Code     0  startup_stm32f429xx.o(.text)
    CAN2_RX0_IRQHandler                      0x080001db   Thumb Code     0  startup_stm32f429xx.o(.text)
    CAN2_RX1_IRQHandler                      0x080001db   Thumb Code     0  startup_stm32f429xx.o(.text)
    CAN2_SCE_IRQHandler                      0x080001db   Thumb Code     0  startup_stm32f429xx.o(.text)
    CAN2_TX_IRQHandler                       0x080001db   Thumb Code     0  startup_stm32f429xx.o(.text)
    DCMI_IRQHandler                          0x080001db   Thumb Code     0  startup_stm32f429xx.o(.text)
    DMA1_Stream0_IRQHandler                  0x080001db   Thumb Code     0  startup_stm32f429xx.o(.text)
    DMA1_Stream1_IRQHandler                  0x080001db   Thumb Code     0  startup_stm32f429xx.o(.text)
    DMA1_Stream2_IRQHandler                  0x080001db   Thumb Code     0  startup_stm32f429xx.o(.text)
    DMA1_Stream3_IRQHandler                  0x080001db   Thumb Code     0  startup_stm32f429xx.o(.text)
    DMA1_Stream4_IRQHandler                  0x080001db   Thumb Code     0  startup_stm32f429xx.o(.text)
    DMA1_Stream5_IRQHandler                  0x080001db   Thumb Code     0  startup_stm32f429xx.o(.text)
    DMA1_Stream6_IRQHandler                  0x080001db   Thumb Code     0  startup_stm32f429xx.o(.text)
    DMA1_Stream7_IRQHandler                  0x080001db   Thumb Code     0  startup_stm32f429xx.o(.text)
    DMA2D_IRQHandler                         0x080001db   Thumb Code     0  startup_stm32f429xx.o(.text)
    DMA2_Stream0_IRQHandler                  0x080001db   Thumb Code     0  startup_stm32f429xx.o(.text)
    DMA2_Stream1_IRQHandler                  0x080001db   Thumb Code     0  startup_stm32f429xx.o(.text)
    DMA2_Stream2_IRQHandler                  0x080001db   Thumb Code     0  startup_stm32f429xx.o(.text)
    DMA2_Stream3_IRQHandler                  0x080001db   Thumb Code     0  startup_stm32f429xx.o(.text)
    DMA2_Stream4_IRQHandler                  0x080001db   Thumb Code     0  startup_stm32f429xx.o(.text)
    DMA2_Stream5_IRQHandler                  0x080001db   Thumb Code     0  startup_stm32f429xx.o(.text)
    DMA2_Stream6_IRQHandler                  0x080001db   Thumb Code     0  startup_stm32f429xx.o(.text)
    DMA2_Stream7_IRQHandler                  0x080001db   Thumb Code     0  startup_stm32f429xx.o(.text)
    ETH_IRQHandler                           0x080001db   Thumb Code     0  startup_stm32f429xx.o(.text)
    ETH_WKUP_IRQHandler                      0x080001db   Thumb Code     0  startup_stm32f429xx.o(.text)
    EXTI15_10_IRQHandler                     0x080001db   Thumb Code     0  startup_stm32f429xx.o(.text)
    EXTI1_IRQHandler                         0x080001db   Thumb Code     0  startup_stm32f429xx.o(.text)
    EXTI2_IRQHandler                         0x080001db   Thumb Code     0  startup_stm32f429xx.o(.text)
    EXTI3_IRQHandler                         0x080001db   Thumb Code     0  startup_stm32f429xx.o(.text)
    EXTI4_IRQHandler                         0x080001db   Thumb Code     0  startup_stm32f429xx.o(.text)
    EXTI9_5_IRQHandler                       0x080001db   Thumb Code     0  startup_stm32f429xx.o(.text)
    FLASH_IRQHandler                         0x080001db   Thumb Code     0  startup_stm32f429xx.o(.text)
    FMC_IRQHandler                           0x080001db   Thumb Code     0  startup_stm32f429xx.o(.text)
    FPU_IRQHandler                           0x080001db   Thumb Code     0  startup_stm32f429xx.o(.text)
    HASH_RNG_IRQHandler                      0x080001db   Thumb Code     0  startup_stm32f429xx.o(.text)
    I2C1_ER_IRQHandler                       0x080001db   Thumb Code     0  startup_stm32f429xx.o(.text)
    I2C1_EV_IRQHandler                       0x080001db   Thumb Code     0  startup_stm32f429xx.o(.text)
    I2C2_ER_IRQHandler                       0x080001db   Thumb Code     0  startup_stm32f429xx.o(.text)
    I2C2_EV_IRQHandler                       0x080001db   Thumb Code     0  startup_stm32f429xx.o(.text)
    I2C3_ER_IRQHandler                       0x080001db   Thumb Code     0  startup_stm32f429xx.o(.text)
    I2C3_EV_IRQHandler                       0x080001db   Thumb Code     0  startup_stm32f429xx.o(.text)
    LTDC_ER_IRQHandler                       0x080001db   Thumb Code     0  startup_stm32f429xx.o(.text)
    LTDC_IRQHandler                          0x080001db   Thumb Code     0  startup_stm32f429xx.o(.text)
    OTG_FS_IRQHandler                        0x080001db   Thumb Code     0  startup_stm32f429xx.o(.text)
    OTG_FS_WKUP_IRQHandler                   0x080001db   Thumb Code     0  startup_stm32f429xx.o(.text)
    OTG_HS_EP1_IN_IRQHandler                 0x080001db   Thumb Code     0  startup_stm32f429xx.o(.text)
    OTG_HS_EP1_OUT_IRQHandler                0x080001db   Thumb Code     0  startup_stm32f429xx.o(.text)
    OTG_HS_IRQHandler                        0x080001db   Thumb Code     0  startup_stm32f429xx.o(.text)
    OTG_HS_WKUP_IRQHandler                   0x080001db   Thumb Code     0  startup_stm32f429xx.o(.text)
    PVD_IRQHandler                           0x080001db   Thumb Code     0  startup_stm32f429xx.o(.text)
    RCC_IRQHandler                           0x080001db   Thumb Code     0  startup_stm32f429xx.o(.text)
    RTC_Alarm_IRQHandler                     0x080001db   Thumb Code     0  startup_stm32f429xx.o(.text)
    RTC_WKUP_IRQHandler                      0x080001db   Thumb Code     0  startup_stm32f429xx.o(.text)
    SAI1_IRQHandler                          0x080001db   Thumb Code     0  startup_stm32f429xx.o(.text)
    SDIO_IRQHandler                          0x080001db   Thumb Code     0  startup_stm32f429xx.o(.text)
    SPI1_IRQHandler                          0x080001db   Thumb Code     0  startup_stm32f429xx.o(.text)
    SPI2_IRQHandler                          0x080001db   Thumb Code     0  startup_stm32f429xx.o(.text)
    SPI3_IRQHandler                          0x080001db   Thumb Code     0  startup_stm32f429xx.o(.text)
    SPI4_IRQHandler                          0x080001db   Thumb Code     0  startup_stm32f429xx.o(.text)
    SPI5_IRQHandler                          0x080001db   Thumb Code     0  startup_stm32f429xx.o(.text)
    SPI6_IRQHandler                          0x080001db   Thumb Code     0  startup_stm32f429xx.o(.text)
    TAMP_STAMP_IRQHandler                    0x080001db   Thumb Code     0  startup_stm32f429xx.o(.text)
    TIM1_BRK_TIM9_IRQHandler                 0x080001db   Thumb Code     0  startup_stm32f429xx.o(.text)
    TIM1_CC_IRQHandler                       0x080001db   Thumb Code     0  startup_stm32f429xx.o(.text)
    TIM1_TRG_COM_TIM11_IRQHandler            0x080001db   Thumb Code     0  startup_stm32f429xx.o(.text)
    TIM2_IRQHandler                          0x080001db   Thumb Code     0  startup_stm32f429xx.o(.text)
    TIM3_IRQHandler                          0x080001db   Thumb Code     0  startup_stm32f429xx.o(.text)
    TIM4_IRQHandler                          0x080001db   Thumb Code     0  startup_stm32f429xx.o(.text)
    TIM5_IRQHandler                          0x080001db   Thumb Code     0  startup_stm32f429xx.o(.text)
    TIM6_DAC_IRQHandler                      0x080001db   Thumb Code     0  startup_stm32f429xx.o(.text)
    TIM7_IRQHandler                          0x080001db   Thumb Code     0  startup_stm32f429xx.o(.text)
    TIM8_BRK_TIM12_IRQHandler                0x080001db   Thumb Code     0  startup_stm32f429xx.o(.text)
    TIM8_CC_IRQHandler                       0x080001db   Thumb Code     0  startup_stm32f429xx.o(.text)
    TIM8_TRG_COM_TIM14_IRQHandler            0x080001db   Thumb Code     0  startup_stm32f429xx.o(.text)
    TIM8_UP_TIM13_IRQHandler                 0x080001db   Thumb Code     0  startup_stm32f429xx.o(.text)
    UART4_IRQHandler                         0x080001db   Thumb Code     0  startup_stm32f429xx.o(.text)
    UART5_IRQHandler                         0x080001db   Thumb Code     0  startup_stm32f429xx.o(.text)
    UART7_IRQHandler                         0x080001db   Thumb Code     0  startup_stm32f429xx.o(.text)
    UART8_IRQHandler                         0x080001db   Thumb Code     0  startup_stm32f429xx.o(.text)
    USART1_IRQHandler                        0x080001db   Thumb Code     0  startup_stm32f429xx.o(.text)
    USART2_IRQHandler                        0x080001db   Thumb Code     0  startup_stm32f429xx.o(.text)
    USART3_IRQHandler                        0x080001db   Thumb Code     0  startup_stm32f429xx.o(.text)
    USART6_IRQHandler                        0x080001db   Thumb Code     0  startup_stm32f429xx.o(.text)
    WWDG_IRQHandler                          0x080001db   Thumb Code     0  startup_stm32f429xx.o(.text)
    __aeabi_memcpy                           0x080001e5   Thumb Code    36  memcpya.o(.text)
    __aeabi_memcpy4                          0x080001e5   Thumb Code     0  memcpya.o(.text)
    __aeabi_memcpy8                          0x080001e5   Thumb Code     0  memcpya.o(.text)
    __aeabi_memset                           0x08000209   Thumb Code    14  memseta.o(.text)
    __aeabi_memset4                          0x08000209   Thumb Code     0  memseta.o(.text)
    __aeabi_memset8                          0x08000209   Thumb Code     0  memseta.o(.text)
    __aeabi_memclr                           0x08000217   Thumb Code     4  memseta.o(.text)
    __aeabi_memclr4                          0x08000217   Thumb Code     0  memseta.o(.text)
    __aeabi_memclr8                          0x08000217   Thumb Code     0  memseta.o(.text)
    _memset$wrapper                          0x0800021b   Thumb Code    18  memseta.o(.text)
    strlen                                   0x0800022d   Thumb Code    14  strlen.o(.text)
    __aeabi_uldivmod                         0x0800023b   Thumb Code    98  uldiv.o(.text)
    __scatterload                            0x0800029d   Thumb Code    28  init.o(.text)
    __scatterload_rt2                        0x0800029d   Thumb Code     0  init.o(.text)
    __aeabi_llsl                             0x080002c1   Thumb Code    30  llshl.o(.text)
    _ll_shift_l                              0x080002c1   Thumb Code     0  llshl.o(.text)
    __aeabi_llsr                             0x080002df   Thumb Code    32  llushr.o(.text)
    _ll_ushift_r                             0x080002df   Thumb Code     0  llushr.o(.text)
    __decompress                             0x080002ff   Thumb Code     0  __dczerorl2.o(.text)
    __decompress1                            0x080002ff   Thumb Code    86  __dczerorl2.o(.text)
    BSP_GYRO_GetXYZ                          0x08000355   Thumb Code    24  stm32f429i_discovery_gyroscope.o(i.BSP_GYRO_GetXYZ)
    BSP_GYRO_Init                            0x08000371   Thumb Code   182  stm32f429i_discovery_gyroscope.o(i.BSP_GYRO_Init)
    BSP_GYRO_Reset                           0x08000431   Thumb Code    20  stm32f429i_discovery_gyroscope.o(i.BSP_GYRO_Reset)
    BSP_LCD_Clear                            0x08000449   Thumb Code    56  stm32f429i_discovery_lcd.o(i.BSP_LCD_Clear)
    BSP_LCD_ClearStringLine                  0x08000489   Thumb Code   132  stm32f429i_discovery_lcd.o(i.BSP_LCD_ClearStringLine)
    BSP_LCD_DisplayChar                      0x08000515   Thumb Code    96  stm32f429i_discovery_lcd.o(i.BSP_LCD_DisplayChar)
    BSP_LCD_DisplayStringAt                  0x0800057d   Thumb Code   272  stm32f429i_discovery_lcd.o(i.BSP_LCD_DisplayStringAt)
    BSP_LCD_DisplayStringAtLine              0x08000695   Thumb Code    30  stm32f429i_discovery_lcd.o(i.BSP_LCD_DisplayStringAtLine)
    BSP_LCD_DrawBitmap                       0x080006b5   Thumb Code   170  stm32f429i_discovery_lcd.o(i.BSP_LCD_DrawBitmap)
    BSP_LCD_DrawCircle                       0x08000769   Thumb Code   286  stm32f429i_discovery_lcd.o(i.BSP_LCD_DrawCircle)
    BSP_LCD_DrawEllipse                      0x08000891   Thumb Code   350  stm32f429i_discovery_lcd.o(i.BSP_LCD_DrawEllipse)
    BSP_LCD_DrawHLine                        0x080009fd   Thumb Code    84  stm32f429i_discovery_lcd.o(i.BSP_LCD_DrawHLine)
    BSP_LCD_DrawLine                         0x08000a5d   Thumb Code   306  stm32f429i_discovery_lcd.o(i.BSP_LCD_DrawLine)
    BSP_LCD_DrawPixel                        0x08000b99   Thumb Code    42  stm32f429i_discovery_lcd.o(i.BSP_LCD_DrawPixel)
    BSP_LCD_DrawPolygon                      0x08000bcd   Thumb Code   112  stm32f429i_discovery_lcd.o(i.BSP_LCD_DrawPolygon)
    BSP_LCD_DrawRect                         0x08000c3d   Thumb Code    60  stm32f429i_discovery_lcd.o(i.BSP_LCD_DrawRect)
    BSP_LCD_DrawVLine                        0x08000c79   Thumb Code    90  stm32f429i_discovery_lcd.o(i.BSP_LCD_DrawVLine)
    BSP_LCD_FillCircle                       0x08000ce1   Thumb Code   174  stm32f429i_discovery_lcd.o(i.BSP_LCD_FillCircle)
    BSP_LCD_FillEllipse                      0x08000d99   Thumb Code   286  stm32f429i_discovery_lcd.o(i.BSP_LCD_FillEllipse)
    BSP_LCD_FillPolygon                      0x08000ebd   Thumb Code   432  stm32f429i_discovery_lcd.o(i.BSP_LCD_FillPolygon)
    BSP_LCD_FillRect                         0x0800106d   Thumb Code   110  stm32f429i_discovery_lcd.o(i.BSP_LCD_FillRect)
    BSP_LCD_FillTriangle                     0x080010e9   Thumb Code   296  stm32f429i_discovery_lcd.o(i.BSP_LCD_FillTriangle)
    BSP_LCD_GetFont                          0x08001211   Thumb Code    18  stm32f429i_discovery_lcd.o(i.BSP_LCD_GetFont)
    BSP_LCD_GetXSize                         0x0800122d   Thumb Code    12  stm32f429i_discovery_lcd.o(i.BSP_LCD_GetXSize)
    BSP_LCD_GetYSize                         0x0800123d   Thumb Code    12  stm32f429i_discovery_lcd.o(i.BSP_LCD_GetYSize)
    BSP_LCD_Init                             0x0800124d   Thumb Code   144  stm32f429i_discovery_lcd.o(i.BSP_LCD_Init)
    BSP_LCD_LayerDefaultInit                 0x080012f5   Thumb Code   138  stm32f429i_discovery_lcd.o(i.BSP_LCD_LayerDefaultInit)
    BSP_LCD_MspInit                          0x0800138d   Thumb Code   384  stm32f429i_discovery_lcd.o(i.BSP_LCD_MspInit)
    BSP_LCD_SetBackColor                     0x08001529   Thumb Code    18  stm32f429i_discovery_lcd.o(i.BSP_LCD_SetBackColor)
    BSP_LCD_SetFont                          0x08001545   Thumb Code    18  stm32f429i_discovery_lcd.o(i.BSP_LCD_SetFont)
    BSP_LCD_SetTextColor                     0x08001561   Thumb Code    16  stm32f429i_discovery_lcd.o(i.BSP_LCD_SetTextColor)
    BSP_LED_Init                             0x08001579   Thumb Code   204  stm32f429i_discovery.o(i.BSP_LED_Init)
    BSP_LED_Off                              0x08001651   Thumb Code    24  stm32f429i_discovery.o(i.BSP_LED_Off)
    BSP_LED_Toggle                           0x08001671   Thumb Code    22  stm32f429i_discovery.o(i.BSP_LED_Toggle)
    BSP_PB_GetState                          0x08001691   Thumb Code    22  stm32f429i_discovery.o(i.BSP_PB_GetState)
    BSP_PB_Init                              0x080016b1   Thumb Code   138  stm32f429i_discovery.o(i.BSP_PB_Init)
    BSP_SDRAM_Init                           0x08001751   Thumb Code   128  stm32f429i_discovery_sdram.o(i.BSP_SDRAM_Init)
    BSP_SDRAM_Initialization_sequence        0x080017e1   Thumb Code   142  stm32f429i_discovery_sdram.o(i.BSP_SDRAM_Initialization_sequence)
    BSP_SDRAM_MspInit                        0x08001879   Thumb Code   456  stm32f429i_discovery_sdram.o(i.BSP_SDRAM_MspInit)
    BSP_TS_GetState                          0x08001a65   Thumb Code   286  stm32f429i_discovery_ts.o(i.BSP_TS_GetState)
    BSP_TS_Init                              0x08001b99   Thumb Code    66  stm32f429i_discovery_ts.o(i.BSP_TS_Init)
    BusFault_Handler                         0x08001bed   Thumb Code     4  stm32f4xx_it.o(i.BusFault_Handler)
    Calibration_GetX                         0x08001bf1   Thumb Code    30  ts_calibration.o(i.Calibration_GetX)
    Calibration_GetY                         0x08001c19   Thumb Code    30  ts_calibration.o(i.Calibration_GetY)
    CheckForUserInput                        0x08001c41   Thumb Code    30  main.o(i.CheckForUserInput)
    DebugMon_Handler                         0x08001eab   Thumb Code     2  stm32f4xx_it.o(i.DebugMon_Handler)
    Do_Ir_Rmt_Txr                            0x08001ead   Thumb Code   682  ir_rmt_txr.o(i.Do_Ir_Rmt_Txr)
    EXTI0_IRQHandler                         0x08002315   Thumb Code    10  stm32f4xx_it.o(i.EXTI0_IRQHandler)
    FMC_SDRAM_Init                           0x0800231f   Thumb Code   116  stm32f4xx_ll_fmc.o(i.FMC_SDRAM_Init)
    FMC_SDRAM_ProgramRefreshRate             0x08002393   Thumb Code    14  stm32f4xx_ll_fmc.o(i.FMC_SDRAM_ProgramRefreshRate)
    FMC_SDRAM_SendCommand                    0x080023a1   Thumb Code    82  stm32f4xx_ll_fmc.o(i.FMC_SDRAM_SendCommand)
    FMC_SDRAM_Timing_Init                    0x080023f5   Thumb Code   152  stm32f4xx_ll_fmc.o(i.FMC_SDRAM_Timing_Init)
    GYRO_IO_Init                             0x080024f1   Thumb Code   134  stm32f429i_discovery.o(i.GYRO_IO_Init)
    GYRO_IO_Read                             0x08002585   Thumb Code    70  stm32f429i_discovery.o(i.GYRO_IO_Read)
    GYRO_IO_Write                            0x080025d1   Thumb Code    62  stm32f429i_discovery.o(i.GYRO_IO_Write)
    HAL_DMA2D_ConfigLayer                    0x080029ad   Thumb Code   250  stm32f4xx_hal_dma2d.o(i.HAL_DMA2D_ConfigLayer)
    HAL_DMA2D_Init                           0x08002aad   Thumb Code    96  stm32f4xx_hal_dma2d.o(i.HAL_DMA2D_Init)
    HAL_DMA2D_MspInit                        0x08002b0d   Thumb Code     2  stm32f4xx_hal_dma2d.o(i.HAL_DMA2D_MspInit)
    HAL_DMA2D_PollForTransfer                0x08002b0f   Thumb Code   360  stm32f4xx_hal_dma2d.o(i.HAL_DMA2D_PollForTransfer)
    HAL_DMA2D_Start                          0x08002c77   Thumb Code    78  stm32f4xx_hal_dma2d.o(i.HAL_DMA2D_Start)
    HAL_DMA_DeInit                           0x08002cc5   Thumb Code    98  stm32f4xx_hal_dma.o(i.HAL_DMA_DeInit)
    HAL_DMA_Init                             0x08002d29   Thumb Code   232  stm32f4xx_hal_dma.o(i.HAL_DMA_Init)
    HAL_Delay                                0x08002e15   Thumb Code    30  stm32f4xx_hal.o(i.HAL_Delay)
    HAL_GPIO_EXTI_Callback                   0x08002e35   Thumb Code    12  main.o(i.HAL_GPIO_EXTI_Callback)
    HAL_GPIO_EXTI_IRQHandler                 0x08002e45   Thumb Code    24  stm32f4xx_hal_gpio.o(i.HAL_GPIO_EXTI_IRQHandler)
    HAL_GPIO_Init                            0x08002e61   Thumb Code   486  stm32f4xx_hal_gpio.o(i.HAL_GPIO_Init)
    HAL_GPIO_ReadPin                         0x0800307d   Thumb Code    16  stm32f4xx_hal_gpio.o(i.HAL_GPIO_ReadPin)
    HAL_GPIO_TogglePin                       0x0800308d   Thumb Code     8  stm32f4xx_hal_gpio.o(i.HAL_GPIO_TogglePin)
    HAL_GPIO_WritePin                        0x08003095   Thumb Code    12  stm32f4xx_hal_gpio.o(i.HAL_GPIO_WritePin)
    HAL_GetTick                              0x080030a1   Thumb Code     6  stm32f4xx_hal.o(i.HAL_GetTick)
    HAL_I2C_DeInit                           0x080030ad   Thumb Code    60  stm32f4xx_hal_i2c.o(i.HAL_I2C_DeInit)
    HAL_I2C_GetState                         0x080030e9   Thumb Code     8  stm32f4xx_hal_i2c.o(i.HAL_I2C_GetState)
    HAL_I2C_Init                             0x080030f1   Thumb Code   286  stm32f4xx_hal_i2c.o(i.HAL_I2C_Init)
    HAL_I2C_Mem_Read                         0x08003219   Thumb Code   796  stm32f4xx_hal_i2c.o(i.HAL_I2C_Mem_Read)
    HAL_I2C_Mem_Write                        0x08003541   Thumb Code   384  stm32f4xx_hal_i2c.o(i.HAL_I2C_Mem_Write)
    HAL_I2C_MspDeInit                        0x080036c9   Thumb Code     2  stm32f4xx_hal_i2c.o(i.HAL_I2C_MspDeInit)
    HAL_I2C_MspInit                          0x080036cb   Thumb Code     2  stm32f4xx_hal_i2c.o(i.HAL_I2C_MspInit)
    HAL_IncTick                              0x080036cd   Thumb Code    12  stm32f4xx_hal.o(i.HAL_IncTick)
    HAL_Init                                 0x080036dd   Thumb Code    54  stm32f4xx_hal.o(i.HAL_Init)
    HAL_InitTick                             0x08003719   Thumb Code    36  stm32f4xx_hal.o(i.HAL_InitTick)
    HAL_LTDC_ConfigLayer                     0x08003741   Thumb Code    94  stm32f4xx_hal_ltdc.o(i.HAL_LTDC_ConfigLayer)
    HAL_LTDC_EnableDither                    0x080037a1   Thumb Code    62  stm32f4xx_hal_ltdc.o(i.HAL_LTDC_EnableDither)
    HAL_LTDC_Init                            0x080037e5   Thumb Code   278  stm32f4xx_hal_ltdc.o(i.HAL_LTDC_Init)
    HAL_LTDC_MspInit                         0x08003901   Thumb Code     2  stm32f4xx_hal_ltdc.o(i.HAL_LTDC_MspInit)
    HAL_MspInit                              0x08003903   Thumb Code     2  stm32f4xx_hal.o(i.HAL_MspInit)
    HAL_NVIC_EnableIRQ                       0x08003905   Thumb Code    32  stm32f4xx_hal_cortex.o(i.HAL_NVIC_EnableIRQ)
    HAL_NVIC_SetPriority                     0x08003925   Thumb Code   124  stm32f4xx_hal_cortex.o(i.HAL_NVIC_SetPriority)
    HAL_NVIC_SetPriorityGrouping             0x080039a1   Thumb Code    32  stm32f4xx_hal_cortex.o(i.HAL_NVIC_SetPriorityGrouping)
    HAL_PWREx_EnableOverDrive                0x080039c9   Thumb Code   152  stm32f4xx_hal_pwr_ex.o(i.HAL_PWREx_EnableOverDrive)
    HAL_RCCEx_PeriphCLKConfig                0x08003a6d   Thumb Code   856  stm32f4xx_hal_rcc_ex.o(i.HAL_RCCEx_PeriphCLKConfig)
    HAL_RCC_ClockConfig                      0x08003ddd   Thumb Code   446  stm32f4xx_hal_rcc.o(i.HAL_RCC_ClockConfig)
    HAL_RCC_GetHCLKFreq                      0x08003fad   Thumb Code     6  stm32f4xx_hal_rcc.o(i.HAL_RCC_GetHCLKFreq)
    HAL_RCC_GetPCLK1Freq                     0x08003fb9   Thumb Code    36  stm32f4xx_hal_rcc.o(i.HAL_RCC_GetPCLK1Freq)
    HAL_RCC_GetSysClockFreq                  0x08003fe5   Thumb Code   168  stm32f4xx_hal_rcc.o(i.HAL_RCC_GetSysClockFreq)
    HAL_RCC_OscConfig                        0x08004099   Thumb Code  1090  stm32f4xx_hal_rcc.o(i.HAL_RCC_OscConfig)
    HAL_SDRAM_Init                           0x080044e5   Thumb Code    64  stm32f4xx_hal_sdram.o(i.HAL_SDRAM_Init)
    HAL_SDRAM_MspInit                        0x08004525   Thumb Code     2  stm32f4xx_hal_sdram.o(i.HAL_SDRAM_MspInit)
    HAL_SDRAM_ProgramRefreshRate             0x08004527   Thumb Code    40  stm32f4xx_hal_sdram.o(i.HAL_SDRAM_ProgramRefreshRate)
    HAL_SDRAM_SendCommand                    0x0800454f   Thumb Code    58  stm32f4xx_hal_sdram.o(i.HAL_SDRAM_SendCommand)
    HAL_SPI_DeInit                           0x08004589   Thumb Code    54  stm32f4xx_hal_spi.o(i.HAL_SPI_DeInit)
    HAL_SPI_GetState                         0x080045bf   Thumb Code     8  stm32f4xx_hal_spi.o(i.HAL_SPI_GetState)
    HAL_SPI_Init                             0x080045c7   Thumb Code   160  stm32f4xx_hal_spi.o(i.HAL_SPI_Init)
    HAL_SPI_MspDeInit                        0x08004667   Thumb Code     2  stm32f4xx_hal_spi.o(i.HAL_SPI_MspDeInit)
    HAL_SPI_MspInit                          0x08004669   Thumb Code     2  stm32f4xx_hal_spi.o(i.HAL_SPI_MspInit)
    HAL_SPI_Receive                          0x0800466b   Thumb Code   548  stm32f4xx_hal_spi.o(i.HAL_SPI_Receive)
    HAL_SPI_Transmit                         0x0800488f   Thumb Code   480  stm32f4xx_hal_spi.o(i.HAL_SPI_Transmit)
    HAL_SPI_TransmitReceive                  0x08004a6f   Thumb Code   716  stm32f4xx_hal_spi.o(i.HAL_SPI_TransmitReceive)
    HAL_SYSTICK_CLKSourceConfig              0x08004d3b   Thumb Code    40  stm32f4xx_hal_cortex.o(i.HAL_SYSTICK_CLKSourceConfig)
    HAL_SYSTICK_Callback                     0x08004d63   Thumb Code     2  stm32f4xx_hal_cortex.o(i.HAL_SYSTICK_Callback)
    HAL_SYSTICK_Config                       0x08004d65   Thumb Code    52  stm32f4xx_hal_cortex.o(i.HAL_SYSTICK_Config)
    HAL_SYSTICK_IRQHandler                   0x08004d99   Thumb Code     8  stm32f4xx_hal_cortex.o(i.HAL_SYSTICK_IRQHandler)
    HAL_TIMEx_BreakCallback                  0x08004da1   Thumb Code     2  stm32f4xx_hal_tim_ex.o(i.HAL_TIMEx_BreakCallback)
    HAL_TIMEx_CommutationCallback            0x08004da3   Thumb Code     2  stm32f4xx_hal_tim_ex.o(i.HAL_TIMEx_CommutationCallback)
    HAL_TIMEx_MasterConfigSynchronization    0x08004da5   Thumb Code    98  stm32f4xx_hal_tim_ex.o(i.HAL_TIMEx_MasterConfigSynchronization)
    HAL_TIM_Base_Init                        0x08004e07   Thumb Code    52  stm32f4xx_hal_tim.o(i.HAL_TIM_Base_Init)
    HAL_TIM_Base_MspInit                     0x08004e3d   Thumb Code    62  tim.o(i.HAL_TIM_Base_MspInit)
    HAL_TIM_Base_Start_IT                    0x08004e85   Thumb Code    30  stm32f4xx_hal_tim.o(i.HAL_TIM_Base_Start_IT)
    HAL_TIM_Base_Stop_IT                     0x08004ea3   Thumb Code    56  stm32f4xx_hal_tim.o(i.HAL_TIM_Base_Stop_IT)
    HAL_TIM_ConfigClockSource                0x08004edb   Thumb Code   306  stm32f4xx_hal_tim.o(i.HAL_TIM_ConfigClockSource)
    HAL_TIM_IC_CaptureCallback               0x0800500d   Thumb Code     2  stm32f4xx_hal_tim.o(i.HAL_TIM_IC_CaptureCallback)
    HAL_TIM_IRQHandler                       0x0800500f   Thumb Code   406  stm32f4xx_hal_tim.o(i.HAL_TIM_IRQHandler)
    HAL_TIM_OC_DelayElapsedCallback          0x080051a5   Thumb Code     2  stm32f4xx_hal_tim.o(i.HAL_TIM_OC_DelayElapsedCallback)
    HAL_TIM_PWM_PulseFinishedCallback        0x080051a7   Thumb Code     2  stm32f4xx_hal_tim.o(i.HAL_TIM_PWM_PulseFinishedCallback)
    HAL_TIM_PeriodElapsedCallback            0x080051a9   Thumb Code    28  tim.o(i.HAL_TIM_PeriodElapsedCallback)
    HAL_TIM_TriggerCallback                  0x080051cd   Thumb Code     2  stm32f4xx_hal_tim.o(i.HAL_TIM_TriggerCallback)
    HardFault_Handler                        0x080051cf   Thumb Code     4  stm32f4xx_it.o(i.HardFault_Handler)
    IOE_Delay                                0x080058e1   Thumb Code    12  stm32f429i_discovery.o(i.IOE_Delay)
    IOE_ITConfig                             0x080058ed   Thumb Code     8  stm32f429i_discovery.o(i.IOE_ITConfig)
    IOE_Init                                 0x080058f5   Thumb Code     8  stm32f429i_discovery.o(i.IOE_Init)
    IOE_Read                                 0x080058fd   Thumb Code    16  stm32f429i_discovery.o(i.IOE_Read)
    IOE_ReadMultiple                         0x0800590d   Thumb Code    28  stm32f429i_discovery.o(i.IOE_ReadMultiple)
    IOE_Write                                0x08005929   Thumb Code    20  stm32f429i_discovery.o(i.IOE_Write)
    IsCalibrationDone                        0x0800593d   Thumb Code     6  ts_calibration.o(i.IsCalibrationDone)
    L3GD20_DeInit                            0x08005949   Thumb Code     2  l3gd20.o(i.L3GD20_DeInit)
    L3GD20_DisableIT                         0x0800594b   Thumb Code    66  l3gd20.o(i.L3GD20_DisableIT)
    L3GD20_EnableIT                          0x0800598d   Thumb Code    74  l3gd20.o(i.L3GD20_EnableIT)
    L3GD20_FilterCmd                         0x080059d7   Thumb Code    44  l3gd20.o(i.L3GD20_FilterCmd)
    L3GD20_FilterConfig                      0x08005a03   Thumb Code    44  l3gd20.o(i.L3GD20_FilterConfig)
    L3GD20_INT1InterruptConfig               0x08005a2f   Thumb Code    94  l3gd20.o(i.L3GD20_INT1InterruptConfig)
    L3GD20_Init                              0x08005a8d   Thumb Code    42  l3gd20.o(i.L3GD20_Init)
    L3GD20_LowPower                          0x08005ab7   Thumb Code    24  l3gd20.o(i.L3GD20_LowPower)
    L3GD20_ReadID                            0x08005acf   Thumb Code    22  l3gd20.o(i.L3GD20_ReadID)
    L3GD20_ReadXYZAngRate                    0x08005ae5   Thumb Code   232  l3gd20.o(i.L3GD20_ReadXYZAngRate)
    L3GD20_RebootCmd                         0x08005bdd   Thumb Code    34  l3gd20.o(i.L3GD20_RebootCmd)
    LCD_Delay                                0x08005bff   Thumb Code    12  stm32f429i_discovery.o(i.LCD_Delay)
    LCD_IO_Init                              0x08005c0d   Thumb Code   216  stm32f429i_discovery.o(i.LCD_IO_Init)
    LCD_IO_ReadData                          0x08005cf5   Thumb Code    68  stm32f429i_discovery.o(i.LCD_IO_ReadData)
    LCD_IO_WriteData                         0x08005d41   Thumb Code    42  stm32f429i_discovery.o(i.LCD_IO_WriteData)
    LCD_IO_WriteReg                          0x08005d75   Thumb Code    44  stm32f429i_discovery.o(i.LCD_IO_WriteReg)
    LCD_LOG_ClearTextZone                    0x08005da9   Thumb Code    28  lcd_log.o(i.LCD_LOG_ClearTextZone)
    LCD_LOG_DeInit                           0x08005dc5   Thumb Code    54  lcd_log.o(i.LCD_LOG_DeInit)
    LCD_LOG_Init                             0x08005e2d   Thumb Code    16  lcd_log.o(i.LCD_LOG_Init)
    LCD_LOG_SetFooter                        0x08005e3d   Thumb Code   116  lcd_log.o(i.LCD_LOG_SetFooter)
    LCD_LOG_SetHeader                        0x08005eb9   Thumb Code    94  lcd_log.o(i.LCD_LOG_SetHeader)
    LCD_LOG_UpdateDisplay                    0x08005f25   Thumb Code   182  lcd_log.o(i.LCD_LOG_UpdateDisplay)
    LCD_demo                                 0x08006405   Thumb Code    66  lcd.o(i.LCD_demo)
    Log_demo                                 0x08006661   Thumb Code   134  log.o(i.Log_demo)
    MEMS_demo                                0x08006839   Thumb Code   716  mems.o(i.MEMS_demo)
    MemManage_Handler                        0x08006b49   Thumb Code     4  stm32f4xx_it.o(i.MemManage_Handler)
    NMI_Handler                              0x08006b4d   Thumb Code     2  stm32f4xx_it.o(i.NMI_Handler)
    PendSV_Handler                           0x08006b4f   Thumb Code     2  stm32f4xx_it.o(i.PendSV_Handler)
    SVC_Handler                              0x08006d7d   Thumb Code     2  stm32f4xx_it.o(i.SVC_Handler)
    SendFrame                                0x08006d81   Thumb Code    46  ir_rmt_txr.o(i.SendFrame)
    SysTick_Handler                          0x08006db9   Thumb Code    12  stm32f4xx_it.o(i.SysTick_Handler)
    SystemInit                               0x08006e81   Thumb Code    82  system_stm32f4xx.o(i.SystemInit)
    TIM1_Init                                0x08006ee5   Thumb Code    68  tim.o(i.TIM1_Init)
    TIM1_UP_TIM10_IRQHandler                 0x08006f31   Thumb Code    10  stm32f4xx_it.o(i.TIM1_UP_TIM10_IRQHandler)
    TIM_Base_SetConfig                       0x08006f41   Thumb Code   184  stm32f4xx_hal_tim.o(i.TIM_Base_SetConfig)
    Touchscreen_Calibration                  0x08007171   Thumb Code   344  ts_calibration.o(i.Touchscreen_Calibration)
    Touchscreen_demo                         0x080076c9   Thumb Code   600  touchscreen.o(i.Touchscreen_demo)
    UsageFault_Handler                       0x08007959   Thumb Code     4  stm32f4xx_it.o(i.UsageFault_Handler)
    __0printf$8                              0x080079a9   Thumb Code    22  printf8.o(i.__0printf$8)
    __1printf$8                              0x080079a9   Thumb Code     0  printf8.o(i.__0printf$8)
    __2printf                                0x080079a9   Thumb Code     0  printf8.o(i.__0printf$8)
    __0sprintf$8                             0x080079c9   Thumb Code    34  printf8.o(i.__0sprintf$8)
    __1sprintf$8                             0x080079c9   Thumb Code     0  printf8.o(i.__0sprintf$8)
    __2sprintf                               0x080079c9   Thumb Code     0  printf8.o(i.__0sprintf$8)
    __scatterload_copy                       0x08007a29   Thumb Code    14  handlers.o(i.__scatterload_copy)
    __scatterload_null                       0x08007a37   Thumb Code     2  handlers.o(i.__scatterload_null)
    __scatterload_zeroinit                   0x08007a39   Thumb Code    14  handlers.o(i.__scatterload_zeroinit)
    fputc                                    0x08007eb5   Thumb Code   326  lcd_log.o(i.fputc)
    ili9341_DisplayOff                       0x0800802d   Thumb Code    10  ili9341.o(i.ili9341_DisplayOff)
    ili9341_DisplayOn                        0x08008037   Thumb Code    10  ili9341.o(i.ili9341_DisplayOn)
    ili9341_GetLcdPixelHeight                0x08008041   Thumb Code     6  ili9341.o(i.ili9341_GetLcdPixelHeight)
    ili9341_GetLcdPixelWidth                 0x08008047   Thumb Code     4  ili9341.o(i.ili9341_GetLcdPixelWidth)
    ili9341_Init                             0x0800804b   Thumb Code   656  ili9341.o(i.ili9341_Init)
    ili9341_ReadData                         0x080082db   Thumb Code    16  ili9341.o(i.ili9341_ReadData)
    ili9341_ReadID                           0x080082eb   Thumb Code    18  ili9341.o(i.ili9341_ReadID)
    ili9341_WriteData                        0x080082fd   Thumb Code    12  ili9341.o(i.ili9341_WriteData)
    ili9341_WriteReg                         0x08008309   Thumb Code    12  ili9341.o(i.ili9341_WriteReg)
    main                                     0x08008315   Thumb Code   128  main.o(i.main)
    stmpe811_ClearGlobalIT                   0x080083a1   Thumb Code    18  stmpe811.o(i.stmpe811_ClearGlobalIT)
    stmpe811_DisableGlobalIT                 0x080083b3   Thumb Code    32  stmpe811.o(i.stmpe811_DisableGlobalIT)
    stmpe811_DisableITSource                 0x080083d3   Thumb Code    32  stmpe811.o(i.stmpe811_DisableITSource)
    stmpe811_EnableGlobalIT                  0x080083f3   Thumb Code    32  stmpe811.o(i.stmpe811_EnableGlobalIT)
    stmpe811_EnableITSource                  0x08008413   Thumb Code    32  stmpe811.o(i.stmpe811_EnableITSource)
    stmpe811_IO_ClearIT                      0x08008459   Thumb Code    56  stmpe811.o(i.stmpe811_IO_ClearIT)
    stmpe811_IO_Config                       0x08008491   Thumb Code   234  stmpe811.o(i.stmpe811_IO_Config)
    stmpe811_IO_DisableAF                    0x0800857b   Thumb Code    34  stmpe811.o(i.stmpe811_IO_DisableAF)
    stmpe811_IO_DisableIT                    0x0800859d   Thumb Code    20  stmpe811.o(i.stmpe811_IO_DisableIT)
    stmpe811_IO_EnableAF                     0x080085b1   Thumb Code    32  stmpe811.o(i.stmpe811_IO_EnableAF)
    stmpe811_IO_EnableIT                     0x080085d1   Thumb Code    24  stmpe811.o(i.stmpe811_IO_EnableIT)
    stmpe811_IO_EnablePinIT                  0x080085e9   Thumb Code    34  stmpe811.o(i.stmpe811_IO_EnablePinIT)
    stmpe811_IO_ITStatus                     0x0800860b   Thumb Code    18  stmpe811.o(i.stmpe811_IO_ITStatus)
    stmpe811_IO_InitPin                      0x0800861d   Thumb Code    46  stmpe811.o(i.stmpe811_IO_InitPin)
    stmpe811_IO_ReadPin                      0x0800864b   Thumb Code    18  stmpe811.o(i.stmpe811_IO_ReadPin)
    stmpe811_IO_SetEdgeMode                  0x0800865d   Thumb Code    86  stmpe811.o(i.stmpe811_IO_SetEdgeMode)
    stmpe811_IO_Start                        0x080086b3   Thumb Code    40  stmpe811.o(i.stmpe811_IO_Start)
    stmpe811_IO_WritePin                     0x080086db   Thumb Code    34  stmpe811.o(i.stmpe811_IO_WritePin)
    stmpe811_Init                            0x080086fd   Thumb Code    44  stmpe811.o(i.stmpe811_Init)
    stmpe811_ReadGITStatus                   0x0800872d   Thumb Code    18  stmpe811.o(i.stmpe811_ReadGITStatus)
    stmpe811_ReadID                          0x0800873f   Thumb Code    32  stmpe811.o(i.stmpe811_ReadID)
    stmpe811_Reset                           0x0800875f   Thumb Code    38  stmpe811.o(i.stmpe811_Reset)
    stmpe811_SetITPolarity                   0x08008785   Thumb Code    36  stmpe811.o(i.stmpe811_SetITPolarity)
    stmpe811_SetITType                       0x080087a9   Thumb Code    36  stmpe811.o(i.stmpe811_SetITType)
    stmpe811_TS_ClearIT                      0x080087cd   Thumb Code    14  stmpe811.o(i.stmpe811_TS_ClearIT)
    stmpe811_TS_DetectTouch                  0x080087db   Thumb Code    60  stmpe811.o(i.stmpe811_TS_DetectTouch)
    stmpe811_TS_DisableIT                    0x08008817   Thumb Code    20  stmpe811.o(i.stmpe811_TS_DisableIT)
    stmpe811_TS_EnableIT                     0x0800882b   Thumb Code    24  stmpe811.o(i.stmpe811_TS_EnableIT)
    stmpe811_TS_GetXY                        0x08008843   Thumb Code    88  stmpe811.o(i.stmpe811_TS_GetXY)
    stmpe811_TS_ITStatus                     0x0800889b   Thumb Code    14  stmpe811.o(i.stmpe811_TS_ITStatus)
    stmpe811_TS_Start                        0x080088a9   Thumb Code   164  stmpe811.o(i.stmpe811_TS_Start)
    AHBPrescTable                            0x0800894c   Data          16  system_stm32f4xx.o(.constdata)
    APBPrescTable                            0x0800895c   Data           8  system_stm32f4xx.o(.constdata)
    stlogo                                   0x0800897c   Data        9174  main.o(.constdata)
    GPIO_PIN                                 0x0800ad52   Data           8  stm32f429i_discovery.o(.constdata)
    BUTTON_PIN                               0x0800ad5a   Data           2  stm32f429i_discovery.o(.constdata)
    BUTTON_IRQn                              0x0800ad5c   Data           1  stm32f429i_discovery.o(.constdata)
    Font24_Table                             0x0800ad5d   Data        6840  stm32f429i_discovery_lcd.o(.constdata)
    Font20_Table                             0x0800c815   Data        3800  stm32f429i_discovery_lcd.o(.constdata)
    Font16_Table                             0x0800d6ed   Data        3040  stm32f429i_discovery_lcd.o(.constdata)
    Font12_Table                             0x0800e2cd   Data        1140  stm32f429i_discovery_lcd.o(.constdata)
    Font8_Table                              0x0800e741   Data         760  stm32f429i_discovery_lcd.o(.constdata)
    Region$$Table$$Base                      0x0800ea44   Number         0  anon$$obj.o(Region$$Table)
    Region$$Table$$Limit                     0x0800ea64   Number         0  anon$$obj.o(Region$$Table)
    SystemCoreClock                          0x20000000   Data           4  system_stm32f4xx.o(.data)
    LCD_LineColor                            0x20000004   Data           4  lcd_log.o(.data)
    LCD_CacheBuffer_xptr                     0x20000008   Data           2  lcd_log.o(.data)
    LCD_CacheBuffer_yptr_top                 0x2000000a   Data           2  lcd_log.o(.data)
    LCD_CacheBuffer_yptr_bottom              0x2000000c   Data           2  lcd_log.o(.data)
    LCD_CacheBuffer_yptr_top_bak             0x2000000e   Data           2  lcd_log.o(.data)
    LCD_CacheBuffer_yptr_bottom_bak          0x20000010   Data           2  lcd_log.o(.data)
    LCD_CacheBuffer_yptr_invert              0x20000012   Data           1  lcd_log.o(.data)
    LCD_ScrollActive                         0x20000013   Data           1  lcd_log.o(.data)
    LCD_Lock                                 0x20000014   Data           1  lcd_log.o(.data)
    LCD_Scrolled                             0x20000015   Data           1  lcd_log.o(.data)
    LCD_ScrollBackStep                       0x20000016   Data           2  lcd_log.o(.data)
    ubKeyPressed                             0x2000001c   Data           1  main.o(.data)
    i                                        0x2000001d   Data           1  main.o(.data)
    BSP_examples                             0x20000020   Data         300  main.o(.data)
    Xval                                     0x20000154   Data           4  mems.o(.data)
    Yval                                     0x20000158   Data           4  mems.o(.data)
    Zval                                     0x2000015c   Data           4  mems.o(.data)
    state                                    0x20000160   Data           1  mems.o(.data)
    charcnt                                  0x2000018c   Data           2  ir_rmt_txr.o(.data)
    tickcnt                                  0x20000190   Data           4  ir_rmt_txr.o(.data)
    pinmask                                  0x20000194   Data           1  ir_rmt_txr.o(.data)
    bSync                                    0x20000195   Data           1  ir_rmt_txr.o(.data)
    FramePwr                                 0x20000196   Data          44  ir_rmt_txr.o(.data)
    FrameMode                                0x200001c2   Data          44  ir_rmt_txr.o(.data)
    FrameTempUp                              0x200001ee   Data          44  ir_rmt_txr.o(.data)
    FrameTempDn                              0x2000021a   Data          44  ir_rmt_txr.o(.data)
    FrameFanSpd                              0x20000246   Data          44  ir_rmt_txr.o(.data)
    FrameTimer                               0x20000272   Data          44  ir_rmt_txr.o(.data)
    pFrames                                  0x200002a0   Data          24  ir_rmt_txr.o(.data)
    ili9341_drv                              0x200002c8   Data          56  ili9341.o(.data)
    stmpe811_ts_drv                          0x20000300   Data          40  stmpe811.o(.data)
    stmpe811_io_drv                          0x20000328   Data          44  stmpe811.o(.data)
    stmpe811                                 0x20000354   Data           2  stmpe811.o(.data)
    L3gd20Drv                                0x20000358   Data          52  l3gd20.o(.data)
    GPIO_PORT                                0x2000038c   Data          16  stm32f429i_discovery.o(.data)
    BUTTON_PORT                              0x2000039c   Data           4  stm32f429i_discovery.o(.data)
    I2cxTimeout                              0x200003a0   Data           4  stm32f429i_discovery.o(.data)
    SpixTimeout                              0x200003a4   Data           4  stm32f429i_discovery.o(.data)
    Font24                                   0x200003ac   Data           8  stm32f429i_discovery_lcd.o(.data)
    Font20                                   0x200003b4   Data           8  stm32f429i_discovery_lcd.o(.data)
    Font16                                   0x200003bc   Data           8  stm32f429i_discovery_lcd.o(.data)
    Font12                                   0x200003c4   Data           8  stm32f429i_discovery_lcd.o(.data)
    Font8                                    0x200003cc   Data           8  stm32f429i_discovery_lcd.o(.data)
    LcdDrv                                   0x200003d8   Data           4  stm32f429i_discovery_lcd.o(.data)
    uwTick                                   0x200003f4   Data           4  stm32f4xx_hal.o(.data)
    __stdout                                 0x200003f8   Data           4  stdout.o(.data)
    LCD_CacheBuffer                          0x200003fc   Data       15444  lcd_log.o(.bss)
    Buffer                                   0x20004050   Data          12  mems.o(.bss)
    dispstr                                  0x2000405c   Data         512  ir_rmt_txr.o(.bss)
    htim1                                    0x2000425c   Data          60  tim.o(.bss)
    htim10                                   0x20004298   Data          60  tim.o(.bss)
    I2cHandle                                0x200042d4   Data          84  stm32f429i_discovery.o(.bss)
    LtdcHandler                              0x20004380   Data         168  stm32f429i_discovery_lcd.o(.bss)
    __initial_sp                             0x200049d0   Data           0  startup_stm32f429xx.o(STACK)



==============================================================================

Memory Map of the image

  Image Entry point : 0x080001ad

  Load Region LR_IROM1 (Base: 0x08000000, Size: 0x0000ee60, Max: 0x00200000, ABSOLUTE, COMPRESSED[0x0000ebd0])

    Execution Region ER_IROM1 (Exec base: 0x08000000, Load base: 0x08000000, Size: 0x0000ea64, Max: 0x00200000, ABSOLUTE)

    Exec Addr    Load Addr    Size         Type   Attr      Idx    E Section Name        Object

    0x08000000   0x08000000   0x000001ac   Data   RO         5511    RESET               startup_stm32f429xx.o
    0x080001ac   0x080001ac   0x00000000   Code   RO         5516  * .ARM.Collect$$$$00000000  mc_w.l(entry.o)
    0x080001ac   0x080001ac   0x00000004   Code   RO         5788    .ARM.Collect$$$$00000001  mc_w.l(entry2.o)
    0x080001b0   0x080001b0   0x00000004   Code   RO         5791    .ARM.Collect$$$$00000004  mc_w.l(entry5.o)
    0x080001b4   0x080001b4   0x00000000   Code   RO         5793    .ARM.Collect$$$$00000008  mc_w.l(entry7b.o)
    0x080001b4   0x080001b4   0x00000000   Code   RO         5795    .ARM.Collect$$$$0000000A  mc_w.l(entry8b.o)
    0x080001b4   0x080001b4   0x00000008   Code   RO         5796    .ARM.Collect$$$$0000000B  mc_w.l(entry9a.o)
    0x080001bc   0x080001bc   0x00000000   Code   RO         5798    .ARM.Collect$$$$0000000D  mc_w.l(entry10a.o)
    0x080001bc   0x080001bc   0x00000000   Code   RO         5800    .ARM.Collect$$$$0000000F  mc_w.l(entry11a.o)
    0x080001bc   0x080001bc   0x00000004   Code   RO         5789    .ARM.Collect$$$$00002712  mc_w.l(entry2.o)
    0x080001c0   0x080001c0   0x00000024   Code   RO         5512    .text               startup_stm32f429xx.o
    0x080001e4   0x080001e4   0x00000024   Code   RO         5519    .text               mc_w.l(memcpya.o)
    0x08000208   0x08000208   0x00000024   Code   RO         5521    .text               mc_w.l(memseta.o)
    0x0800022c   0x0800022c   0x0000000e   Code   RO         5523    .text               mc_w.l(strlen.o)
    0x0800023a   0x0800023a   0x00000062   Code   RO         5805    .text               mc_w.l(uldiv.o)
    0x0800029c   0x0800029c   0x00000024   Code   RO         5818    .text               mc_w.l(init.o)
    0x080002c0   0x080002c0   0x0000001e   Code   RO         5820    .text               mc_w.l(llshl.o)
    0x080002de   0x080002de   0x00000020   Code   RO         5822    .text               mc_w.l(llushr.o)
    0x080002fe   0x080002fe   0x00000056   Code   RO         5836    .text               mc_w.l(__dczerorl2.o)
    0x08000354   0x08000354   0x0000001c   Code   RO         1865    i.BSP_GYRO_GetXYZ   stm32f429i_discovery_gyroscope.o
    0x08000370   0x08000370   0x000000c0   Code   RO         1867    i.BSP_GYRO_Init     stm32f429i_discovery_gyroscope.o
    0x08000430   0x08000430   0x00000018   Code   RO         1869    i.BSP_GYRO_Reset    stm32f429i_discovery_gyroscope.o
    0x08000448   0x08000448   0x00000040   Code   RO         1391    i.BSP_LCD_Clear     stm32f429i_discovery_lcd.o
    0x08000488   0x08000488   0x0000008c   Code   RO         1392    i.BSP_LCD_ClearStringLine  stm32f429i_discovery_lcd.o
    0x08000514   0x08000514   0x00000068   Code   RO         1393    i.BSP_LCD_DisplayChar  stm32f429i_discovery_lcd.o
    0x0800057c   0x0800057c   0x00000118   Code   RO         1396    i.BSP_LCD_DisplayStringAt  stm32f429i_discovery_lcd.o
    0x08000694   0x08000694   0x0000001e   Code   RO         1397    i.BSP_LCD_DisplayStringAtLine  stm32f429i_discovery_lcd.o
    0x080006b2   0x080006b2   0x00000002   PAD
    0x080006b4   0x080006b4   0x000000b4   Code   RO         1398    i.BSP_LCD_DrawBitmap  stm32f429i_discovery_lcd.o
    0x08000768   0x08000768   0x00000128   Code   RO         1399    i.BSP_LCD_DrawCircle  stm32f429i_discovery_lcd.o
    0x08000890   0x08000890   0x0000016c   Code   RO         1400    i.BSP_LCD_DrawEllipse  stm32f429i_discovery_lcd.o
    0x080009fc   0x080009fc   0x00000060   Code   RO         1401    i.BSP_LCD_DrawHLine  stm32f429i_discovery_lcd.o
    0x08000a5c   0x08000a5c   0x0000013c   Code   RO         1402    i.BSP_LCD_DrawLine  stm32f429i_discovery_lcd.o
    0x08000b98   0x08000b98   0x00000034   Code   RO         1403    i.BSP_LCD_DrawPixel  stm32f429i_discovery_lcd.o
    0x08000bcc   0x08000bcc   0x00000070   Code   RO         1404    i.BSP_LCD_DrawPolygon  stm32f429i_discovery_lcd.o
    0x08000c3c   0x08000c3c   0x0000003c   Code   RO         1405    i.BSP_LCD_DrawRect  stm32f429i_discovery_lcd.o
    0x08000c78   0x08000c78   0x00000068   Code   RO         1406    i.BSP_LCD_DrawVLine  stm32f429i_discovery_lcd.o
    0x08000ce0   0x08000ce0   0x000000b8   Code   RO         1407    i.BSP_LCD_FillCircle  stm32f429i_discovery_lcd.o
    0x08000d98   0x08000d98   0x00000124   Code   RO         1408    i.BSP_LCD_FillEllipse  stm32f429i_discovery_lcd.o
    0x08000ebc   0x08000ebc   0x000001b0   Code   RO         1409    i.BSP_LCD_FillPolygon  stm32f429i_discovery_lcd.o
    0x0800106c   0x0800106c   0x0000007c   Code   RO         1410    i.BSP_LCD_FillRect  stm32f429i_discovery_lcd.o
    0x080010e8   0x080010e8   0x00000128   Code   RO         1411    i.BSP_LCD_FillTriangle  stm32f429i_discovery_lcd.o
    0x08001210   0x08001210   0x0000001c   Code   RO         1413    i.BSP_LCD_GetFont   stm32f429i_discovery_lcd.o
    0x0800122c   0x0800122c   0x00000010   Code   RO         1415    i.BSP_LCD_GetXSize  stm32f429i_discovery_lcd.o
    0x0800123c   0x0800123c   0x00000010   Code   RO         1416    i.BSP_LCD_GetYSize  stm32f429i_discovery_lcd.o
    0x0800124c   0x0800124c   0x000000a8   Code   RO         1417    i.BSP_LCD_Init      stm32f429i_discovery_lcd.o
    0x080012f4   0x080012f4   0x00000098   Code   RO         1418    i.BSP_LCD_LayerDefaultInit  stm32f429i_discovery_lcd.o
    0x0800138c   0x0800138c   0x0000019c   Code   RO         1419    i.BSP_LCD_MspInit   stm32f429i_discovery_lcd.o
    0x08001528   0x08001528   0x0000001c   Code   RO         1425    i.BSP_LCD_SetBackColor  stm32f429i_discovery_lcd.o
    0x08001544   0x08001544   0x0000001c   Code   RO         1428    i.BSP_LCD_SetFont   stm32f429i_discovery_lcd.o
    0x08001560   0x08001560   0x00000018   Code   RO         1435    i.BSP_LCD_SetTextColor  stm32f429i_discovery_lcd.o
    0x08001578   0x08001578   0x000000d8   Code   RO         1105    i.BSP_LED_Init      stm32f429i_discovery.o
    0x08001650   0x08001650   0x00000020   Code   RO         1106    i.BSP_LED_Off       stm32f429i_discovery.o
    0x08001670   0x08001670   0x00000020   Code   RO         1108    i.BSP_LED_Toggle    stm32f429i_discovery.o
    0x08001690   0x08001690   0x00000020   Code   RO         1109    i.BSP_PB_GetState   stm32f429i_discovery.o
    0x080016b0   0x080016b0   0x000000a0   Code   RO         1110    i.BSP_PB_Init       stm32f429i_discovery.o
    0x08001750   0x08001750   0x00000090   Code   RO         1733    i.BSP_SDRAM_Init    stm32f429i_discovery_sdram.o
    0x080017e0   0x080017e0   0x00000098   Code   RO         1734    i.BSP_SDRAM_Initialization_sequence  stm32f429i_discovery_sdram.o
    0x08001878   0x08001878   0x000001ec   Code   RO         1736    i.BSP_SDRAM_MspInit  stm32f429i_discovery_sdram.o
    0x08001a64   0x08001a64   0x00000134   Code   RO         1813    i.BSP_TS_GetState   stm32f429i_discovery_ts.o
    0x08001b98   0x08001b98   0x00000054   Code   RO         1817    i.BSP_TS_Init       stm32f429i_discovery_ts.o
    0x08001bec   0x08001bec   0x00000004   Code   RO          550    i.BusFault_Handler  stm32f4xx_it.o
    0x08001bf0   0x08001bf0   0x00000028   Code   RO          455    i.Calibration_GetX  ts_calibration.o
    0x08001c18   0x08001c18   0x00000028   Code   RO          456    i.Calibration_GetY  ts_calibration.o
    0x08001c40   0x08001c40   0x0000001e   Code   RO          324    i.CheckForUserInput  main.o
    0x08001c5e   0x08001c5e   0x00000002   PAD
    0x08001c60   0x08001c60   0x00000064   Code   RO         1438    i.ConvertLineToARGB8888  stm32f429i_discovery_lcd.o
    0x08001cc4   0x08001cc4   0x00000108   Code   RO         3851    i.DMA2D_SetConfig   stm32f4xx_hal_dma2d.o
    0x08001dcc   0x08001dcc   0x00000034   Code   RO         3312    i.DMA_CalcBaseAndBitshift  stm32f4xx_hal_dma.o
    0x08001e00   0x08001e00   0x000000aa   Code   RO         3313    i.DMA_CheckFifoParam  stm32f4xx_hal_dma.o
    0x08001eaa   0x08001eaa   0x00000002   Code   RO          551    i.DebugMon_Handler  stm32f4xx_it.o
    0x08001eac   0x08001eac   0x00000360   Code   RO          638    i.Do_Ir_Rmt_Txr     ir_rmt_txr.o
    0x0800220c   0x0800220c   0x00000108   Code   RO         1439    i.DrawChar          stm32f429i_discovery_lcd.o
    0x08002314   0x08002314   0x0000000a   Code   RO          552    i.EXTI0_IRQHandler  stm32f4xx_it.o
    0x0800231e   0x0800231e   0x00000074   Code   RO         4757    i.FMC_SDRAM_Init    stm32f4xx_ll_fmc.o
    0x08002392   0x08002392   0x0000000e   Code   RO         4758    i.FMC_SDRAM_ProgramRefreshRate  stm32f4xx_ll_fmc.o
    0x080023a0   0x080023a0   0x00000052   Code   RO         4759    i.FMC_SDRAM_SendCommand  stm32f4xx_ll_fmc.o
    0x080023f2   0x080023f2   0x00000002   PAD
    0x080023f4   0x080023f4   0x0000009c   Code   RO         4761    i.FMC_SDRAM_Timing_Init  stm32f4xx_ll_fmc.o
    0x08002490   0x08002490   0x00000060   Code   RO         1440    i.FillBuffer        stm32f429i_discovery_lcd.o
    0x080024f0   0x080024f0   0x00000094   Code   RO         1111    i.GYRO_IO_Init      stm32f429i_discovery.o
    0x08002584   0x08002584   0x0000004c   Code   RO         1112    i.GYRO_IO_Read      stm32f429i_discovery.o
    0x080025d0   0x080025d0   0x00000044   Code   RO         1113    i.GYRO_IO_Write     stm32f429i_discovery.o
    0x08002614   0x08002614   0x0000006c   Code   RO          457    i.GetPhysValues     ts_calibration.o
    0x08002680   0x08002680   0x0000032c   Code   RO          417    i.Gyroscope_DrawBackground  mems.o
    0x080029ac   0x080029ac   0x00000100   Code   RO         3863    i.HAL_DMA2D_ConfigLayer  stm32f4xx_hal_dma2d.o
    0x08002aac   0x08002aac   0x00000060   Code   RO         3871    i.HAL_DMA2D_Init    stm32f4xx_hal_dma2d.o
    0x08002b0c   0x08002b0c   0x00000002   Code   RO         3874    i.HAL_DMA2D_MspInit  stm32f4xx_hal_dma2d.o
    0x08002b0e   0x08002b0e   0x00000168   Code   RO         3875    i.HAL_DMA2D_PollForTransfer  stm32f4xx_hal_dma2d.o
    0x08002c76   0x08002c76   0x0000004e   Code   RO         3878    i.HAL_DMA2D_Start   stm32f4xx_hal_dma2d.o
    0x08002cc4   0x08002cc4   0x00000062   Code   RO         3317    i.HAL_DMA_DeInit    stm32f4xx_hal_dma.o
    0x08002d26   0x08002d26   0x00000002   PAD
    0x08002d28   0x08002d28   0x000000ec   Code   RO         3321    i.HAL_DMA_Init      stm32f4xx_hal_dma.o
    0x08002e14   0x08002e14   0x0000001e   Code   RO         5042    i.HAL_Delay         stm32f4xx_hal.o
    0x08002e32   0x08002e32   0x00000002   PAD
    0x08002e34   0x08002e34   0x00000010   Code   RO          325    i.HAL_GPIO_EXTI_Callback  main.o
    0x08002e44   0x08002e44   0x0000001c   Code   RO         4673    i.HAL_GPIO_EXTI_IRQHandler  stm32f4xx_hal_gpio.o
    0x08002e60   0x08002e60   0x0000021c   Code   RO         4674    i.HAL_GPIO_Init     stm32f4xx_hal_gpio.o
    0x0800307c   0x0800307c   0x00000010   Code   RO         4676    i.HAL_GPIO_ReadPin  stm32f4xx_hal_gpio.o
    0x0800308c   0x0800308c   0x00000008   Code   RO         4677    i.HAL_GPIO_TogglePin  stm32f4xx_hal_gpio.o
    0x08003094   0x08003094   0x0000000c   Code   RO         4678    i.HAL_GPIO_WritePin  stm32f4xx_hal_gpio.o
    0x080030a0   0x080030a0   0x0000000c   Code   RO         5050    i.HAL_GetTick       stm32f4xx_hal.o
    0x080030ac   0x080030ac   0x0000003c   Code   RO         3420    i.HAL_I2C_DeInit    stm32f4xx_hal_i2c.o
    0x080030e8   0x080030e8   0x00000008   Code   RO         3428    i.HAL_I2C_GetState  stm32f4xx_hal_i2c.o
    0x080030f0   0x080030f0   0x00000128   Code   RO         3429    i.HAL_I2C_Init      stm32f4xx_hal_i2c.o
    0x08003218   0x08003218   0x00000328   Code   RO         3445    i.HAL_I2C_Mem_Read  stm32f4xx_hal_i2c.o
    0x08003540   0x08003540   0x00000188   Code   RO         3448    i.HAL_I2C_Mem_Write  stm32f4xx_hal_i2c.o
    0x080036c8   0x080036c8   0x00000002   Code   RO         3451    i.HAL_I2C_MspDeInit  stm32f4xx_hal_i2c.o
    0x080036ca   0x080036ca   0x00000002   Code   RO         3452    i.HAL_I2C_MspInit   stm32f4xx_hal_i2c.o
    0x080036cc   0x080036cc   0x00000010   Code   RO         5052    i.HAL_IncTick       stm32f4xx_hal.o
    0x080036dc   0x080036dc   0x0000003c   Code   RO         5053    i.HAL_Init          stm32f4xx_hal.o
    0x08003718   0x08003718   0x00000028   Code   RO         5054    i.HAL_InitTick      stm32f4xx_hal.o
    0x08003740   0x08003740   0x0000005e   Code   RO         4261    i.HAL_LTDC_ConfigLayer  stm32f4xx_hal_ltdc.o
    0x0800379e   0x0800379e   0x00000002   PAD
    0x080037a0   0x080037a0   0x00000044   Code   RO         4273    i.HAL_LTDC_EnableDither  stm32f4xx_hal_ltdc.o
    0x080037e4   0x080037e4   0x0000011c   Code   RO         4278    i.HAL_LTDC_Init     stm32f4xx_hal_ltdc.o
    0x08003900   0x08003900   0x00000002   Code   RO         4281    i.HAL_LTDC_MspInit  stm32f4xx_hal_ltdc.o
    0x08003902   0x08003902   0x00000002   Code   RO         5056    i.HAL_MspInit       stm32f4xx_hal.o
    0x08003904   0x08003904   0x00000020   Code   RO         2810    i.HAL_NVIC_EnableIRQ  stm32f4xx_hal_cortex.o
    0x08003924   0x08003924   0x0000007c   Code   RO         2816    i.HAL_NVIC_SetPriority  stm32f4xx_hal_cortex.o
    0x080039a0   0x080039a0   0x00000028   Code   RO         2817    i.HAL_NVIC_SetPriorityGrouping  stm32f4xx_hal_cortex.o
    0x080039c8   0x080039c8   0x000000a4   Code   RO         5224    i.HAL_PWREx_EnableOverDrive  stm32f4xx_hal_pwr_ex.o
    0x08003a6c   0x08003a6c   0x00000370   Code   RO         4050    i.HAL_RCCEx_PeriphCLKConfig  stm32f4xx_hal_rcc_ex.o
    0x08003ddc   0x08003ddc   0x000001d0   Code   RO         5411    i.HAL_RCC_ClockConfig  stm32f4xx_hal_rcc.o
    0x08003fac   0x08003fac   0x0000000c   Code   RO         5416    i.HAL_RCC_GetHCLKFreq  stm32f4xx_hal_rcc.o
    0x08003fb8   0x08003fb8   0x0000002c   Code   RO         5418    i.HAL_RCC_GetPCLK1Freq  stm32f4xx_hal_rcc.o
    0x08003fe4   0x08003fe4   0x000000b4   Code   RO         5420    i.HAL_RCC_GetSysClockFreq  stm32f4xx_hal_rcc.o
    0x08004098   0x08004098   0x0000044c   Code   RO         5423    i.HAL_RCC_OscConfig  stm32f4xx_hal_rcc.o
    0x080044e4   0x080044e4   0x00000040   Code   RO         4521    i.HAL_SDRAM_Init    stm32f4xx_hal_sdram.o
    0x08004524   0x08004524   0x00000002   Code   RO         4523    i.HAL_SDRAM_MspInit  stm32f4xx_hal_sdram.o
    0x08004526   0x08004526   0x00000028   Code   RO         4524    i.HAL_SDRAM_ProgramRefreshRate  stm32f4xx_hal_sdram.o
    0x0800454e   0x0800454e   0x0000003a   Code   RO         4530    i.HAL_SDRAM_SendCommand  stm32f4xx_hal_sdram.o
    0x08004588   0x08004588   0x00000036   Code   RO         2951    i.HAL_SPI_DeInit    stm32f4xx_hal_spi.o
    0x080045be   0x080045be   0x00000008   Code   RO         2954    i.HAL_SPI_GetState  stm32f4xx_hal_spi.o
    0x080045c6   0x080045c6   0x000000a0   Code   RO         2956    i.HAL_SPI_Init      stm32f4xx_hal_spi.o
    0x08004666   0x08004666   0x00000002   Code   RO         2957    i.HAL_SPI_MspDeInit  stm32f4xx_hal_spi.o
    0x08004668   0x08004668   0x00000002   Code   RO         2958    i.HAL_SPI_MspInit   stm32f4xx_hal_spi.o
    0x0800466a   0x0800466a   0x00000224   Code   RO         2959    i.HAL_SPI_Receive   stm32f4xx_hal_spi.o
    0x0800488e   0x0800488e   0x000001e0   Code   RO         2964    i.HAL_SPI_Transmit  stm32f4xx_hal_spi.o
    0x08004a6e   0x08004a6e   0x000002cc   Code   RO         2965    i.HAL_SPI_TransmitReceive  stm32f4xx_hal_spi.o
    0x08004d3a   0x08004d3a   0x00000028   Code   RO         2819    i.HAL_SYSTICK_CLKSourceConfig  stm32f4xx_hal_cortex.o
    0x08004d62   0x08004d62   0x00000002   Code   RO         2820    i.HAL_SYSTICK_Callback  stm32f4xx_hal_cortex.o
    0x08004d64   0x08004d64   0x00000034   Code   RO         2821    i.HAL_SYSTICK_Config  stm32f4xx_hal_cortex.o
    0x08004d98   0x08004d98   0x00000008   Code   RO         2822    i.HAL_SYSTICK_IRQHandler  stm32f4xx_hal_cortex.o
    0x08004da0   0x08004da0   0x00000002   Code   RO         2566    i.HAL_TIMEx_BreakCallback  stm32f4xx_hal_tim_ex.o
    0x08004da2   0x08004da2   0x00000002   Code   RO         2567    i.HAL_TIMEx_CommutationCallback  stm32f4xx_hal_tim_ex.o
    0x08004da4   0x08004da4   0x00000062   Code   RO         2583    i.HAL_TIMEx_MasterConfigSynchronization  stm32f4xx_hal_tim_ex.o
    0x08004e06   0x08004e06   0x00000034   Code   RO         1927    i.HAL_TIM_Base_Init  stm32f4xx_hal_tim.o
    0x08004e3a   0x08004e3a   0x00000002   PAD
    0x08004e3c   0x08004e3c   0x00000048   Code   RO          679    i.HAL_TIM_Base_MspInit  tim.o
    0x08004e84   0x08004e84   0x0000001e   Code   RO         1932    i.HAL_TIM_Base_Start_IT  stm32f4xx_hal_tim.o
    0x08004ea2   0x08004ea2   0x00000038   Code   RO         1935    i.HAL_TIM_Base_Stop_IT  stm32f4xx_hal_tim.o
    0x08004eda   0x08004eda   0x00000132   Code   RO         1936    i.HAL_TIM_ConfigClockSource  stm32f4xx_hal_tim.o
    0x0800500c   0x0800500c   0x00000002   Code   RO         1956    i.HAL_TIM_IC_CaptureCallback  stm32f4xx_hal_tim.o
    0x0800500e   0x0800500e   0x00000196   Code   RO         1969    i.HAL_TIM_IRQHandler  stm32f4xx_hal_tim.o
    0x080051a4   0x080051a4   0x00000002   Code   RO         1972    i.HAL_TIM_OC_DelayElapsedCallback  stm32f4xx_hal_tim.o
    0x080051a6   0x080051a6   0x00000002   Code   RO         1999    i.HAL_TIM_PWM_PulseFinishedCallback  stm32f4xx_hal_tim.o
    0x080051a8   0x080051a8   0x00000024   Code   RO          680    i.HAL_TIM_PeriodElapsedCallback  tim.o
    0x080051cc   0x080051cc   0x00000002   Code   RO         2010    i.HAL_TIM_TriggerCallback  stm32f4xx_hal_tim.o
    0x080051ce   0x080051ce   0x00000004   Code   RO          553    i.HardFault_Handler  stm32f4xx_it.o
    0x080051d2   0x080051d2   0x00000034   Code   RO         3467    i.I2C_IsAcknowledgeFailed  stm32f4xx_hal_i2c.o
    0x08005206   0x08005206   0x00000002   PAD
    0x08005208   0x08005208   0x00000158   Code   RO         3477    i.I2C_RequestMemoryRead  stm32f4xx_hal_i2c.o
    0x08005360   0x08005360   0x000000e0   Code   RO         3478    i.I2C_RequestMemoryWrite  stm32f4xx_hal_i2c.o
    0x08005440   0x08005440   0x00000056   Code   RO         3486    i.I2C_WaitOnBTFFlagUntilTimeout  stm32f4xx_hal_i2c.o
    0x08005496   0x08005496   0x0000007c   Code   RO         3487    i.I2C_WaitOnFlagUntilTimeout  stm32f4xx_hal_i2c.o
    0x08005512   0x08005512   0x000000ac   Code   RO         3488    i.I2C_WaitOnMasterAddressFlagUntilTimeout  stm32f4xx_hal_i2c.o
    0x080055be   0x080055be   0x0000006e   Code   RO         3489    i.I2C_WaitOnRXNEFlagUntilTimeout  stm32f4xx_hal_i2c.o
    0x0800562c   0x0800562c   0x00000056   Code   RO         3491    i.I2C_WaitOnTXEFlagUntilTimeout  stm32f4xx_hal_i2c.o
    0x08005682   0x08005682   0x00000002   PAD
    0x08005684   0x08005684   0x00000014   Code   RO         1114    i.I2Cx_Error        stm32f429i_discovery.o
    0x08005698   0x08005698   0x00000060   Code   RO         1115    i.I2Cx_ITConfig     stm32f429i_discovery.o
    0x080056f8   0x080056f8   0x00000044   Code   RO         1116    i.I2Cx_Init         stm32f429i_discovery.o
    0x0800573c   0x0800573c   0x000000e8   Code   RO         1117    i.I2Cx_MspInit      stm32f429i_discovery.o
    0x08005824   0x08005824   0x00000044   Code   RO         1118    i.I2Cx_ReadBuffer   stm32f429i_discovery.o
    0x08005868   0x08005868   0x00000040   Code   RO         1119    i.I2Cx_ReadData     stm32f429i_discovery.o
    0x080058a8   0x080058a8   0x00000038   Code   RO         1121    i.I2Cx_WriteData    stm32f429i_discovery.o
    0x080058e0   0x080058e0   0x0000000c   Code   RO         1122    i.IOE_Delay         stm32f429i_discovery.o
    0x080058ec   0x080058ec   0x00000008   Code   RO         1123    i.IOE_ITConfig      stm32f429i_discovery.o
    0x080058f4   0x080058f4   0x00000008   Code   RO         1124    i.IOE_Init          stm32f429i_discovery.o
    0x080058fc   0x080058fc   0x00000010   Code   RO         1125    i.IOE_Read          stm32f429i_discovery.o
    0x0800590c   0x0800590c   0x0000001c   Code   RO         1126    i.IOE_ReadMultiple  stm32f429i_discovery.o
    0x08005928   0x08005928   0x00000014   Code   RO         1127    i.IOE_Write         stm32f429i_discovery.o
    0x0800593c   0x0800593c   0x0000000c   Code   RO          458    i.IsCalibrationDone  ts_calibration.o
    0x08005948   0x08005948   0x00000002   Code   RO         1014    i.L3GD20_DeInit     l3gd20.o
    0x0800594a   0x0800594a   0x00000042   Code   RO         1015    i.L3GD20_DisableIT  l3gd20.o
    0x0800598c   0x0800598c   0x0000004a   Code   RO         1016    i.L3GD20_EnableIT   l3gd20.o
    0x080059d6   0x080059d6   0x0000002c   Code   RO         1017    i.L3GD20_FilterCmd  l3gd20.o
    0x08005a02   0x08005a02   0x0000002c   Code   RO         1018    i.L3GD20_FilterConfig  l3gd20.o
    0x08005a2e   0x08005a2e   0x0000005e   Code   RO         1020    i.L3GD20_INT1InterruptConfig  l3gd20.o
    0x08005a8c   0x08005a8c   0x0000002a   Code   RO         1021    i.L3GD20_Init       l3gd20.o
    0x08005ab6   0x08005ab6   0x00000018   Code   RO         1022    i.L3GD20_LowPower   l3gd20.o
    0x08005ace   0x08005ace   0x00000016   Code   RO         1023    i.L3GD20_ReadID     l3gd20.o
    0x08005ae4   0x08005ae4   0x000000f8   Code   RO         1024    i.L3GD20_ReadXYZAngRate  l3gd20.o
    0x08005bdc   0x08005bdc   0x00000022   Code   RO         1025    i.L3GD20_RebootCmd  l3gd20.o
    0x08005bfe   0x08005bfe   0x0000000c   Code   RO         1129    i.LCD_Delay         stm32f429i_discovery.o
    0x08005c0a   0x08005c0a   0x00000002   PAD
    0x08005c0c   0x08005c0c   0x000000e8   Code   RO         1130    i.LCD_IO_Init       stm32f429i_discovery.o
    0x08005cf4   0x08005cf4   0x0000004c   Code   RO         1131    i.LCD_IO_ReadData   stm32f429i_discovery.o
    0x08005d40   0x08005d40   0x00000034   Code   RO         1132    i.LCD_IO_WriteData  stm32f429i_discovery.o
    0x08005d74   0x08005d74   0x00000034   Code   RO         1133    i.LCD_IO_WriteReg   stm32f429i_discovery.o
    0x08005da8   0x08005da8   0x0000001c   Code   RO           69    i.LCD_LOG_ClearTextZone  lcd_log.o
    0x08005dc4   0x08005dc4   0x00000068   Code   RO           70    i.LCD_LOG_DeInit    lcd_log.o
    0x08005e2c   0x08005e2c   0x00000010   Code   RO           71    i.LCD_LOG_Init      lcd_log.o
    0x08005e3c   0x08005e3c   0x0000007c   Code   RO           74    i.LCD_LOG_SetFooter  lcd_log.o
    0x08005eb8   0x08005eb8   0x0000006c   Code   RO           75    i.LCD_LOG_SetHeader  lcd_log.o
    0x08005f24   0x08005f24   0x000000c4   Code   RO           76    i.LCD_LOG_UpdateDisplay  lcd_log.o
    0x08005fe8   0x08005fe8   0x00000114   Code   RO          257    i.LCD_SetHint       lcd.o
    0x080060fc   0x080060fc   0x00000308   Code   RO          258    i.LCD_Show_Feature  lcd.o
    0x08006404   0x08006404   0x00000048   Code   RO          259    i.LCD_demo          lcd.o
    0x0800644c   0x0800644c   0x00000212   Code   RO         4297    i.LTDC_SetConfig    stm32f4xx_hal_ltdc.o
    0x0800665e   0x0800665e   0x00000002   PAD
    0x08006660   0x08006660   0x000000cc   Code   RO          389    i.Log_demo          log.o
    0x0800672c   0x0800672c   0x0000010c   Code   RO          418    i.MEMS_SetHint      mems.o
    0x08006838   0x08006838   0x00000310   Code   RO          419    i.MEMS_demo         mems.o
    0x08006b48   0x08006b48   0x00000004   Code   RO          554    i.MemManage_Handler  stm32f4xx_it.o
    0x08006b4c   0x08006b4c   0x00000002   Code   RO          555    i.NMI_Handler       stm32f4xx_it.o
    0x08006b4e   0x08006b4e   0x00000002   Code   RO          556    i.PendSV_Handler    stm32f4xx_it.o
    0x08006b50   0x08006b50   0x00000028   Code   RO         2982    i.SPI_CheckFlag_BSY  stm32f4xx_hal_spi.o
    0x08006b78   0x08006b78   0x000000aa   Code   RO         3002    i.SPI_WaitFlagStateUntilTimeout  stm32f4xx_hal_spi.o
    0x08006c22   0x08006c22   0x00000002   PAD
    0x08006c24   0x08006c24   0x00000014   Code   RO         1134    i.SPIx_Error        stm32f429i_discovery.o
    0x08006c38   0x08006c38   0x00000054   Code   RO         1135    i.SPIx_Init         stm32f429i_discovery.o
    0x08006c8c   0x08006c8c   0x00000074   Code   RO         1136    i.SPIx_MspInit      stm32f429i_discovery.o
    0x08006d00   0x08006d00   0x00000028   Code   RO         1137    i.SPIx_Read         stm32f429i_discovery.o
    0x08006d28   0x08006d28   0x00000024   Code   RO         1138    i.SPIx_Write        stm32f429i_discovery.o
    0x08006d4c   0x08006d4c   0x00000030   Code   RO         1139    i.SPIx_WriteRead    stm32f429i_discovery.o
    0x08006d7c   0x08006d7c   0x00000002   Code   RO          557    i.SVC_Handler       stm32f4xx_it.o
    0x08006d7e   0x08006d7e   0x00000002   PAD
    0x08006d80   0x08006d80   0x00000038   Code   RO          639    i.SendFrame         ir_rmt_txr.o
    0x08006db8   0x08006db8   0x0000000c   Code   RO          558    i.SysTick_Handler   stm32f4xx_it.o
    0x08006dc4   0x08006dc4   0x000000bc   Code   RO          326    i.SystemClock_Config  main.o
    0x08006e80   0x08006e80   0x00000064   Code   RO            5    i.SystemInit        system_stm32f4xx.o
    0x08006ee4   0x08006ee4   0x0000004c   Code   RO          681    i.TIM1_Init         tim.o
    0x08006f30   0x08006f30   0x00000010   Code   RO          559    i.TIM1_UP_TIM10_IRQHandler  stm32f4xx_it.o
    0x08006f40   0x08006f40   0x000000e4   Code   RO         2011    i.TIM_Base_SetConfig  stm32f4xx_hal_tim.o
    0x08007024   0x08007024   0x00000018   Code   RO         2018    i.TIM_ETR_SetConfig  stm32f4xx_hal_tim.o
    0x0800703c   0x0800703c   0x00000014   Code   RO         2019    i.TIM_ITRx_SetConfig  stm32f4xx_hal_tim.o
    0x08007050   0x08007050   0x0000002a   Code   RO         2025    i.TIM_TI1_ConfigInputStage  stm32f4xx_hal_tim.o
    0x0800707a   0x0800707a   0x0000002c   Code   RO         2027    i.TIM_TI2_ConfigInputStage  stm32f4xx_hal_tim.o
    0x080070a6   0x080070a6   0x00000002   PAD
    0x080070a8   0x080070a8   0x000000c8   Code   RO          459    i.TouchscreenCalibration_SetHint  ts_calibration.o
    0x08007170   0x08007170   0x000001ac   Code   RO          460    i.Touchscreen_Calibration  ts_calibration.o
    0x0800731c   0x0800731c   0x00000294   Code   RO          514    i.Touchscreen_DrawBackground  touchscreen.o
    0x080075b0   0x080075b0   0x00000118   Code   RO          515    i.Touchscreen_SetHint  touchscreen.o
    0x080076c8   0x080076c8   0x00000290   Code   RO          516    i.Touchscreen_demo  touchscreen.o
    0x08007958   0x08007958   0x00000004   Code   RO          560    i.UsageFault_Handler  stm32f4xx_it.o
    0x0800795c   0x0800795c   0x0000004c   Code   RO          461    i.WaitForPressedState  ts_calibration.o
    0x080079a8   0x080079a8   0x00000020   Code   RO         5734    i.__0printf$8       mc_w.l(printf8.o)
    0x080079c8   0x080079c8   0x00000028   Code   RO         5736    i.__0sprintf$8      mc_w.l(printf8.o)
    0x080079f0   0x080079f0   0x00000010   Code   RO         2823    i.__NVIC_GetPriorityGrouping  stm32f4xx_hal_cortex.o
    0x08007a00   0x08007a00   0x00000028   Code   RO         2824    i.__NVIC_SetPriority  stm32f4xx_hal_cortex.o
    0x08007a28   0x08007a28   0x0000000e   Code   RO         5830    i.__scatterload_copy  mc_w.l(handlers.o)
    0x08007a36   0x08007a36   0x00000002   Code   RO         5831    i.__scatterload_null  mc_w.l(handlers.o)
    0x08007a38   0x08007a38   0x0000000e   Code   RO         5832    i.__scatterload_zeroinit  mc_w.l(handlers.o)
    0x08007a46   0x08007a46   0x00000002   PAD
    0x08007a48   0x08007a48   0x00000410   Code   RO         5741    i._printf_core      mc_w.l(printf8.o)
    0x08007e58   0x08007e58   0x00000024   Code   RO         5742    i._printf_post_padding  mc_w.l(printf8.o)
    0x08007e7c   0x08007e7c   0x0000002e   Code   RO         5743    i._printf_pre_padding  mc_w.l(printf8.o)
    0x08007eaa   0x08007eaa   0x0000000a   Code   RO         5745    i._sputc            mc_w.l(printf8.o)
    0x08007eb4   0x08007eb4   0x00000178   Code   RO           77    i.fputc             lcd_log.o
    0x0800802c   0x0800802c   0x0000000a   Code   RO          724    i.ili9341_DisplayOff  ili9341.o
    0x08008036   0x08008036   0x0000000a   Code   RO          725    i.ili9341_DisplayOn  ili9341.o
    0x08008040   0x08008040   0x00000006   Code   RO          726    i.ili9341_GetLcdPixelHeight  ili9341.o
    0x08008046   0x08008046   0x00000004   Code   RO          727    i.ili9341_GetLcdPixelWidth  ili9341.o
    0x0800804a   0x0800804a   0x00000290   Code   RO          728    i.ili9341_Init      ili9341.o
    0x080082da   0x080082da   0x00000010   Code   RO          729    i.ili9341_ReadData  ili9341.o
    0x080082ea   0x080082ea   0x00000012   Code   RO          730    i.ili9341_ReadID    ili9341.o
    0x080082fc   0x080082fc   0x0000000c   Code   RO          731    i.ili9341_WriteData  ili9341.o
    0x08008308   0x08008308   0x0000000c   Code   RO          732    i.ili9341_WriteReg  ili9341.o
    0x08008314   0x08008314   0x0000008c   Code   RO          328    i.main              main.o
    0x080083a0   0x080083a0   0x00000012   Code   RO          793    i.stmpe811_ClearGlobalIT  stmpe811.o
    0x080083b2   0x080083b2   0x00000020   Code   RO          794    i.stmpe811_DisableGlobalIT  stmpe811.o
    0x080083d2   0x080083d2   0x00000020   Code   RO          795    i.stmpe811_DisableITSource  stmpe811.o
    0x080083f2   0x080083f2   0x00000020   Code   RO          796    i.stmpe811_EnableGlobalIT  stmpe811.o
    0x08008412   0x08008412   0x00000020   Code   RO          797    i.stmpe811_EnableITSource  stmpe811.o
    0x08008432   0x08008432   0x00000002   PAD
    0x08008434   0x08008434   0x00000024   Code   RO          798    i.stmpe811_GetInstance  stmpe811.o
    0x08008458   0x08008458   0x00000038   Code   RO          800    i.stmpe811_IO_ClearIT  stmpe811.o
    0x08008490   0x08008490   0x000000ea   Code   RO          801    i.stmpe811_IO_Config  stmpe811.o
    0x0800857a   0x0800857a   0x00000022   Code   RO          802    i.stmpe811_IO_DisableAF  stmpe811.o
    0x0800859c   0x0800859c   0x00000014   Code   RO          803    i.stmpe811_IO_DisableIT  stmpe811.o
    0x080085b0   0x080085b0   0x00000020   Code   RO          805    i.stmpe811_IO_EnableAF  stmpe811.o
    0x080085d0   0x080085d0   0x00000018   Code   RO          806    i.stmpe811_IO_EnableIT  stmpe811.o
    0x080085e8   0x080085e8   0x00000022   Code   RO          807    i.stmpe811_IO_EnablePinIT  stmpe811.o
    0x0800860a   0x0800860a   0x00000012   Code   RO          808    i.stmpe811_IO_ITStatus  stmpe811.o
    0x0800861c   0x0800861c   0x0000002e   Code   RO          809    i.stmpe811_IO_InitPin  stmpe811.o
    0x0800864a   0x0800864a   0x00000012   Code   RO          810    i.stmpe811_IO_ReadPin  stmpe811.o
    0x0800865c   0x0800865c   0x00000056   Code   RO          811    i.stmpe811_IO_SetEdgeMode  stmpe811.o
    0x080086b2   0x080086b2   0x00000028   Code   RO          812    i.stmpe811_IO_Start  stmpe811.o
    0x080086da   0x080086da   0x00000022   Code   RO          813    i.stmpe811_IO_WritePin  stmpe811.o
    0x080086fc   0x080086fc   0x00000030   Code   RO          814    i.stmpe811_Init     stmpe811.o
    0x0800872c   0x0800872c   0x00000012   Code   RO          815    i.stmpe811_ReadGITStatus  stmpe811.o
    0x0800873e   0x0800873e   0x00000020   Code   RO          816    i.stmpe811_ReadID   stmpe811.o
    0x0800875e   0x0800875e   0x00000026   Code   RO          817    i.stmpe811_Reset    stmpe811.o
    0x08008784   0x08008784   0x00000024   Code   RO          818    i.stmpe811_SetITPolarity  stmpe811.o
    0x080087a8   0x080087a8   0x00000024   Code   RO          819    i.stmpe811_SetITType  stmpe811.o
    0x080087cc   0x080087cc   0x0000000e   Code   RO          820    i.stmpe811_TS_ClearIT  stmpe811.o
    0x080087da   0x080087da   0x0000003c   Code   RO          821    i.stmpe811_TS_DetectTouch  stmpe811.o
    0x08008816   0x08008816   0x00000014   Code   RO          822    i.stmpe811_TS_DisableIT  stmpe811.o
    0x0800882a   0x0800882a   0x00000018   Code   RO          823    i.stmpe811_TS_EnableIT  stmpe811.o
    0x08008842   0x08008842   0x00000058   Code   RO          824    i.stmpe811_TS_GetXY  stmpe811.o
    0x0800889a   0x0800889a   0x0000000e   Code   RO          825    i.stmpe811_TS_ITStatus  stmpe811.o
    0x080088a8   0x080088a8   0x000000a4   Code   RO          826    i.stmpe811_TS_Start  stmpe811.o
    0x0800894c   0x0800894c   0x00000018   Data   RO            6    .constdata          system_stm32f4xx.o
    0x08008964   0x08008964   0x00000018   Data   RO          260    .constdata          lcd.o
    0x0800897c   0x0800897c   0x000023d6   Data   RO          329    .constdata          main.o
    0x0800ad52   0x0800ad52   0x0000000b   Data   RO         1141    .constdata          stm32f429i_discovery.o
    0x0800ad5d   0x0800ad5d   0x00003cdc   Data   RO         1442    .constdata          stm32f429i_discovery_lcd.o
    0x0800ea39   0x0800ea39   0x00000008   Data   RO         3327    .constdata          stm32f4xx_hal_dma.o
    0x0800ea41   0x0800ea41   0x00000003   PAD
    0x0800ea44   0x0800ea44   0x00000020   Data   RO         5828    Region$$Table       anon$$obj.o


    Execution Region RW_IRAM1 (Exec base: 0x20000000, Load base: 0x0800ea64, Size: 0x000049d0, Max: 0x00030000, ABSOLUTE, COMPRESSED[0x0000016c])

    Exec Addr    Load Addr    Size         Type   Attr      Idx    E Section Name        Object

    0x20000000   COMPRESSED   0x00000004   Data   RW            7    .data               system_stm32f4xx.o
    0x20000004   COMPRESSED   0x00000014   Data   RW           79    .data               lcd_log.o
    0x20000018   COMPRESSED   0x00000001   Data   RW          261    .data               lcd.o
    0x20000019   COMPRESSED   0x00000003   PAD
    0x2000001c   COMPRESSED   0x00000135   Data   RW          330    .data               main.o
    0x20000151   COMPRESSED   0x00000003   PAD
    0x20000154   COMPRESSED   0x0000000d   Data   RW          421    .data               mems.o
    0x20000161   COMPRESSED   0x00000001   PAD
    0x20000162   COMPRESSED   0x00000022   Data   RW          462    .data               ts_calibration.o
    0x20000184   COMPRESSED   0x00000008   Data   RW          517    .data               touchscreen.o
    0x2000018c   COMPRESSED   0x0000013c   Data   RW          641    .data               ir_rmt_txr.o
    0x200002c8   COMPRESSED   0x00000038   Data   RW          733    .data               ili9341.o
    0x20000300   COMPRESSED   0x00000056   Data   RW          827    .data               stmpe811.o
    0x20000356   COMPRESSED   0x00000002   PAD
    0x20000358   COMPRESSED   0x00000034   Data   RW         1026    .data               l3gd20.o
    0x2000038c   COMPRESSED   0x0000001d   Data   RW         1142    .data               stm32f429i_discovery.o
    0x200003a9   COMPRESSED   0x00000003   PAD
    0x200003ac   COMPRESSED   0x00000030   Data   RW         1443    .data               stm32f429i_discovery_lcd.o
    0x200003dc   COMPRESSED   0x00000001   Data   RW         1743    .data               stm32f429i_discovery_sdram.o
    0x200003dd   COMPRESSED   0x00000003   PAD
    0x200003e0   COMPRESSED   0x00000010   Data   RW         1818    .data               stm32f429i_discovery_ts.o
    0x200003f0   COMPRESSED   0x00000004   Data   RW         1870    .data               stm32f429i_discovery_gyroscope.o
    0x200003f4   COMPRESSED   0x00000004   Data   RW         5059    .data               stm32f4xx_hal.o
    0x200003f8   COMPRESSED   0x00000004   Data   RW         5802    .data               mc_w.l(stdout.o)
    0x200003fc        -       0x00003c54   Zero   RW           78    .bss                lcd_log.o
    0x20004050        -       0x0000000c   Zero   RW          420    .bss                mems.o
    0x2000405c        -       0x00000200   Zero   RW          640    .bss                ir_rmt_txr.o
    0x2000425c        -       0x00000078   Zero   RW          682    .bss                tim.o
    0x200042d4        -       0x000000ac   Zero   RW         1140    .bss                stm32f429i_discovery.o
    0x20004380        -       0x00000130   Zero   RW         1441    .bss                stm32f429i_discovery_lcd.o
    0x200044b0        -       0x00000120   Zero   RW         1742    .bss                stm32f429i_discovery_sdram.o
    0x200045d0        -       0x00000400   Zero   RW         5509    STACK               startup_stm32f429xx.o


==============================================================================

Image component sizes


      Code (inc. data)   RO Data    RW Data    ZI Data      Debug   Object Name

       744          0          0         56          0       7912   ili9341.o
       920        200          0        316        512       3466   ir_rmt_txr.o
       694         16          0         52          0       9822   l3gd20.o
      1124        222         24          1          0       5227   lcd.o
       952        136          0         20      15444     179285   lcd_log.o
       204         70          0          0          0        679   log.o
       374         24       9174        309          0       5291   main.o
      1864        214          0         13         12       3438   mems.o
        36          8        428          0       1024        896   startup_stm32f429xx.o
      2228        256         11         29        172      26647   stm32f429i_discovery.o
       244         18          0          4          0       3247   stm32f429i_discovery_gyroscope.o
      4858        282      15580         48        304      36530   stm32f429i_discovery_lcd.o
       788         62          0          1        288       4679   stm32f429i_discovery_sdram.o
       392         40          0         16          0       2860   stm32f429i_discovery_ts.o
       160         20          0          4          0       5861   stm32f4xx_hal.o
       354         22          0          0          0      37013   stm32f4xx_hal_cortex.o
       556         10          8          0          0       4108   stm32f4xx_hal_dma.o
      1056         12          0          0          0       7095   stm32f4xx_hal_dma2d.o
       604         58          0          0          0       4955   stm32f4xx_hal_gpio.o
      2766         40          0          0          0      15720   stm32f4xx_hal_i2c.o
       978         12          0          0          0       4786   stm32f4xx_hal_ltdc.o
       164         12          0          0          0       1524   stm32f4xx_hal_pwr_ex.o
      1800         72          0          0          0       5589   stm32f4xx_hal_rcc.o
       880         24          0          0          0       1812   stm32f4xx_hal_rcc_ex.o
       164          0          0          0          0       3884   stm32f4xx_hal_sdram.o
      2180          0          0          0          0      10688   stm32f4xx_hal_spi.o
      1216         44          0          0          0      11830   stm32f4xx_hal_tim.o
       102          0          0          0          0       2814   stm32f4xx_hal_tim_ex.o
        62          6          0          0          0       6108   stm32f4xx_it.o
       368          4          0          0          0       4120   stm32f4xx_ll_fmc.o
      1450         14          0         86          0      28313   stmpe811.o
       100         18         24          4          0     611255   system_stm32f4xx.o
       184         26          0          0        120       2686   tim.o
      1596        182          0          8          0       2547   touchscreen.o
       904        208          0         34          0       5572   ts_calibration.o

    ----------------------------------------------------------------------
     33096       2332      25284       1016      17876    1068259   Object Totals
         0          0         32          0          0          0   (incl. Generated)
        30          0          3         15          0          0   (incl. Padding)

    ----------------------------------------------------------------------

      Code (inc. data)   RO Data    RW Data    ZI Data      Debug   Library Member Name

        86          0          0          0          0          0   __dczerorl2.o
         0          0          0          0          0          0   entry.o
         0          0          0          0          0          0   entry10a.o
         0          0          0          0          0          0   entry11a.o
         8          4          0          0          0          0   entry2.o
         4          0          0          0          0          0   entry5.o
         0          0          0          0          0          0   entry7b.o
         0          0          0          0          0          0   entry8b.o
         8          4          0          0          0          0   entry9a.o
        30          0          0          0          0          0   handlers.o
        36          8          0          0          0         68   init.o
        30          0          0          0          0         68   llshl.o
        32          0          0          0          0         68   llushr.o
        36          0          0          0          0         68   memcpya.o
        36          0          0          0          0        108   memseta.o
      1204         60          0          0          0        504   printf8.o
         0          0          0          4          0          0   stdout.o
        14          0          0          0          0         68   strlen.o
        98          0          0          0          0         92   uldiv.o

    ----------------------------------------------------------------------
      1624         76          0          4          0       1044   Library Totals
         2          0          0          0          0          0   (incl. Padding)

    ----------------------------------------------------------------------

      Code (inc. data)   RO Data    RW Data    ZI Data      Debug   Library Name

      1622         76          0          4          0       1044   mc_w.l

    ----------------------------------------------------------------------
      1624         76          0          4          0       1044   Library Totals

    ----------------------------------------------------------------------

==============================================================================


      Code (inc. data)   RO Data    RW Data    ZI Data      Debug   

     34720       2408      25284       1020      17876    1043719   Grand Totals
     34720       2408      25284        364      17876    1043719   ELF Image Totals (compressed)
     34720       2408      25284        364          0          0   ROM Totals

==============================================================================

    Total RO  Size (Code + RO Data)                60004 (  58.60kB)
    Total RW  Size (RW Data + ZI Data)             18896 (  18.45kB)
    Total ROM Size (Code + RO Data + RW Data)      60368 (  58.95kB)

==============================================================================

